<!doctype html public "-//w3c//dtd html 4.0 transitional//en">
<html><head>
<title>Static Call Graph - [C:\Academics\ERTS\Project\Object_Classifier\Object_Classifier.axf]</title></head>
<body><HR>
<H1>Static Call Graph for image C:\Academics\ERTS\Project\Object_Classifier\Object_Classifier.axf</H1><HR>
<BR><P>#&#060CALLGRAPH&#062# ARM Linker, RVCT4.0 [Build 728]: Last Updated: Fri Apr 18 00:38:00 2014
<BR><P>
<H3>Maximum Stack Usage =         88 bytes + Unknown(Functions without stacksize, Cycles, Untraceable Function Pointers)</H3><H3>
Call chain for Maximum Stack Depth:</H3>
main &rArr; LCD_Print &rArr; LCD_Cursor &rArr; LCD_Command
<P>
<H3>
Functions with no stack information
</H3><UL>
 <LI><a href="#[20f2568]">Reset_Handler</a>
 <LI><a href="#[20f25a4]">__user_initial_stackheap</a>
 <LI><a href="#[20f27c0]">Undef_Handler</a>
 <LI><a href="#[20f2784]">SWI_Handler</a>
 <LI><a href="#[20f2748]">PAbt_Handler</a>
 <LI><a href="#[20f270c]">DAbt_Handler</a>
 <LI><a href="#[20f26d0]">IRQ_Handler</a>
 <LI><a href="#[20f2694]">FIQ_Handler</a>
</UL>
</UL>
<P>
<H3>
Mutually Recursive functions
</H3> <LI><a href="#[20f27c0]">Undef_Handler</a>&nbsp;&nbsp;&nbsp;&rArr;&nbsp;&nbsp;&nbsp;<a href="#[20f27c0]">Undef_Handler</a><BR>
 <LI><a href="#[20f2784]">SWI_Handler</a>&nbsp;&nbsp;&nbsp;&rArr;&nbsp;&nbsp;&nbsp;<a href="#[20f2784]">SWI_Handler</a><BR>
 <LI><a href="#[20f2748]">PAbt_Handler</a>&nbsp;&nbsp;&nbsp;&rArr;&nbsp;&nbsp;&nbsp;<a href="#[20f2748]">PAbt_Handler</a><BR>
 <LI><a href="#[20f270c]">DAbt_Handler</a>&nbsp;&nbsp;&nbsp;&rArr;&nbsp;&nbsp;&nbsp;<a href="#[20f270c]">DAbt_Handler</a><BR>
 <LI><a href="#[20f26d0]">IRQ_Handler</a>&nbsp;&nbsp;&nbsp;&rArr;&nbsp;&nbsp;&nbsp;<a href="#[20f26d0]">IRQ_Handler</a><BR>
 <LI><a href="#[20f2694]">FIQ_Handler</a>&nbsp;&nbsp;&nbsp;&rArr;&nbsp;&nbsp;&nbsp;<a href="#[20f2694]">FIQ_Handler</a><BR>
</UL>
<P>
<H3>
Function Pointers
</H3><UL>
 <LI><a href="#[20f2568]">Reset_Handler</a>
 <LI><a href="#[20f27c0]">Undef_Handler</a>
 <LI><a href="#[20f2784]">SWI_Handler</a>
 <LI><a href="#[20f2748]">PAbt_Handler</a>
 <LI><a href="#[20f270c]">DAbt_Handler</a>
 <LI><a href="#[20f26d0]">IRQ_Handler</a>
 <LI><a href="#[20f2694]">FIQ_Handler</a>
 <LI><a href="#[20efac0]">__main</a>
 <LI><a href="#[20f12e4]">main</a>
 <LI><a href="#[20e74ec]">__I$use$semihosting</a>
</UL>
<P>
<H3>
Global Symbols
</H3>
<P><STRONG><a name="[20f2568]"></a>Reset_Handler</STRONG> (ARM, 0 bytes, Stack size unknown bytes, startup.o(RESET))
<BR>[Address Reference Count : 1]<UL><LI> startup.o(RESET)
</UL>
<P><STRONG><a name="[20efac0]"></a>__main</STRONG> (ARM, 8 bytes, Stack size 0 bytes, __main.o(!!!main))
<BR><BR>[Calls]<UL><LI><a href="#[20e4fe4]">&gt;&gt;</a>&nbsp;&nbsp;&nbsp;__scatterload
<LI><a href="#[20ed810]">&gt;&gt;</a>&nbsp;&nbsp;&nbsp;__rt_entry
</UL>

<P><STRONG><a name="[20e4fe4]"></a>__scatterload</STRONG> (ARM, 0 bytes, Stack size unknown bytes, __scatter.o(!!!scatter))
<BR><BR>[Called By]<UL><LI><a href="#[20efac0]">&gt;&gt;</a>&nbsp;&nbsp;&nbsp;__main
</UL>

<P><STRONG><a name="[20e4fa8]"></a>__scatterload_rt2</STRONG> (ARM, 52 bytes, Stack size unknown bytes, __scatter.o(!!!scatter), UNUSED)
<BR><BR>[Calls]<UL><LI><a href="#[20ed810]">&gt;&gt;</a>&nbsp;&nbsp;&nbsp;__rt_entry
</UL>

<P><STRONG><a name="[20e4f6c]"></a>__scatterload_null</STRONG> (ARM, 0 bytes, Stack size unknown bytes, __scatter.o(!!!scatter), UNUSED)

<P><STRONG><a name="[20e4dc8]"></a>__scatterload_copy</STRONG> (ARM, 40 bytes, Stack size unknown bytes, __scatter_copy.o(!!handler_copy), UNUSED)
<BR><BR>[Calls]<UL><LI><a href="#[20e4dc8]">&gt;&gt;</a>&nbsp;&nbsp;&nbsp;__scatterload_copy
</UL>
<BR>[Called By]<UL><LI><a href="#[20e4dc8]">&gt;&gt;</a>&nbsp;&nbsp;&nbsp;__scatterload_copy
</UL>

<P><STRONG><a name="[20e4cd8]"></a>__scatterload_zeroinit</STRONG> (ARM, 44 bytes, Stack size unknown bytes, __scatter_zi.o(!!handler_zi), UNUSED)

<P><STRONG><a name="[20ea624]"></a>__rt_lib_init</STRONG> (Thumb, 0 bytes, Stack size unknown bytes, libinit.o(.ARM.Collect$$libinit$$00000000))
<BR><BR>[Stack]<UL><LI>Max Depth = 8 + Unknown Stack Size
<LI>Call Chain = __rt_lib_init &rArr; _fp_init
</UL>
<BR>[Calls]<UL><LI><a href="#[20e820c]">&gt;&gt;</a>&nbsp;&nbsp;&nbsp;_fp_init (via Veneer)
</UL>
<BR>[Called By]<UL><LI><a href="#[20ebd94]">&gt;&gt;</a>&nbsp;&nbsp;&nbsp;__rt_entry_li (via Veneer)
</UL>

<P><STRONG><a name="[20e889c]"></a>__rt_lib_init_alloca_1</STRONG> (Thumb, 0 bytes, Stack size unknown bytes, libinit2.o(.ARM.Collect$$libinit$$0000002A))

<P><STRONG><a name="[20e8914]"></a>__rt_lib_init_argv_1</STRONG> (Thumb, 0 bytes, Stack size unknown bytes, libinit2.o(.ARM.Collect$$libinit$$00000028))

<P><STRONG><a name="[20e8cd4]"></a>__rt_lib_init_atexit_1</STRONG> (Thumb, 0 bytes, Stack size unknown bytes, libinit2.o(.ARM.Collect$$libinit$$00000017))

<P><STRONG><a name="[20e8b6c]"></a>__rt_lib_init_clock_1</STRONG> (Thumb, 0 bytes, Stack size unknown bytes, libinit2.o(.ARM.Collect$$libinit$$0000001D))

<P><STRONG><a name="[20e87ac]"></a>__rt_lib_init_cpp_1</STRONG> (Thumb, 0 bytes, Stack size unknown bytes, libinit2.o(.ARM.Collect$$libinit$$0000002E))

<P><STRONG><a name="[20e8824]"></a>__rt_lib_init_exceptions_1</STRONG> (Thumb, 0 bytes, Stack size unknown bytes, libinit2.o(.ARM.Collect$$libinit$$0000002C))

<P><STRONG><a name="[20e8be4]"></a>__rt_lib_init_fp_trap_1</STRONG> (Thumb, 0 bytes, Stack size unknown bytes, libinit2.o(.ARM.Collect$$libinit$$0000001B))

<P><STRONG><a name="[20e8af4]"></a>__rt_lib_init_getenv_1</STRONG> (Thumb, 0 bytes, Stack size unknown bytes, libinit2.o(.ARM.Collect$$libinit$$0000001F))

<P><STRONG><a name="[20e90d0]"></a>__rt_lib_init_heap_1</STRONG> (Thumb, 0 bytes, Stack size unknown bytes, libinit2.o(.ARM.Collect$$libinit$$00000006))

<P><STRONG><a name="[20e8f2c]"></a>__rt_lib_init_lc_collate_1</STRONG> (Thumb, 0 bytes, Stack size unknown bytes, libinit2.o(.ARM.Collect$$libinit$$0000000D))

<P><STRONG><a name="[20e8eb4]"></a>__rt_lib_init_lc_ctype_1</STRONG> (Thumb, 0 bytes, Stack size unknown bytes, libinit2.o(.ARM.Collect$$libinit$$0000000F))

<P><STRONG><a name="[20e8e3c]"></a>__rt_lib_init_lc_monetary_1</STRONG> (Thumb, 0 bytes, Stack size unknown bytes, libinit2.o(.ARM.Collect$$libinit$$00000011))

<P><STRONG><a name="[20e8dc4]"></a>__rt_lib_init_lc_numeric_1</STRONG> (Thumb, 0 bytes, Stack size unknown bytes, libinit2.o(.ARM.Collect$$libinit$$00000013))

<P><STRONG><a name="[20e8d4c]"></a>__rt_lib_init_lc_time_1</STRONG> (Thumb, 0 bytes, Stack size unknown bytes, libinit2.o(.ARM.Collect$$libinit$$00000015))

<P><STRONG><a name="[20e8fe0]"></a>__rt_lib_init_rand_1</STRONG> (Thumb, 0 bytes, Stack size unknown bytes, libinit2.o(.ARM.Collect$$libinit$$0000000A))

<P><STRONG><a name="[20e8770]"></a>__rt_lib_init_return</STRONG> (Thumb, 0 bytes, Stack size unknown bytes, libinit2.o(.ARM.Collect$$libinit$$0000002F))

<P><STRONG><a name="[20e8c5c]"></a>__rt_lib_init_signal_1</STRONG> (Thumb, 0 bytes, Stack size unknown bytes, libinit2.o(.ARM.Collect$$libinit$$00000019))

<P><STRONG><a name="[20e8a7c]"></a>__rt_lib_init_stdio_1</STRONG> (Thumb, 0 bytes, Stack size unknown bytes, libinit2.o(.ARM.Collect$$libinit$$00000021))

<P><STRONG><a name="[20e9058]"></a>__rt_lib_init_user_alloc_1</STRONG> (Thumb, 0 bytes, Stack size unknown bytes, libinit2.o(.ARM.Collect$$libinit$$00000008))

<P><STRONG><a name="[20e68bc]"></a>__rt_lib_shutdown</STRONG> (Thumb, 0 bytes, Stack size unknown bytes, libshutdown.o(.ARM.Collect$$libshutdown$$00000000))
<BR><BR>[Called By]<UL><LI><a href="#[20e7e88]">&gt;&gt;</a>&nbsp;&nbsp;&nbsp;__rt_exit_ls (via Veneer)
</UL>

<P><STRONG><a name="[20e5584]"></a>__rt_lib_shutdown_fp_trap_1</STRONG> (Thumb, 0 bytes, Stack size unknown bytes, libshutdown2.o(.ARM.Collect$$libshutdown$$00000006))

<P><STRONG><a name="[20e53a4]"></a>__rt_lib_shutdown_heap_1</STRONG> (Thumb, 0 bytes, Stack size unknown bytes, libshutdown2.o(.ARM.Collect$$libshutdown$$0000000E))

<P><STRONG><a name="[20e5368]"></a>__rt_lib_shutdown_return</STRONG> (Thumb, 0 bytes, Stack size unknown bytes, libshutdown2.o(.ARM.Collect$$libshutdown$$0000000F))

<P><STRONG><a name="[20e54d0]"></a>__rt_lib_shutdown_signal_1</STRONG> (Thumb, 0 bytes, Stack size unknown bytes, libshutdown2.o(.ARM.Collect$$libshutdown$$00000009))

<P><STRONG><a name="[20e5638]"></a>__rt_lib_shutdown_stdio_1</STRONG> (Thumb, 0 bytes, Stack size unknown bytes, libshutdown2.o(.ARM.Collect$$libshutdown$$00000003))

<P><STRONG><a name="[20e5458]"></a>__rt_lib_shutdown_user_alloc_1</STRONG> (Thumb, 0 bytes, Stack size unknown bytes, libshutdown2.o(.ARM.Collect$$libshutdown$$0000000B))

<P><STRONG><a name="[20ed810]"></a>__rt_entry</STRONG> (ARM, 0 bytes, Stack size unknown bytes, rtentry.o(.ARM.Collect$$rtentry$$00000000))
<BR><BR>[Called By]<UL><LI><a href="#[20e4fa8]">&gt;&gt;</a>&nbsp;&nbsp;&nbsp;__scatterload_rt2
<LI><a href="#[20efac0]">&gt;&gt;</a>&nbsp;&nbsp;&nbsp;__main
</UL>

<P><STRONG><a name="[20ebe48]"></a>__rt_entry_presh_1</STRONG> (ARM, 0 bytes, Stack size unknown bytes, rtentry2.o(.ARM.Collect$$rtentry$$00000002))

<P><STRONG><a name="[20ebac4]"></a>__rt_entry_sh</STRONG> (ARM, 0 bytes, Stack size unknown bytes, rtentry4.o(.ARM.Collect$$rtentry$$00000004))
<BR><BR>[Stack]<UL><LI>Max Depth = 8 + Unknown Stack Size
<LI>Call Chain = __rt_entry_sh &rArr; __user_setup_stackheap
</UL>
<BR>[Calls]<UL><LI><a href="#[20eae1c]">&gt;&gt;</a>&nbsp;&nbsp;&nbsp;__user_setup_stackheap
</UL>

<P><STRONG><a name="[20ebd94]"></a>__rt_entry_li</STRONG> (ARM, 0 bytes, Stack size unknown bytes, rtentry2.o(.ARM.Collect$$rtentry$$0000000A))
<BR><BR>[Stack]<UL><LI>Max Depth = 8 + Unknown Stack Size
<LI>Call Chain = __rt_entry_li &rArr; __rt_lib_init &rArr; _fp_init
</UL>
<BR>[Calls]<UL><LI><a href="#[20ea624]">&gt;&gt;</a>&nbsp;&nbsp;&nbsp;__rt_lib_init (via Veneer)
</UL>

<P><STRONG><a name="[20ebdd0]"></a>__rt_entry_postsh_1</STRONG> (ARM, 0 bytes, Stack size unknown bytes, rtentry2.o(.ARM.Collect$$rtentry$$00000009))

<P><STRONG><a name="[20ebce0]"></a>__rt_entry_main</STRONG> (ARM, 0 bytes, Stack size unknown bytes, rtentry2.o(.ARM.Collect$$rtentry$$0000000D))
<BR><BR>[Calls]<UL><LI><a href="#[20eacb4]">&gt;&gt;</a>&nbsp;&nbsp;&nbsp;exit (via BX)
</UL>

<P><STRONG><a name="[20ebd1c]"></a>__rt_entry_postli_1</STRONG> (ARM, 0 bytes, Stack size unknown bytes, rtentry2.o(.ARM.Collect$$rtentry$$0000000C))

<P><STRONG><a name="[20e9fd0]"></a>__rt_exit</STRONG> (ARM, 0 bytes, Stack size unknown bytes, rtexit.o(.ARM.Collect$$rtexit$$00000000))
<BR><BR>[Called By]<UL><LI><a href="#[20eacb4]">&gt;&gt;</a>&nbsp;&nbsp;&nbsp;exit (via Veneer)
</UL>

<P><STRONG><a name="[20e7e88]"></a>__rt_exit_ls</STRONG> (ARM, 0 bytes, Stack size unknown bytes, rtexit2.o(.ARM.Collect$$rtexit$$00000003))
<BR><BR>[Calls]<UL><LI><a href="#[20e68bc]">&gt;&gt;</a>&nbsp;&nbsp;&nbsp;__rt_lib_shutdown (via Veneer)
</UL>

<P><STRONG><a name="[20e7ec4]"></a>__rt_exit_prels_1</STRONG> (ARM, 0 bytes, Stack size unknown bytes, rtexit2.o(.ARM.Collect$$rtexit$$00000002))

<P><STRONG><a name="[20e7e4c]"></a>__rt_exit_exit</STRONG> (ARM, 0 bytes, Stack size unknown bytes, rtexit2.o(.ARM.Collect$$rtexit$$00000004))
<BR><BR>[Calls]<UL><LI><a href="#[20e80a4]">&gt;&gt;</a>&nbsp;&nbsp;&nbsp;_sys_exit
</UL>

<P><STRONG><a name="[20f25a4]"></a>__user_initial_stackheap</STRONG> (ARM, 0 bytes, Stack size unknown bytes, startup.o(.text))
<BR><BR>[Called By]<UL><LI><a href="#[20eae1c]">&gt;&gt;</a>&nbsp;&nbsp;&nbsp;__user_setup_stackheap
</UL>

<P><STRONG><a name="[20f1b90]"></a>Init_ADC_Pin</STRONG> (ARM, 60 bytes, Stack size 0 bytes, main.o(.text))
<BR><BR>[Called By]<UL><LI><a href="#[20f19ec]">&gt;&gt;</a>&nbsp;&nbsp;&nbsp;Init
</UL>

<P><STRONG><a name="[20f1b54]"></a>Init_ADC0</STRONG> (ARM, 16 bytes, Stack size 0 bytes, main.o(.text))
<BR><BR>[Called By]<UL><LI><a href="#[20f19ec]">&gt;&gt;</a>&nbsp;&nbsp;&nbsp;Init
</UL>

<P><STRONG><a name="[20f1b18]"></a>Init_ADC1</STRONG> (ARM, 16 bytes, Stack size 0 bytes, main.o(.text))
<BR><BR>[Called By]<UL><LI><a href="#[20f19ec]">&gt;&gt;</a>&nbsp;&nbsp;&nbsp;Init
</UL>

<P><STRONG><a name="[20f1adc]"></a>AD0_Conversion</STRONG> (ARM, 108 bytes, Stack size 0 bytes, main.o(.text), UNUSED)
<BR><BR>[Called By]<UL><LI><a href="#[20f1320]">&gt;&gt;</a>&nbsp;&nbsp;&nbsp;Sensor_Values
</UL>

<P><STRONG><a name="[20f1aa0]"></a>AD1_Conversion</STRONG> (ARM, 108 bytes, Stack size 0 bytes, main.o(.text), UNUSED)
<BR><BR>[Called By]<UL><LI><a href="#[20f1320]">&gt;&gt;</a>&nbsp;&nbsp;&nbsp;Sensor_Values
</UL>

<P><STRONG><a name="[20f1a64]"></a>Sharp_GP2D12_Estimation</STRONG> (ARM, 180 bytes, Stack size 64 bytes, main.o(.text), UNUSED)
<BR><BR>[Calls]<UL><LI><a href="#[20edea0]">&gt;&gt;</a>&nbsp;&nbsp;&nbsp;pow
<LI><a href="#[20ee29c]">&gt;&gt;</a>&nbsp;&nbsp;&nbsp;__aeabi_i2f
<LI><a href="#[20ee74c]">&gt;&gt;</a>&nbsp;&nbsp;&nbsp;__aeabi_f2iz
<LI><a href="#[20eeb0c]">&gt;&gt;</a>&nbsp;&nbsp;&nbsp;__aeabi_dmul
<LI><a href="#[20eec38]">&gt;&gt;</a>&nbsp;&nbsp;&nbsp;__aeabi_ui2d
<LI><a href="#[20eef44]">&gt;&gt;</a>&nbsp;&nbsp;&nbsp;__aeabi_d2iz
<LI><a href="#[20ef19c]">&gt;&gt;</a>&nbsp;&nbsp;&nbsp;__aeabi_ddiv
</UL>
<BR>[Called By]<UL><LI><a href="#[20f1320]">&gt;&gt;</a>&nbsp;&nbsp;&nbsp;Sensor_Values
</UL>

<P><STRONG><a name="[20f1a28]"></a>Batt_Voltage_Conversion</STRONG> (ARM, 144 bytes, Stack size 56 bytes, main.o(.text), UNUSED)
<BR><BR>[Calls]<UL><LI><a href="#[20ee1e8]">&gt;&gt;</a>&nbsp;&nbsp;&nbsp;__aeabi_ui2f
<LI><a href="#[20ee4f4]">&gt;&gt;</a>&nbsp;&nbsp;&nbsp;__aeabi_f2uiz
<LI><a href="#[20ee9a4]">&gt;&gt;</a>&nbsp;&nbsp;&nbsp;__aeabi_f2d
<LI><a href="#[20eeb0c]">&gt;&gt;</a>&nbsp;&nbsp;&nbsp;__aeabi_dmul
<LI><a href="#[20ef598]">&gt;&gt;</a>&nbsp;&nbsp;&nbsp;__aeabi_dadd
<LI><a href="#[20ef958]">&gt;&gt;</a>&nbsp;&nbsp;&nbsp;__aeabi_d2f
</UL>
<BR>[Called By]<UL><LI><a href="#[20f1320]">&gt;&gt;</a>&nbsp;&nbsp;&nbsp;Sensor_Values
</UL>

<P><STRONG><a name="[20f19ec]"></a>Init</STRONG> (ARM, 28 bytes, Stack size 8 bytes, main.o(.text))
<BR><BR>[Stack]<UL><LI>Max Depth = 8<LI>Call Chain = Init
</UL>
<BR>[Calls]<UL><LI><a href="#[20f12a8]">&gt;&gt;</a>&nbsp;&nbsp;&nbsp;Init_LCD_Pin
<LI><a href="#[20f1b18]">&gt;&gt;</a>&nbsp;&nbsp;&nbsp;Init_ADC1
<LI><a href="#[20f1b54]">&gt;&gt;</a>&nbsp;&nbsp;&nbsp;Init_ADC0
<LI><a href="#[20f1b90]">&gt;&gt;</a>&nbsp;&nbsp;&nbsp;Init_ADC_Pin
</UL>
<BR>[Called By]<UL><LI><a href="#[20f12e4]">&gt;&gt;</a>&nbsp;&nbsp;&nbsp;main
</UL>

<P><STRONG><a name="[20f19b0]"></a>DelaymSec</STRONG> (ARM, 44 bytes, Stack size 0 bytes, main.o(.text))
<BR><BR>[Called By]<UL><LI><a href="#[20f0a38]">&gt;&gt;</a>&nbsp;&nbsp;&nbsp;LCD_Data
<LI><a href="#[20f1230]">&gt;&gt;</a>&nbsp;&nbsp;&nbsp;LCD_Command
<LI><a href="#[20f126c]">&gt;&gt;</a>&nbsp;&nbsp;&nbsp;LCD_4Bit_Mode
<LI><a href="#[20f12e4]">&gt;&gt;</a>&nbsp;&nbsp;&nbsp;main
<LI><a href="#[20f16a4]">&gt;&gt;</a>&nbsp;&nbsp;&nbsp;Push_Arm
</UL>

<P><STRONG><a name="[20f1974]"></a>Init_Buzzer_Pin</STRONG> (ARM, 80 bytes, Stack size 0 bytes, main.o(.text))
<BR><BR>[Called By]<UL><LI><a href="#[20f1398]">&gt;&gt;</a>&nbsp;&nbsp;&nbsp;Init_Ports
</UL>

<P><STRONG><a name="[20f1938]"></a>R_Forward</STRONG> (ARM, 96 bytes, Stack size 0 bytes, main.o(.text), UNUSED)
<BR><BR>[Called By]<UL><LI><a href="#[20f1488]">&gt;&gt;</a>&nbsp;&nbsp;&nbsp;Soft_Left
<LI><a href="#[20f171c]">&gt;&gt;</a>&nbsp;&nbsp;&nbsp;Left
<LI><a href="#[20f180c]">&gt;&gt;</a>&nbsp;&nbsp;&nbsp;Forward
</UL>

<P><STRONG><a name="[20f18fc]"></a>L_Forward</STRONG> (ARM, 16 bytes, Stack size 0 bytes, main.o(.text), UNUSED)
<BR><BR>[Called By]<UL><LI><a href="#[20f144c]">&gt;&gt;</a>&nbsp;&nbsp;&nbsp;Soft_Right
<LI><a href="#[20f16a4]">&gt;&gt;</a>&nbsp;&nbsp;&nbsp;Push_Arm
<LI><a href="#[20f1794]">&gt;&gt;</a>&nbsp;&nbsp;&nbsp;Right
<LI><a href="#[20f180c]">&gt;&gt;</a>&nbsp;&nbsp;&nbsp;Forward
</UL>

<P><STRONG><a name="[20f18c0]"></a>R_Stop</STRONG> (ARM, 24 bytes, Stack size 0 bytes, main.o(.text))
<BR><BR>[Called By]<UL><LI><a href="#[20f1848]">&gt;&gt;</a>&nbsp;&nbsp;&nbsp;Stop
</UL>

<P><STRONG><a name="[20f1884]"></a>L_Stop</STRONG> (ARM, 24 bytes, Stack size 0 bytes, main.o(.text))
<BR><BR>[Called By]<UL><LI><a href="#[20f1848]">&gt;&gt;</a>&nbsp;&nbsp;&nbsp;Stop
</UL>

<P><STRONG><a name="[20f1848]"></a>Stop</STRONG> (ARM, 20 bytes, Stack size 4 bytes, main.o(.text))
<BR><BR>[Stack]<UL><LI>Max Depth = 4<LI>Call Chain = Stop
</UL>
<BR>[Calls]<UL><LI><a href="#[20f1884]">&gt;&gt;</a>&nbsp;&nbsp;&nbsp;L_Stop
<LI><a href="#[20f18c0]">&gt;&gt;</a>&nbsp;&nbsp;&nbsp;R_Stop
</UL>
<BR>[Called By]<UL><LI><a href="#[20f13d4]">&gt;&gt;</a>&nbsp;&nbsp;&nbsp;Soft_Right2
<LI><a href="#[20f1410]">&gt;&gt;</a>&nbsp;&nbsp;&nbsp;Soft_Left2
<LI><a href="#[20f144c]">&gt;&gt;</a>&nbsp;&nbsp;&nbsp;Soft_Right
<LI><a href="#[20f1488]">&gt;&gt;</a>&nbsp;&nbsp;&nbsp;Soft_Left
<LI><a href="#[20f14c4]">&gt;&gt;</a>&nbsp;&nbsp;&nbsp;Back
<LI><a href="#[20f1500]">&gt;&gt;</a>&nbsp;&nbsp;&nbsp;Init_Motion_Pin
<LI><a href="#[20f15f0]">&gt;&gt;</a>&nbsp;&nbsp;&nbsp;IRQ_UART1
<LI><a href="#[20f162c]">&gt;&gt;</a>&nbsp;&nbsp;&nbsp;Start_Conveyor
<LI><a href="#[20f1668]">&gt;&gt;</a>&nbsp;&nbsp;&nbsp;Stop_Conveyor
<LI><a href="#[20f16a4]">&gt;&gt;</a>&nbsp;&nbsp;&nbsp;Push_Arm
<LI><a href="#[20f171c]">&gt;&gt;</a>&nbsp;&nbsp;&nbsp;Left
<LI><a href="#[20f1794]">&gt;&gt;</a>&nbsp;&nbsp;&nbsp;Right
<LI><a href="#[20f180c]">&gt;&gt;</a>&nbsp;&nbsp;&nbsp;Forward
</UL>

<P><STRONG><a name="[20f180c]"></a>Forward</STRONG> (ARM, 24 bytes, Stack size 4 bytes, main.o(.text), UNUSED)
<BR><BR>[Calls]<UL><LI><a href="#[20f1848]">&gt;&gt;</a>&nbsp;&nbsp;&nbsp;Stop
<LI><a href="#[20f18fc]">&gt;&gt;</a>&nbsp;&nbsp;&nbsp;L_Forward
<LI><a href="#[20f1938]">&gt;&gt;</a>&nbsp;&nbsp;&nbsp;R_Forward
</UL>
<BR>[Called By]<UL><LI><a href="#[20f15f0]">&gt;&gt;</a>&nbsp;&nbsp;&nbsp;IRQ_UART1
</UL>

<P><STRONG><a name="[20f17d0]"></a>R_Back</STRONG> (ARM, 16 bytes, Stack size 0 bytes, main.o(.text))
<BR><BR>[Called By]<UL><LI><a href="#[20f13d4]">&gt;&gt;</a>&nbsp;&nbsp;&nbsp;Soft_Right2
<LI><a href="#[20f14c4]">&gt;&gt;</a>&nbsp;&nbsp;&nbsp;Back
<LI><a href="#[20f162c]">&gt;&gt;</a>&nbsp;&nbsp;&nbsp;Start_Conveyor
<LI><a href="#[20f1794]">&gt;&gt;</a>&nbsp;&nbsp;&nbsp;Right
</UL>

<P><STRONG><a name="[20f1794]"></a>Right</STRONG> (ARM, 24 bytes, Stack size 4 bytes, main.o(.text), UNUSED)
<BR><BR>[Calls]<UL><LI><a href="#[20f17d0]">&gt;&gt;</a>&nbsp;&nbsp;&nbsp;R_Back
<LI><a href="#[20f1848]">&gt;&gt;</a>&nbsp;&nbsp;&nbsp;Stop
<LI><a href="#[20f18fc]">&gt;&gt;</a>&nbsp;&nbsp;&nbsp;L_Forward
</UL>
<BR>[Called By]<UL><LI><a href="#[20f15f0]">&gt;&gt;</a>&nbsp;&nbsp;&nbsp;IRQ_UART1
</UL>

<P><STRONG><a name="[20f1758]"></a>L_Back</STRONG> (ARM, 16 bytes, Stack size 0 bytes, main.o(.text), UNUSED)
<BR><BR>[Called By]<UL><LI><a href="#[20f1410]">&gt;&gt;</a>&nbsp;&nbsp;&nbsp;Soft_Left2
<LI><a href="#[20f14c4]">&gt;&gt;</a>&nbsp;&nbsp;&nbsp;Back
<LI><a href="#[20f16a4]">&gt;&gt;</a>&nbsp;&nbsp;&nbsp;Push_Arm
<LI><a href="#[20f171c]">&gt;&gt;</a>&nbsp;&nbsp;&nbsp;Left
</UL>

<P><STRONG><a name="[20f171c]"></a>Left</STRONG> (ARM, 24 bytes, Stack size 4 bytes, main.o(.text), UNUSED)
<BR><BR>[Calls]<UL><LI><a href="#[20f1758]">&gt;&gt;</a>&nbsp;&nbsp;&nbsp;L_Back
<LI><a href="#[20f1848]">&gt;&gt;</a>&nbsp;&nbsp;&nbsp;Stop
<LI><a href="#[20f1938]">&gt;&gt;</a>&nbsp;&nbsp;&nbsp;R_Forward
</UL>
<BR>[Called By]<UL><LI><a href="#[20f15f0]">&gt;&gt;</a>&nbsp;&nbsp;&nbsp;IRQ_UART1
</UL>

<P><STRONG><a name="[20f16e0]"></a>Print_Python_Input</STRONG> (ARM, 36 bytes, Stack size 8 bytes, main.o(.text), UNUSED)
<BR><BR>[Calls]<UL><LI><a href="#[20f11b8]">&gt;&gt;</a>&nbsp;&nbsp;&nbsp;LCD_Print
</UL>
<BR>[Called By]<UL><LI><a href="#[20f15f0]">&gt;&gt;</a>&nbsp;&nbsp;&nbsp;IRQ_UART1
</UL>

<P><STRONG><a name="[20f16a4]"></a>Push_Arm</STRONG> (ARM, 64 bytes, Stack size 4 bytes, main.o(.text), UNUSED)
<BR><BR>[Calls]<UL><LI><a href="#[20f1758]">&gt;&gt;</a>&nbsp;&nbsp;&nbsp;L_Back
<LI><a href="#[20f1848]">&gt;&gt;</a>&nbsp;&nbsp;&nbsp;Stop
<LI><a href="#[20f18fc]">&gt;&gt;</a>&nbsp;&nbsp;&nbsp;L_Forward
<LI><a href="#[20f19b0]">&gt;&gt;</a>&nbsp;&nbsp;&nbsp;DelaymSec
</UL>
<BR>[Called By]<UL><LI><a href="#[20f15f0]">&gt;&gt;</a>&nbsp;&nbsp;&nbsp;IRQ_UART1
</UL>

<P><STRONG><a name="[20f1668]"></a>Stop_Conveyor</STRONG> (ARM, 16 bytes, Stack size 4 bytes, main.o(.text), UNUSED)
<BR><BR>[Calls]<UL><LI><a href="#[20f1848]">&gt;&gt;</a>&nbsp;&nbsp;&nbsp;Stop
</UL>
<BR>[Called By]<UL><LI><a href="#[20f15f0]">&gt;&gt;</a>&nbsp;&nbsp;&nbsp;IRQ_UART1
</UL>

<P><STRONG><a name="[20f162c]"></a>Start_Conveyor</STRONG> (ARM, 20 bytes, Stack size 4 bytes, main.o(.text))
<BR><BR>[Stack]<UL><LI>Max Depth = 8<LI>Call Chain = Start_Conveyor &rArr; Stop
</UL>
<BR>[Calls]<UL><LI><a href="#[20f17d0]">&gt;&gt;</a>&nbsp;&nbsp;&nbsp;R_Back
<LI><a href="#[20f1848]">&gt;&gt;</a>&nbsp;&nbsp;&nbsp;Stop
</UL>
<BR>[Called By]<UL><LI><a href="#[20f12e4]">&gt;&gt;</a>&nbsp;&nbsp;&nbsp;main
<LI><a href="#[20f15f0]">&gt;&gt;</a>&nbsp;&nbsp;&nbsp;IRQ_UART1
</UL>

<P><STRONG><a name="[20f15f0]"></a>IRQ_UART1</STRONG> (ARM, 280 bytes, Stack size 24 bytes, main.o(.text), UNUSED)
<BR><BR>[Calls]<UL><LI><a href="#[20f162c]">&gt;&gt;</a>&nbsp;&nbsp;&nbsp;Start_Conveyor
<LI><a href="#[20f1668]">&gt;&gt;</a>&nbsp;&nbsp;&nbsp;Stop_Conveyor
<LI><a href="#[20f16a4]">&gt;&gt;</a>&nbsp;&nbsp;&nbsp;Push_Arm
<LI><a href="#[20f16e0]">&gt;&gt;</a>&nbsp;&nbsp;&nbsp;Print_Python_Input
<LI><a href="#[20f171c]">&gt;&gt;</a>&nbsp;&nbsp;&nbsp;Left
<LI><a href="#[20f1794]">&gt;&gt;</a>&nbsp;&nbsp;&nbsp;Right
<LI><a href="#[20f180c]">&gt;&gt;</a>&nbsp;&nbsp;&nbsp;Forward
<LI><a href="#[20f1848]">&gt;&gt;</a>&nbsp;&nbsp;&nbsp;Stop
</UL>

<P><STRONG><a name="[20f15b4]"></a>Init_UART1</STRONG> (ARM, 120 bytes, Stack size 0 bytes, main.o(.text))
<BR><BR>[Called By]<UL><LI><a href="#[20f135c]">&gt;&gt;</a>&nbsp;&nbsp;&nbsp;Init_Peripherals
</UL>

<P><STRONG><a name="[20f1578]"></a>UART1_SendByte</STRONG> (ARM, 32 bytes, Stack size 0 bytes, main.o(.text), UNUSED)
<BR><BR>[Called By]<UL><LI><a href="#[20f153c]">&gt;&gt;</a>&nbsp;&nbsp;&nbsp;UART1_SendStr
</UL>

<P><STRONG><a name="[20f153c]"></a>UART1_SendStr</STRONG> (ARM, 52 bytes, Stack size 4 bytes, main.o(.text), UNUSED)
<BR><BR>[Calls]<UL><LI><a href="#[20f1578]">&gt;&gt;</a>&nbsp;&nbsp;&nbsp;UART1_SendByte
</UL>
<BR>[Called By]<UL><LI><a href="#[20f1320]">&gt;&gt;</a>&nbsp;&nbsp;&nbsp;Sensor_Values
</UL>

<P><STRONG><a name="[20f1500]"></a>Init_Motion_Pin</STRONG> (ARM, 168 bytes, Stack size 4 bytes, main.o(.text))
<BR><BR>[Stack]<UL><LI>Max Depth = 8<LI>Call Chain = Init_Motion_Pin &rArr; Stop
</UL>
<BR>[Calls]<UL><LI><a href="#[20f1848]">&gt;&gt;</a>&nbsp;&nbsp;&nbsp;Stop
</UL>
<BR>[Called By]<UL><LI><a href="#[20f1398]">&gt;&gt;</a>&nbsp;&nbsp;&nbsp;Init_Ports
</UL>

<P><STRONG><a name="[20f14c4]"></a>Back</STRONG> (ARM, 24 bytes, Stack size 4 bytes, main.o(.text), UNUSED)
<BR><BR>[Calls]<UL><LI><a href="#[20f1758]">&gt;&gt;</a>&nbsp;&nbsp;&nbsp;L_Back
<LI><a href="#[20f17d0]">&gt;&gt;</a>&nbsp;&nbsp;&nbsp;R_Back
<LI><a href="#[20f1848]">&gt;&gt;</a>&nbsp;&nbsp;&nbsp;Stop
</UL>

<P><STRONG><a name="[20f1488]"></a>Soft_Left</STRONG> (ARM, 20 bytes, Stack size 4 bytes, main.o(.text), UNUSED)
<BR><BR>[Calls]<UL><LI><a href="#[20f1848]">&gt;&gt;</a>&nbsp;&nbsp;&nbsp;Stop
<LI><a href="#[20f1938]">&gt;&gt;</a>&nbsp;&nbsp;&nbsp;R_Forward
</UL>

<P><STRONG><a name="[20f144c]"></a>Soft_Right</STRONG> (ARM, 20 bytes, Stack size 4 bytes, main.o(.text), UNUSED)
<BR><BR>[Calls]<UL><LI><a href="#[20f1848]">&gt;&gt;</a>&nbsp;&nbsp;&nbsp;Stop
<LI><a href="#[20f18fc]">&gt;&gt;</a>&nbsp;&nbsp;&nbsp;L_Forward
</UL>

<P><STRONG><a name="[20f1410]"></a>Soft_Left2</STRONG> (ARM, 20 bytes, Stack size 4 bytes, main.o(.text), UNUSED)
<BR><BR>[Calls]<UL><LI><a href="#[20f1758]">&gt;&gt;</a>&nbsp;&nbsp;&nbsp;L_Back
<LI><a href="#[20f1848]">&gt;&gt;</a>&nbsp;&nbsp;&nbsp;Stop
</UL>

<P><STRONG><a name="[20f13d4]"></a>Soft_Right2</STRONG> (ARM, 20 bytes, Stack size 4 bytes, main.o(.text), UNUSED)
<BR><BR>[Calls]<UL><LI><a href="#[20f17d0]">&gt;&gt;</a>&nbsp;&nbsp;&nbsp;R_Back
<LI><a href="#[20f1848]">&gt;&gt;</a>&nbsp;&nbsp;&nbsp;Stop
</UL>

<P><STRONG><a name="[20f1398]"></a>Init_Ports</STRONG> (ARM, 20 bytes, Stack size 4 bytes, main.o(.text))
<BR><BR>[Stack]<UL><LI>Max Depth = 12<LI>Call Chain = Init_Ports &rArr; Init_Motion_Pin &rArr; Stop
</UL>
<BR>[Calls]<UL><LI><a href="#[20f1500]">&gt;&gt;</a>&nbsp;&nbsp;&nbsp;Init_Motion_Pin
<LI><a href="#[20f1974]">&gt;&gt;</a>&nbsp;&nbsp;&nbsp;Init_Buzzer_Pin
</UL>
<BR>[Called By]<UL><LI><a href="#[20f135c]">&gt;&gt;</a>&nbsp;&nbsp;&nbsp;Init_Peripherals
</UL>

<P><STRONG><a name="[20f135c]"></a>Init_Peripherals</STRONG> (ARM, 20 bytes, Stack size 4 bytes, main.o(.text))
<BR><BR>[Stack]<UL><LI>Max Depth = 16<LI>Call Chain = Init_Peripherals &rArr; Init_Ports &rArr; Init_Motion_Pin &rArr; Stop
</UL>
<BR>[Calls]<UL><LI><a href="#[20f1398]">&gt;&gt;</a>&nbsp;&nbsp;&nbsp;Init_Ports
<LI><a href="#[20f15b4]">&gt;&gt;</a>&nbsp;&nbsp;&nbsp;Init_UART1
</UL>
<BR>[Called By]<UL><LI><a href="#[20f12e4]">&gt;&gt;</a>&nbsp;&nbsp;&nbsp;main
</UL>

<P><STRONG><a name="[20f1320]"></a>Sensor_Values</STRONG> (ARM, 408 bytes, Stack size 8 bytes, main.o(.text), UNUSED)
<BR><BR>[Calls]<UL><LI><a href="#[20f11b8]">&gt;&gt;</a>&nbsp;&nbsp;&nbsp;LCD_Print
<LI><a href="#[20f153c]">&gt;&gt;</a>&nbsp;&nbsp;&nbsp;UART1_SendStr
<LI><a href="#[20f1a28]">&gt;&gt;</a>&nbsp;&nbsp;&nbsp;Batt_Voltage_Conversion
<LI><a href="#[20f1a64]">&gt;&gt;</a>&nbsp;&nbsp;&nbsp;Sharp_GP2D12_Estimation
<LI><a href="#[20f1aa0]">&gt;&gt;</a>&nbsp;&nbsp;&nbsp;AD1_Conversion
<LI><a href="#[20f1adc]">&gt;&gt;</a>&nbsp;&nbsp;&nbsp;AD0_Conversion
</UL>

<P><STRONG><a name="[20f12e4]"></a>main</STRONG> (ARM, 136 bytes, Stack size 8 bytes, main.o(.text))
<BR><BR>[Stack]<UL><LI>Max Depth = 88 + Unknown Stack Size
<LI>Call Chain = main &rArr; LCD_Print &rArr; LCD_Cursor &rArr; LCD_Command
</UL>
<BR>[Calls]<UL><LI><a href="#[20f11b8]">&gt;&gt;</a>&nbsp;&nbsp;&nbsp;LCD_Print
<LI><a href="#[20f11f4]">&gt;&gt;</a>&nbsp;&nbsp;&nbsp;LCD_Init
<LI><a href="#[20f1230]">&gt;&gt;</a>&nbsp;&nbsp;&nbsp;LCD_Command
<LI><a href="#[20f126c]">&gt;&gt;</a>&nbsp;&nbsp;&nbsp;LCD_4Bit_Mode
<LI><a href="#[20f135c]">&gt;&gt;</a>&nbsp;&nbsp;&nbsp;Init_Peripherals
<LI><a href="#[20f162c]">&gt;&gt;</a>&nbsp;&nbsp;&nbsp;Start_Conveyor
<LI><a href="#[20f19b0]">&gt;&gt;</a>&nbsp;&nbsp;&nbsp;DelaymSec
<LI><a href="#[20f19ec]">&gt;&gt;</a>&nbsp;&nbsp;&nbsp;Init
</UL>
<BR>[Address Reference Count : 1]<UL><LI> rtentry2.o(.ARM.Collect$$rtentry$$0000000D)
</UL>
<P><STRONG><a name="[20f12a8]"></a>Init_LCD_Pin</STRONG> (ARM, 48 bytes, Stack size 0 bytes, lcd.o(.text))
<BR><BR>[Called By]<UL><LI><a href="#[20f19ec]">&gt;&gt;</a>&nbsp;&nbsp;&nbsp;Init
</UL>

<P><STRONG><a name="[20f1230]"></a>LCD_Command</STRONG> (ARM, 188 bytes, Stack size 16 bytes, lcd.o(.text))
<BR><BR>[Stack]<UL><LI>Max Depth = 16<LI>Call Chain = LCD_Command
</UL>
<BR>[Calls]<UL><LI><a href="#[20f19b0]">&gt;&gt;</a>&nbsp;&nbsp;&nbsp;DelaymSec
</UL>
<BR>[Called By]<UL><LI><a href="#[20f0984]">&gt;&gt;</a>&nbsp;&nbsp;&nbsp;LCD_Cursor
<LI><a href="#[20f09c0]">&gt;&gt;</a>&nbsp;&nbsp;&nbsp;LCD_Home
<LI><a href="#[20f11f4]">&gt;&gt;</a>&nbsp;&nbsp;&nbsp;LCD_Init
<LI><a href="#[20f12e4]">&gt;&gt;</a>&nbsp;&nbsp;&nbsp;main
</UL>

<P><STRONG><a name="[20f126c]"></a>LCD_4Bit_Mode</STRONG> (ARM, 376 bytes, Stack size 8 bytes, lcd.o(.text))
<BR><BR>[Stack]<UL><LI>Max Depth = 8<LI>Call Chain = LCD_4Bit_Mode
</UL>
<BR>[Calls]<UL><LI><a href="#[20f19b0]">&gt;&gt;</a>&nbsp;&nbsp;&nbsp;DelaymSec
</UL>
<BR>[Called By]<UL><LI><a href="#[20f12e4]">&gt;&gt;</a>&nbsp;&nbsp;&nbsp;main
</UL>

<P><STRONG><a name="[20f0a38]"></a>LCD_Data</STRONG> (ARM, 188 bytes, Stack size 16 bytes, lcd.o(.text))
<BR><BR>[Stack]<UL><LI>Max Depth = 16<LI>Call Chain = LCD_Data
</UL>
<BR>[Calls]<UL><LI><a href="#[20f19b0]">&gt;&gt;</a>&nbsp;&nbsp;&nbsp;DelaymSec
</UL>
<BR>[Called By]<UL><LI><a href="#[20f09fc]">&gt;&gt;</a>&nbsp;&nbsp;&nbsp;LCD_String
<LI><a href="#[20f11b8]">&gt;&gt;</a>&nbsp;&nbsp;&nbsp;LCD_Print
</UL>

<P><STRONG><a name="[20f11f4]"></a>LCD_Init</STRONG> (ARM, 36 bytes, Stack size 8 bytes, lcd.o(.text))
<BR><BR>[Stack]<UL><LI>Max Depth = 24<LI>Call Chain = LCD_Init &rArr; LCD_Command
</UL>
<BR>[Calls]<UL><LI><a href="#[20f1230]">&gt;&gt;</a>&nbsp;&nbsp;&nbsp;LCD_Command
</UL>
<BR>[Called By]<UL><LI><a href="#[20f12e4]">&gt;&gt;</a>&nbsp;&nbsp;&nbsp;main
</UL>

<P><STRONG><a name="[20f09fc]"></a>LCD_String</STRONG> (ARM, 44 bytes, Stack size 8 bytes, lcd.o(.text), UNUSED)
<BR><BR>[Calls]<UL><LI><a href="#[20f0a38]">&gt;&gt;</a>&nbsp;&nbsp;&nbsp;LCD_Data
</UL>

<P><STRONG><a name="[20f09c0]"></a>LCD_Home</STRONG> (ARM, 20 bytes, Stack size 8 bytes, lcd.o(.text))
<BR><BR>[Stack]<UL><LI>Max Depth = 24<LI>Call Chain = LCD_Home &rArr; LCD_Command
</UL>
<BR>[Calls]<UL><LI><a href="#[20f1230]">&gt;&gt;</a>&nbsp;&nbsp;&nbsp;LCD_Command
</UL>
<BR>[Called By]<UL><LI><a href="#[20f11b8]">&gt;&gt;</a>&nbsp;&nbsp;&nbsp;LCD_Print
</UL>

<P><STRONG><a name="[20f0984]"></a>LCD_Cursor</STRONG> (ARM, 84 bytes, Stack size 16 bytes, lcd.o(.text))
<BR><BR>[Stack]<UL><LI>Max Depth = 32<LI>Call Chain = LCD_Cursor &rArr; LCD_Command
</UL>
<BR>[Calls]<UL><LI><a href="#[20f1230]">&gt;&gt;</a>&nbsp;&nbsp;&nbsp;LCD_Command
</UL>
<BR>[Called By]<UL><LI><a href="#[20f11b8]">&gt;&gt;</a>&nbsp;&nbsp;&nbsp;LCD_Print
</UL>

<P><STRONG><a name="[20f11b8]"></a>LCD_Print</STRONG> (ARM, 364 bytes, Stack size 48 bytes, lcd.o(.text))
<BR><BR>[Stack]<UL><LI>Max Depth = 80 + Unknown Stack Size
<LI>Call Chain = LCD_Print &rArr; LCD_Cursor &rArr; LCD_Command
</UL>
<BR>[Calls]<UL><LI><a href="#[20f04d4]">&gt;&gt;</a>&nbsp;&nbsp;&nbsp;__aeabi_uidivmod
<LI><a href="#[20f0984]">&gt;&gt;</a>&nbsp;&nbsp;&nbsp;LCD_Cursor
<LI><a href="#[20f09c0]">&gt;&gt;</a>&nbsp;&nbsp;&nbsp;LCD_Home
<LI><a href="#[20f0a38]">&gt;&gt;</a>&nbsp;&nbsp;&nbsp;LCD_Data
</UL>
<BR>[Called By]<UL><LI><a href="#[20f12e4]">&gt;&gt;</a>&nbsp;&nbsp;&nbsp;main
<LI><a href="#[20f1320]">&gt;&gt;</a>&nbsp;&nbsp;&nbsp;Sensor_Values
<LI><a href="#[20f16e0]">&gt;&gt;</a>&nbsp;&nbsp;&nbsp;Print_Python_Input
</UL>

<P><STRONG><a name="[20f0588]"></a>__aeabi_idiv</STRONG> (ARM, 0 bytes, Stack size 8 bytes, aeabi_sdiv.o(.text), UNUSED)

<P><STRONG><a name="[20f054c]"></a>__aeabi_idivmod</STRONG> (ARM, 384 bytes, Stack size 8 bytes, aeabi_sdiv.o(.text), UNUSED)

<P><STRONG><a name="[20efc28]"></a>__use_two_region_memory</STRONG> (Thumb, 2 bytes, Stack size 0 bytes, heapauxi.o(.text), UNUSED)

<P><STRONG><a name="[20efbec]"></a>__rt_heap_escrow$2region</STRONG> (Thumb, 2 bytes, Stack size 0 bytes, heapauxi.o(.text), UNUSED)

<P><STRONG><a name="[20efbb0]"></a>__rt_heap_expand$2region</STRONG> (Thumb, 2 bytes, Stack size 0 bytes, heapauxi.o(.text), UNUSED)

<P><STRONG><a name="[20ed39c]"></a>__read_errno</STRONG> (Thumb, 14 bytes, Stack size 8 bytes, _rserrno.o(.text), UNUSED)
<BR><BR>[Calls]<UL><LI><a href="#[20eb68c]">&gt;&gt;</a>&nbsp;&nbsp;&nbsp;__aeabi_errno_addr (via Veneer)
</UL>

<P><STRONG><a name="[20ed360]"></a>__set_errno</STRONG> (Thumb, 12 bytes, Stack size 8 bytes, _rserrno.o(.text), UNUSED)
<BR><BR>[Calls]<UL><LI><a href="#[20eb68c]">&gt;&gt;</a>&nbsp;&nbsp;&nbsp;__aeabi_errno_addr (via Veneer)
</UL>
<BR>[Called By]<UL><LI><a href="#[20ec2f8]">&gt;&gt;</a>&nbsp;&nbsp;&nbsp;sqrt (via Veneer)
<LI><a href="#[20edea0]">&gt;&gt;</a>&nbsp;&nbsp;&nbsp;pow (via Veneer)
</UL>

<P><STRONG><a name="[20eb68c]"></a>__aeabi_errno_addr</STRONG> (ARM, 16 bytes, Stack size 0 bytes, rt_errno_addr_intlibspace.o(.text), UNUSED)
<BR><BR>[Called By]<UL><LI><a href="#[20ed360]">&gt;&gt;</a>&nbsp;&nbsp;&nbsp;__set_errno (via Veneer)
<LI><a href="#[20ed39c]">&gt;&gt;</a>&nbsp;&nbsp;&nbsp;__read_errno (via Veneer)
</UL>

<P><STRONG><a name="[20eb650]"></a>__errno$intlibspace</STRONG> (ARM, 0 bytes, Stack size 0 bytes, rt_errno_addr_intlibspace.o(.text), UNUSED)

<P><STRONG><a name="[20eb614]"></a>__rt_errno_addr$intlibspace</STRONG> (ARM, 0 bytes, Stack size 0 bytes, rt_errno_addr_intlibspace.o(.text), UNUSED)

<P><STRONG><a name="[20eaf84]"></a>__user_libspace</STRONG> (ARM, 12 bytes, Stack size 0 bytes, libspace.o(.text), UNUSED)

<P><STRONG><a name="[20eaf48]"></a>__user_perproc_libspace</STRONG> (ARM, 0 bytes, Stack size 0 bytes, libspace.o(.text))
<BR><BR>[Called By]<UL><LI><a href="#[20eae1c]">&gt;&gt;</a>&nbsp;&nbsp;&nbsp;__user_setup_stackheap
</UL>

<P><STRONG><a name="[20eaf0c]"></a>__user_perthread_libspace</STRONG> (ARM, 0 bytes, Stack size 0 bytes, libspace.o(.text), UNUSED)

<P><STRONG><a name="[20eae1c]"></a>__user_setup_stackheap</STRONG> (ARM, 96 bytes, Stack size 8 bytes, sys_stackheap_outer.o(.text))
<BR><BR>[Stack]<UL><LI>Max Depth = 8 + Unknown Stack Size
<LI>Call Chain = __user_setup_stackheap
</UL>
<BR>[Calls]<UL><LI><a href="#[20eaf48]">&gt;&gt;</a>&nbsp;&nbsp;&nbsp;__user_perproc_libspace
<LI><a href="#[20f25a4]">&gt;&gt;</a>&nbsp;&nbsp;&nbsp;__user_initial_stackheap
</UL>
<BR>[Called By]<UL><LI><a href="#[20ebac4]">&gt;&gt;</a>&nbsp;&nbsp;&nbsp;__rt_entry_sh
</UL>

<P><STRONG><a name="[20eacb4]"></a>exit</STRONG> (Thumb, 12 bytes, Stack size 0 bytes, exit.o(.text))
<BR><BR>[Calls]<UL><LI><a href="#[20e9fd0]">&gt;&gt;</a>&nbsp;&nbsp;&nbsp;__rt_exit (via Veneer)
<LI><a href="#[20eac3c]">&gt;&gt;</a>&nbsp;&nbsp;&nbsp;_call_atexit_fns (Weak Reference)
</UL>
<BR>[Called By]<UL><LI><a href="#[20ebce0]">&gt;&gt;</a>&nbsp;&nbsp;&nbsp;__rt_entry_main
</UL>

<P><STRONG><a name="[20e80a4]"></a>_sys_exit</STRONG> (ARM, 20 bytes, Stack size 0 bytes, sys_exit.o(.text))
<BR><BR>[Called By]<UL><LI><a href="#[20e7e4c]">&gt;&gt;</a>&nbsp;&nbsp;&nbsp;__rt_exit_exit
</UL>

<P><STRONG><a name="[20e7b7c]"></a>__rt_fp_status_addr</STRONG> (ARM, 16 bytes, Stack size 0 bytes, rt_fp_status_addr_intlibspace.o(.text))
<BR><BR>[Called By]<UL><LI><a href="#[20e820c]">&gt;&gt;</a>&nbsp;&nbsp;&nbsp;_fp_init
</UL>

<P><STRONG><a name="[20e74ec]"></a>__I$use$semihosting</STRONG> (ARM, 0 bytes, Stack size 0 bytes, use_no_semi.o(.text))
<BR>[Address Reference Count : 1]<UL><LI> sys_exit.o(.text)
</UL>
<P><STRONG><a name="[20e74b0]"></a>__use_no_semihosting_swi</STRONG> (ARM, 4 bytes, Stack size 0 bytes, use_no_semi.o(.text), UNUSED)

<P><STRONG><a name="[20f0510]"></a>__aeabi_uidiv</STRONG> (ARM, 0 bytes, Stack size 0 bytes, aeabi_sdiv.o(.text_udiv), UNUSED)

<P><STRONG><a name="[20f04d4]"></a>__aeabi_uidivmod</STRONG> (ARM, 28 bytes, Stack size 0 bytes, aeabi_sdiv.o(.text_udiv))
<BR><BR>[Calls]<UL><LI><a href="#[20f05c4]">&gt;&gt;</a>&nbsp;&nbsp;&nbsp;__arm_div_large
<LI><a href="#[20f0600]">&gt;&gt;</a>&nbsp;&nbsp;&nbsp;__arm_div4
<LI><a href="#[20f063c]">&gt;&gt;</a>&nbsp;&nbsp;&nbsp;__arm_div8
</UL>
<BR>[Called By]<UL><LI><a href="#[20f11b8]">&gt;&gt;</a>&nbsp;&nbsp;&nbsp;LCD_Print
</UL>

<P><STRONG><a name="[20ec550]"></a>__kernel_poly</STRONG> (ARM, 256 bytes, Stack size 24 bytes, poly.o(i.__kernel_poly), UNUSED)
<BR><BR>[Calls]<UL><LI><a href="#[20eeb0c]">&gt;&gt;</a>&nbsp;&nbsp;&nbsp;__aeabi_dmul
<LI><a href="#[20ef598]">&gt;&gt;</a>&nbsp;&nbsp;&nbsp;__aeabi_dadd
</UL>
<BR>[Called By]<UL><LI><a href="#[20edea0]">&gt;&gt;</a>&nbsp;&nbsp;&nbsp;pow
</UL>

<P><STRONG><a name="[20edea0]"></a>pow</STRONG> (ARM, 3876 bytes, Stack size 224 bytes, pow.o(i.pow), UNUSED)
<BR><BR>[Calls]<UL><LI><a href="#[20ec2f8]">&gt;&gt;</a>&nbsp;&nbsp;&nbsp;sqrt
<LI><a href="#[20ec550]">&gt;&gt;</a>&nbsp;&nbsp;&nbsp;__kernel_poly
<LI><a href="#[20ec94c]">&gt;&gt;</a>&nbsp;&nbsp;&nbsp;scalbn
<LI><a href="#[20ec988]">&gt;&gt;</a>&nbsp;&nbsp;&nbsp;__ARM_scalbn
<LI><a href="#[20ed018]">&gt;&gt;</a>&nbsp;&nbsp;&nbsp;__aeabi_cdrcmple
<LI><a href="#[20ed360]">&gt;&gt;</a>&nbsp;&nbsp;&nbsp;__set_errno (via Veneer)
<LI><a href="#[20eeb0c]">&gt;&gt;</a>&nbsp;&nbsp;&nbsp;__aeabi_dmul
<LI><a href="#[20eecec]">&gt;&gt;</a>&nbsp;&nbsp;&nbsp;__aeabi_i2d
<LI><a href="#[20ef19c]">&gt;&gt;</a>&nbsp;&nbsp;&nbsp;__aeabi_ddiv
<LI><a href="#[20ef46c]">&gt;&gt;</a>&nbsp;&nbsp;&nbsp;__aeabi_dsub
<LI><a href="#[20ef4e4]">&gt;&gt;</a>&nbsp;&nbsp;&nbsp;__aeabi_drsub
<LI><a href="#[20ef598]">&gt;&gt;</a>&nbsp;&nbsp;&nbsp;__aeabi_dadd
</UL>
<BR>[Called By]<UL><LI><a href="#[20f1a64]">&gt;&gt;</a>&nbsp;&nbsp;&nbsp;Sharp_GP2D12_Estimation
</UL>

<P><STRONG><a name="[20ec2f8]"></a>sqrt</STRONG> (ARM, 80 bytes, Stack size 16 bytes, sqrt.o(i.sqrt), UNUSED)
<BR><BR>[Calls]<UL><LI><a href="#[20eb254]">&gt;&gt;</a>&nbsp;&nbsp;&nbsp;_dsqrt
<LI><a href="#[20eb380]">&gt;&gt;</a>&nbsp;&nbsp;&nbsp;__aeabi_cdcmple
<LI><a href="#[20ed360]">&gt;&gt;</a>&nbsp;&nbsp;&nbsp;__set_errno (via Veneer)
</UL>
<BR>[Called By]<UL><LI><a href="#[20edea0]">&gt;&gt;</a>&nbsp;&nbsp;&nbsp;pow
</UL>

<P><STRONG><a name="[20ef958]"></a>__aeabi_d2f</STRONG> (ARM, 0 bytes, Stack size 0 bytes, d2f.o(x$fpl$d2f), UNUSED)
<BR><BR>[Called By]<UL><LI><a href="#[20f1a28]">&gt;&gt;</a>&nbsp;&nbsp;&nbsp;Batt_Voltage_Conversion
</UL>

<P><STRONG><a name="[20ef91c]"></a>_d2f</STRONG> (ARM, 168 bytes, Stack size 0 bytes, d2f.o(x$fpl$d2f), UNUSED)
<BR><BR>[Calls]<UL><LI><a href="#[20ed108]">&gt;&gt;</a>&nbsp;&nbsp;&nbsp;__fpl_dcheck_NaN1
<LI><a href="#[20ef7f0]">&gt;&gt;</a>&nbsp;&nbsp;&nbsp;__fpl_infinity (Weak Reference)
</UL>

<P><STRONG><a name="[20ef8e0]"></a>__fpl_inf_d2f</STRONG> (ARM, 0 bytes, Stack size unknown bytes, d2f.o(x$fpl$d2f), UNUSED)

<P><STRONG><a name="[20ef598]"></a>__aeabi_dadd</STRONG> (ARM, 0 bytes, Stack size 8 bytes, daddsub_noclz.o(x$fpl$dadd), UNUSED)
<BR><BR>[Called By]<UL><LI><a href="#[20ec550]">&gt;&gt;</a>&nbsp;&nbsp;&nbsp;__kernel_poly
<LI><a href="#[20edea0]">&gt;&gt;</a>&nbsp;&nbsp;&nbsp;pow
<LI><a href="#[20f1a28]">&gt;&gt;</a>&nbsp;&nbsp;&nbsp;Batt_Voltage_Conversion
</UL>

<P><STRONG><a name="[20ef55c]"></a>_dadd</STRONG> (ARM, 452 bytes, Stack size 8 bytes, daddsub_noclz.o(x$fpl$dadd), UNUSED)
<BR><BR>[Calls]<UL><LI><a href="#[20ed234]">&gt;&gt;</a>&nbsp;&nbsp;&nbsp;__fpl_dcheck_NaN2
<LI><a href="#[20ef5d4]">&gt;&gt;</a>&nbsp;&nbsp;&nbsp;_dsub1
<LI><a href="#[20ef7f0]">&gt;&gt;</a>&nbsp;&nbsp;&nbsp;__fpl_infinity (Weak Reference)
</UL>

<P><STRONG><a name="[20ef520]"></a>__fpl_inf_dadd</STRONG> (ARM, 0 bytes, Stack size unknown bytes, daddsub_noclz.o(x$fpl$dadd), UNUSED)

<P><STRONG><a name="[20ed234]"></a>__fpl_dcheck_NaN2</STRONG> (ARM, 12 bytes, Stack size 0 bytes, dcheck.o(x$fpl$dcheck), UNUSED)
<BR><BR>[Calls]<UL><LI><a href="#[20eb128]">&gt;&gt;</a>&nbsp;&nbsp;&nbsp;__fpl_return_NaN
</UL>
<BR>[Called By]<UL><LI><a href="#[20eb4e8]">&gt;&gt;</a>&nbsp;&nbsp;&nbsp;__fpl_dcmp_InfNaN
<LI><a href="#[20eead0]">&gt;&gt;</a>&nbsp;&nbsp;&nbsp;_dmul
<LI><a href="#[20ef160]">&gt;&gt;</a>&nbsp;&nbsp;&nbsp;_ddiv
<LI><a href="#[20ef430]">&gt;&gt;</a>&nbsp;&nbsp;&nbsp;_dsub
<LI><a href="#[20ef55c]">&gt;&gt;</a>&nbsp;&nbsp;&nbsp;_dadd
</UL>

<P><STRONG><a name="[20ed108]"></a>__fpl_dcheck_NaN1</STRONG> (ARM, 12 bytes, Stack size 0 bytes, dcheck1.o(x$fpl$dcheck1), UNUSED)
<BR><BR>[Calls]<UL><LI><a href="#[20eb128]">&gt;&gt;</a>&nbsp;&nbsp;&nbsp;__fpl_return_NaN
</UL>
<BR>[Called By]<UL><LI><a href="#[20eb254]">&gt;&gt;</a>&nbsp;&nbsp;&nbsp;_dsqrt
<LI><a href="#[20ec94c]">&gt;&gt;</a>&nbsp;&nbsp;&nbsp;scalbn
<LI><a href="#[20eef08]">&gt;&gt;</a>&nbsp;&nbsp;&nbsp;_dfix
<LI><a href="#[20ef91c]">&gt;&gt;</a>&nbsp;&nbsp;&nbsp;_d2f
</UL>

<P><STRONG><a name="[20eb4e8]"></a>__fpl_dcmp_InfNaN</STRONG> (ARM, 128 bytes, Stack size 4 bytes, dcmpin.o(x$fpl$dcmpinfnan), UNUSED)
<BR><BR>[Calls]<UL><LI><a href="#[20ea084]">&gt;&gt;</a>&nbsp;&nbsp;&nbsp;__fpl_cmpreturn
<LI><a href="#[20ed234]">&gt;&gt;</a>&nbsp;&nbsp;&nbsp;__fpl_dcheck_NaN2
<LI><a href="#[20ef7f0]">&gt;&gt;</a>&nbsp;&nbsp;&nbsp;__fpl_infinity (Weak Reference)
</UL>
<BR>[Called By]<UL><LI><a href="#[20eb344]">&gt;&gt;</a>&nbsp;&nbsp;&nbsp;_dcmple
<LI><a href="#[20ecfdc]">&gt;&gt;</a>&nbsp;&nbsp;&nbsp;_drcmple
</UL>

<P><STRONG><a name="[20eb4ac]"></a>__fpl_inf_dcmp</STRONG> (ARM, 0 bytes, Stack size unknown bytes, dcmpin.o(x$fpl$dcmpinfnan), UNUSED)

<P><STRONG><a name="[20ef19c]"></a>__aeabi_ddiv</STRONG> (ARM, 0 bytes, Stack size 16 bytes, ddiv.o(x$fpl$ddiv), UNUSED)
<BR><BR>[Called By]<UL><LI><a href="#[20edea0]">&gt;&gt;</a>&nbsp;&nbsp;&nbsp;pow
<LI><a href="#[20f1a64]">&gt;&gt;</a>&nbsp;&nbsp;&nbsp;Sharp_GP2D12_Estimation
</UL>

<P><STRONG><a name="[20ef160]"></a>_ddiv</STRONG> (ARM, 464 bytes, Stack size 16 bytes, ddiv.o(x$fpl$ddiv), UNUSED)
<BR><BR>[Calls]<UL><LI><a href="#[20ed234]">&gt;&gt;</a>&nbsp;&nbsp;&nbsp;__fpl_dcheck_NaN2
<LI><a href="#[20ef0e8]">&gt;&gt;</a>&nbsp;&nbsp;&nbsp;_ddiv_mantissas
<LI><a href="#[20ef7f0]">&gt;&gt;</a>&nbsp;&nbsp;&nbsp;__fpl_infinity (Weak Reference)
</UL>

<P><STRONG><a name="[20ef124]"></a>__fpl_inf_ddiv</STRONG> (ARM, 0 bytes, Stack size unknown bytes, ddiv.o(x$fpl$ddiv), UNUSED)

<P><STRONG><a name="[20ef0e8]"></a>_ddiv_mantissas</STRONG> (ARM, 380 bytes, Stack size 20 bytes, ddiv.o(x$fpl$ddiv), UNUSED)
<BR><BR>[Called By]<UL><LI><a href="#[20ef160]">&gt;&gt;</a>&nbsp;&nbsp;&nbsp;_ddiv
</UL>

<P><STRONG><a name="[20eef44]"></a>__aeabi_d2iz</STRONG> (ARM, 0 bytes, Stack size 8 bytes, dfix.o(x$fpl$dfix), UNUSED)
<BR><BR>[Called By]<UL><LI><a href="#[20f1a64]">&gt;&gt;</a>&nbsp;&nbsp;&nbsp;Sharp_GP2D12_Estimation
</UL>

<P><STRONG><a name="[20eef08]"></a>_dfix</STRONG> (ARM, 172 bytes, Stack size 8 bytes, dfix.o(x$fpl$dfix), UNUSED)
<BR><BR>[Calls]<UL><LI><a href="#[20ed108]">&gt;&gt;</a>&nbsp;&nbsp;&nbsp;__fpl_dcheck_NaN1
<LI><a href="#[20ef7f0]">&gt;&gt;</a>&nbsp;&nbsp;&nbsp;__fpl_infinity (Weak Reference)
</UL>

<P><STRONG><a name="[20eeecc]"></a>__fpl_inf_dfix</STRONG> (ARM, 0 bytes, Stack size unknown bytes, dfix.o(x$fpl$dfix), UNUSED)

<P><STRONG><a name="[20eecec]"></a>__aeabi_i2d</STRONG> (ARM, 0 bytes, Stack size 0 bytes, dflt_noclz.o(x$fpl$dflt), UNUSED)
<BR><BR>[Called By]<UL><LI><a href="#[20edea0]">&gt;&gt;</a>&nbsp;&nbsp;&nbsp;pow
</UL>

<P><STRONG><a name="[20eecb0]"></a>_dflt</STRONG> (ARM, 88 bytes, Stack size 0 bytes, dflt_noclz.o(x$fpl$dflt), UNUSED)

<P><STRONG><a name="[20eec74]"></a>__dflt_normalise</STRONG> (ARM, 0 bytes, Stack size unknown bytes, dflt_noclz.o(x$fpl$dflt), UNUSED)
<BR><BR>[Called By]<UL><LI><a href="#[20eebfc]">&gt;&gt;</a>&nbsp;&nbsp;&nbsp;_dfltu
</UL>

<P><STRONG><a name="[20eec38]"></a>__aeabi_ui2d</STRONG> (ARM, 0 bytes, Stack size 0 bytes, dflt_noclz.o(x$fpl$dfltu), UNUSED)
<BR><BR>[Called By]<UL><LI><a href="#[20f1a64]">&gt;&gt;</a>&nbsp;&nbsp;&nbsp;Sharp_GP2D12_Estimation
</UL>

<P><STRONG><a name="[20eebfc]"></a>_dfltu</STRONG> (ARM, 12 bytes, Stack size 0 bytes, dflt_noclz.o(x$fpl$dfltu), UNUSED)
<BR><BR>[Calls]<UL><LI><a href="#[20eec74]">&gt;&gt;</a>&nbsp;&nbsp;&nbsp;__dflt_normalise
</UL>

<P><STRONG><a name="[20eb380]"></a>__aeabi_cdcmple</STRONG> (ARM, 0 bytes, Stack size 0 bytes, dleqf.o(x$fpl$dleqf), UNUSED)
<BR><BR>[Called By]<UL><LI><a href="#[20ec2f8]">&gt;&gt;</a>&nbsp;&nbsp;&nbsp;sqrt
</UL>

<P><STRONG><a name="[20eb344]"></a>_dcmple</STRONG> (ARM, 132 bytes, Stack size 0 bytes, dleqf.o(x$fpl$dleqf), UNUSED)
<BR><BR>[Calls]<UL><LI><a href="#[20eb4e8]">&gt;&gt;</a>&nbsp;&nbsp;&nbsp;__fpl_dcmp_InfNaN
</UL>

<P><STRONG><a name="[20eeb0c]"></a>__aeabi_dmul</STRONG> (ARM, 0 bytes, Stack size 16 bytes, dmul.o(x$fpl$dmul), UNUSED)
<BR><BR>[Called By]<UL><LI><a href="#[20ec550]">&gt;&gt;</a>&nbsp;&nbsp;&nbsp;__kernel_poly
<LI><a href="#[20edea0]">&gt;&gt;</a>&nbsp;&nbsp;&nbsp;pow
<LI><a href="#[20f1a28]">&gt;&gt;</a>&nbsp;&nbsp;&nbsp;Batt_Voltage_Conversion
<LI><a href="#[20f1a64]">&gt;&gt;</a>&nbsp;&nbsp;&nbsp;Sharp_GP2D12_Estimation
</UL>

<P><STRONG><a name="[20eead0]"></a>_dmul</STRONG> (ARM, 460 bytes, Stack size 16 bytes, dmul.o(x$fpl$dmul), UNUSED)
<BR><BR>[Calls]<UL><LI><a href="#[20ed234]">&gt;&gt;</a>&nbsp;&nbsp;&nbsp;__fpl_dcheck_NaN2
<LI><a href="#[20ef7f0]">&gt;&gt;</a>&nbsp;&nbsp;&nbsp;__fpl_infinity (Weak Reference)
</UL>

<P><STRONG><a name="[20eea94]"></a>__fpl_inf_dmul</STRONG> (ARM, 0 bytes, Stack size unknown bytes, dmul.o(x$fpl$dmul), UNUSED)

<P><STRONG><a name="[20ed018]"></a>__aeabi_cdrcmple</STRONG> (ARM, 0 bytes, Stack size 0 bytes, drleqf.o(x$fpl$drleqf), UNUSED)
<BR><BR>[Called By]<UL><LI><a href="#[20edea0]">&gt;&gt;</a>&nbsp;&nbsp;&nbsp;pow
</UL>

<P><STRONG><a name="[20ecfdc]"></a>_drcmple</STRONG> (ARM, 156 bytes, Stack size 0 bytes, drleqf.o(x$fpl$drleqf), UNUSED)
<BR><BR>[Calls]<UL><LI><a href="#[20eb4e8]">&gt;&gt;</a>&nbsp;&nbsp;&nbsp;__fpl_dcmp_InfNaN
</UL>

<P><STRONG><a name="[20ef4e4]"></a>__aeabi_drsub</STRONG> (ARM, 0 bytes, Stack size 8 bytes, daddsub_noclz.o(x$fpl$drsb), UNUSED)
<BR><BR>[Called By]<UL><LI><a href="#[20edea0]">&gt;&gt;</a>&nbsp;&nbsp;&nbsp;pow
</UL>

<P><STRONG><a name="[20ef4a8]"></a>_drsb</STRONG> (ARM, 24 bytes, Stack size 8 bytes, daddsub_noclz.o(x$fpl$drsb), UNUSED)
<BR><BR>[Calls]<UL><LI><a href="#[20ef5d4]">&gt;&gt;</a>&nbsp;&nbsp;&nbsp;_dsub1
<LI><a href="#[20ef610]">&gt;&gt;</a>&nbsp;&nbsp;&nbsp;_dadd1
</UL>

<P><STRONG><a name="[20eb254]"></a>_dsqrt</STRONG> (ARM, 384 bytes, Stack size 16 bytes, dsqrt.o(x$fpl$dsqrt), UNUSED)
<BR><BR>[Calls]<UL><LI><a href="#[20ed108]">&gt;&gt;</a>&nbsp;&nbsp;&nbsp;__fpl_dcheck_NaN1
<LI><a href="#[20ef7f0]">&gt;&gt;</a>&nbsp;&nbsp;&nbsp;__fpl_infinity (Weak Reference)
</UL>
<BR>[Called By]<UL><LI><a href="#[20ec2f8]">&gt;&gt;</a>&nbsp;&nbsp;&nbsp;sqrt
</UL>

<P><STRONG><a name="[20eb218]"></a>__fpl_inf_dsqrt</STRONG> (ARM, 0 bytes, Stack size unknown bytes, dsqrt.o(x$fpl$dsqrt), UNUSED)

<P><STRONG><a name="[20ef46c]"></a>__aeabi_dsub</STRONG> (ARM, 0 bytes, Stack size 8 bytes, daddsub_noclz.o(x$fpl$dsub), UNUSED)
<BR><BR>[Called By]<UL><LI><a href="#[20edea0]">&gt;&gt;</a>&nbsp;&nbsp;&nbsp;pow
</UL>

<P><STRONG><a name="[20ef430]"></a>_dsub</STRONG> (ARM, 572 bytes, Stack size 8 bytes, daddsub_noclz.o(x$fpl$dsub), UNUSED)
<BR><BR>[Calls]<UL><LI><a href="#[20ed234]">&gt;&gt;</a>&nbsp;&nbsp;&nbsp;__fpl_dcheck_NaN2
<LI><a href="#[20ef610]">&gt;&gt;</a>&nbsp;&nbsp;&nbsp;_dadd1
<LI><a href="#[20ef7f0]">&gt;&gt;</a>&nbsp;&nbsp;&nbsp;__fpl_infinity (Weak Reference)
</UL>

<P><STRONG><a name="[20ef3f4]"></a>__fpl_inf_dsub</STRONG> (ARM, 0 bytes, Stack size unknown bytes, daddsub_noclz.o(x$fpl$dsub), UNUSED)

<P><STRONG><a name="[20eceb0]"></a>__dunder</STRONG> (ARM, 276 bytes, Stack size 4 bytes, dunder.o(x$fpl$dunder), UNUSED)

<P><STRONG><a name="[20ece74]"></a>__dunder_d</STRONG> (ARM, 4 bytes, Stack size 0 bytes, dunder.o(x$fpl$dunder), UNUSED)

<P><STRONG><a name="[20ee9a4]"></a>__aeabi_f2d</STRONG> (ARM, 0 bytes, Stack size 0 bytes, f2d.o(x$fpl$f2d), UNUSED)
<BR><BR>[Called By]<UL><LI><a href="#[20f1a28]">&gt;&gt;</a>&nbsp;&nbsp;&nbsp;Batt_Voltage_Conversion
</UL>

<P><STRONG><a name="[20ee968]"></a>_f2d</STRONG> (ARM, 96 bytes, Stack size 0 bytes, f2d.o(x$fpl$f2d), UNUSED)
<BR><BR>[Calls]<UL><LI><a href="#[20ecd84]">&gt;&gt;</a>&nbsp;&nbsp;&nbsp;__fpl_fcheck_NaN1
<LI><a href="#[20ef7f0]">&gt;&gt;</a>&nbsp;&nbsp;&nbsp;__fpl_infinity (Weak Reference)
</UL>

<P><STRONG><a name="[20ee92c]"></a>__fpl_inf_f2d</STRONG> (ARM, 0 bytes, Stack size unknown bytes, f2d.o(x$fpl$f2d), UNUSED)

<P><STRONG><a name="[20ecd84]"></a>__fpl_fcheck_NaN1</STRONG> (ARM, 8 bytes, Stack size 0 bytes, fcheck1.o(x$fpl$fcheck1), UNUSED)
<BR><BR>[Calls]<UL><LI><a href="#[20eb128]">&gt;&gt;</a>&nbsp;&nbsp;&nbsp;__fpl_return_NaN
</UL>
<BR>[Called By]<UL><LI><a href="#[20ee4b8]">&gt;&gt;</a>&nbsp;&nbsp;&nbsp;_ffixu
<LI><a href="#[20ee710]">&gt;&gt;</a>&nbsp;&nbsp;&nbsp;_ffix
<LI><a href="#[20ee968]">&gt;&gt;</a>&nbsp;&nbsp;&nbsp;_f2d
</UL>

<P><STRONG><a name="[20ee74c]"></a>__aeabi_f2iz</STRONG> (ARM, 0 bytes, Stack size 0 bytes, ffix.o(x$fpl$ffix), UNUSED)
<BR><BR>[Called By]<UL><LI><a href="#[20f1a64]">&gt;&gt;</a>&nbsp;&nbsp;&nbsp;Sharp_GP2D12_Estimation
</UL>

<P><STRONG><a name="[20ee710]"></a>_ffix</STRONG> (ARM, 112 bytes, Stack size 0 bytes, ffix.o(x$fpl$ffix), UNUSED)
<BR><BR>[Calls]<UL><LI><a href="#[20ecd84]">&gt;&gt;</a>&nbsp;&nbsp;&nbsp;__fpl_fcheck_NaN1
<LI><a href="#[20ef7f0]">&gt;&gt;</a>&nbsp;&nbsp;&nbsp;__fpl_infinity (Weak Reference)
</UL>

<P><STRONG><a name="[20ee6d4]"></a>__fpl_inf_ffix</STRONG> (ARM, 0 bytes, Stack size unknown bytes, ffix.o(x$fpl$ffix), UNUSED)

<P><STRONG><a name="[20ee4f4]"></a>__aeabi_f2uiz</STRONG> (ARM, 0 bytes, Stack size 0 bytes, ffixu.o(x$fpl$ffixu), UNUSED)
<BR><BR>[Called By]<UL><LI><a href="#[20f1a28]">&gt;&gt;</a>&nbsp;&nbsp;&nbsp;Batt_Voltage_Conversion
</UL>

<P><STRONG><a name="[20ee4b8]"></a>_ffixu</STRONG> (ARM, 92 bytes, Stack size 0 bytes, ffixu.o(x$fpl$ffixu), UNUSED)
<BR><BR>[Calls]<UL><LI><a href="#[20ecd84]">&gt;&gt;</a>&nbsp;&nbsp;&nbsp;__fpl_fcheck_NaN1
<LI><a href="#[20ef7f0]">&gt;&gt;</a>&nbsp;&nbsp;&nbsp;__fpl_infinity (Weak Reference)
</UL>

<P><STRONG><a name="[20ee47c]"></a>__fpl_inf_ffixu</STRONG> (ARM, 0 bytes, Stack size unknown bytes, ffixu.o(x$fpl$ffixu), UNUSED)

<P><STRONG><a name="[20ee29c]"></a>__aeabi_i2f</STRONG> (ARM, 0 bytes, Stack size 0 bytes, fflt_noclz.o(x$fpl$fflt), UNUSED)
<BR><BR>[Called By]<UL><LI><a href="#[20f1a64]">&gt;&gt;</a>&nbsp;&nbsp;&nbsp;Sharp_GP2D12_Estimation
</UL>

<P><STRONG><a name="[20ee260]"></a>_fflt</STRONG> (ARM, 92 bytes, Stack size 0 bytes, fflt_noclz.o(x$fpl$fflt), UNUSED)

<P><STRONG><a name="[20ee224]"></a>__fflt_normalise</STRONG> (ARM, 0 bytes, Stack size unknown bytes, fflt_noclz.o(x$fpl$fflt), UNUSED)
<BR><BR>[Called By]<UL><LI><a href="#[20ee1ac]">&gt;&gt;</a>&nbsp;&nbsp;&nbsp;_ffltu
</UL>

<P><STRONG><a name="[20ee1e8]"></a>__aeabi_ui2f</STRONG> (ARM, 0 bytes, Stack size 0 bytes, fflt_noclz.o(x$fpl$ffltu), UNUSED)
<BR><BR>[Called By]<UL><LI><a href="#[20f1a28]">&gt;&gt;</a>&nbsp;&nbsp;&nbsp;Batt_Voltage_Conversion
</UL>

<P><STRONG><a name="[20ee1ac]"></a>_ffltu</STRONG> (ARM, 8 bytes, Stack size 0 bytes, fflt_noclz.o(x$fpl$ffltu), UNUSED)
<BR><BR>[Calls]<UL><LI><a href="#[20ee224]">&gt;&gt;</a>&nbsp;&nbsp;&nbsp;__fflt_normalise
</UL>

<P><STRONG><a name="[20e820c]"></a>_fp_init</STRONG> (ARM, 24 bytes, Stack size 8 bytes, fpinit.o(x$fpl$fpinit))
<BR><BR>[Stack]<UL><LI>Max Depth = 8<LI>Call Chain = _fp_init
</UL>
<BR>[Calls]<UL><LI><a href="#[20e7b7c]">&gt;&gt;</a>&nbsp;&nbsp;&nbsp;__rt_fp_status_addr
</UL>
<BR>[Called By]<UL><LI><a href="#[20ea624]">&gt;&gt;</a>&nbsp;&nbsp;&nbsp;__rt_lib_init (via Veneer)
</UL>

<P><STRONG><a name="[20e81d0]"></a>__fplib_config_pureend_doubles</STRONG> (ARM, 0 bytes, Stack size unknown bytes, fpinit.o(x$fpl$fpinit), UNUSED)

<P><STRONG><a name="[20ecc94]"></a>__funder</STRONG> (ARM, 144 bytes, Stack size 0 bytes, funder.o(x$fpl$funder), UNUSED)

<P><STRONG><a name="[20ecc58]"></a>__funder_d</STRONG> (ARM, 4 bytes, Stack size 0 bytes, funder.o(x$fpl$funder), UNUSED)

<P><STRONG><a name="[20eb128]"></a>__fpl_return_NaN</STRONG> (ARM, 116 bytes, Stack size 0 bytes, retnan.o(x$fpl$retnan), UNUSED)
<BR><BR>[Calls]<UL><LI><a href="#[20ea084]">&gt;&gt;</a>&nbsp;&nbsp;&nbsp;__fpl_cmpreturn
</UL>
<BR>[Called By]<UL><LI><a href="#[20ecd84]">&gt;&gt;</a>&nbsp;&nbsp;&nbsp;__fpl_fcheck_NaN1
<LI><a href="#[20ed108]">&gt;&gt;</a>&nbsp;&nbsp;&nbsp;__fpl_dcheck_NaN1
<LI><a href="#[20ed234]">&gt;&gt;</a>&nbsp;&nbsp;&nbsp;__fpl_dcheck_NaN2
</UL>

<P><STRONG><a name="[20ec988]"></a>__ARM_scalbn</STRONG> (ARM, 0 bytes, Stack size 0 bytes, scalbn.o(x$fpl$scalbn), UNUSED)
<BR><BR>[Called By]<UL><LI><a href="#[20edea0]">&gt;&gt;</a>&nbsp;&nbsp;&nbsp;pow
</UL>

<P><STRONG><a name="[20ec94c]"></a>scalbn</STRONG> (ARM, 108 bytes, Stack size 0 bytes, scalbn.o(x$fpl$scalbn), UNUSED)
<BR><BR>[Calls]<UL><LI><a href="#[20ed108]">&gt;&gt;</a>&nbsp;&nbsp;&nbsp;__fpl_dcheck_NaN1
<LI><a href="#[20ef7f0]">&gt;&gt;</a>&nbsp;&nbsp;&nbsp;__fpl_infinity (Weak Reference)
</UL>
<BR>[Called By]<UL><LI><a href="#[20edea0]">&gt;&gt;</a>&nbsp;&nbsp;&nbsp;pow
</UL>

<P><STRONG><a name="[20ec910]"></a>__fpl_inf_scalbn</STRONG> (ARM, 0 bytes, Stack size unknown bytes, scalbn.o(x$fpl$scalbn), UNUSED)

<P><STRONG><a name="[20ea084]"></a>__fpl_cmpreturn</STRONG> (ARM, 60 bytes, Stack size 0 bytes, trapv.o(x$fpl$trapveneer), UNUSED)
<BR><BR>[Called By]<UL><LI><a href="#[20eb128]">&gt;&gt;</a>&nbsp;&nbsp;&nbsp;__fpl_return_NaN
<LI><a href="#[20eb4e8]">&gt;&gt;</a>&nbsp;&nbsp;&nbsp;__fpl_dcmp_InfNaN
</UL>

<P><STRONG><a name="[20ec820]"></a>__I$use$fp</STRONG> (ARM, 0 bytes, Stack size unknown bytes, usenofp.o(x$fpl$usenofp), UNUSED)
<P>
<H3>
Local Symbols
</H3>
<P><STRONG><a name="[20f27c0]"></a>Undef_Handler</STRONG> (ARM, 4 bytes, Stack size unknown bytes, startup.o(RESET))
<BR><BR>[Calls]<UL><LI><a href="#[20f27c0]">&gt;&gt;</a>&nbsp;&nbsp;&nbsp;Undef_Handler
</UL>
<BR>[Called By]<UL><LI><a href="#[20f27c0]">&gt;&gt;</a>&nbsp;&nbsp;&nbsp;Undef_Handler
</UL>
<BR>[Address Reference Count : 1]<UL><LI> startup.o(RESET)
</UL>
<P><STRONG><a name="[20f2784]"></a>SWI_Handler</STRONG> (ARM, 4 bytes, Stack size unknown bytes, startup.o(RESET))
<BR><BR>[Calls]<UL><LI><a href="#[20f2784]">&gt;&gt;</a>&nbsp;&nbsp;&nbsp;SWI_Handler
</UL>
<BR>[Called By]<UL><LI><a href="#[20f2784]">&gt;&gt;</a>&nbsp;&nbsp;&nbsp;SWI_Handler
</UL>
<BR>[Address Reference Count : 1]<UL><LI> startup.o(RESET)
</UL>
<P><STRONG><a name="[20f2748]"></a>PAbt_Handler</STRONG> (ARM, 4 bytes, Stack size unknown bytes, startup.o(RESET))
<BR><BR>[Calls]<UL><LI><a href="#[20f2748]">&gt;&gt;</a>&nbsp;&nbsp;&nbsp;PAbt_Handler
</UL>
<BR>[Called By]<UL><LI><a href="#[20f2748]">&gt;&gt;</a>&nbsp;&nbsp;&nbsp;PAbt_Handler
</UL>
<BR>[Address Reference Count : 1]<UL><LI> startup.o(RESET)
</UL>
<P><STRONG><a name="[20f270c]"></a>DAbt_Handler</STRONG> (ARM, 4 bytes, Stack size unknown bytes, startup.o(RESET))
<BR><BR>[Calls]<UL><LI><a href="#[20f270c]">&gt;&gt;</a>&nbsp;&nbsp;&nbsp;DAbt_Handler
</UL>
<BR>[Called By]<UL><LI><a href="#[20f270c]">&gt;&gt;</a>&nbsp;&nbsp;&nbsp;DAbt_Handler
</UL>
<BR>[Address Reference Count : 1]<UL><LI> startup.o(RESET)
</UL>
<P><STRONG><a name="[20f26d0]"></a>IRQ_Handler</STRONG> (ARM, 4 bytes, Stack size unknown bytes, startup.o(RESET))
<BR><BR>[Calls]<UL><LI><a href="#[20f26d0]">&gt;&gt;</a>&nbsp;&nbsp;&nbsp;IRQ_Handler
</UL>
<BR>[Called By]<UL><LI><a href="#[20f26d0]">&gt;&gt;</a>&nbsp;&nbsp;&nbsp;IRQ_Handler
</UL>
<BR>[Address Reference Count : 1]<UL><LI> startup.o(RESET)
</UL>
<P><STRONG><a name="[20f2694]"></a>FIQ_Handler</STRONG> (ARM, 4 bytes, Stack size unknown bytes, startup.o(RESET))
<BR><BR>[Calls]<UL><LI><a href="#[20f2694]">&gt;&gt;</a>&nbsp;&nbsp;&nbsp;FIQ_Handler
</UL>
<BR>[Called By]<UL><LI><a href="#[20f2694]">&gt;&gt;</a>&nbsp;&nbsp;&nbsp;FIQ_Handler
</UL>
<BR>[Address Reference Count : 1]<UL><LI> startup.o(RESET)
</UL>
<P><STRONG><a name="[20f063c]"></a>__arm_div8</STRONG> (ARM, 0 bytes, Stack size unknown bytes, aeabi_sdiv.o(.text))
<BR><BR>[Called By]<UL><LI><a href="#[20f04d4]">&gt;&gt;</a>&nbsp;&nbsp;&nbsp;__aeabi_uidivmod
</UL>

<P><STRONG><a name="[20f0600]"></a>__arm_div4</STRONG> (ARM, 0 bytes, Stack size unknown bytes, aeabi_sdiv.o(.text))
<BR><BR>[Called By]<UL><LI><a href="#[20f04d4]">&gt;&gt;</a>&nbsp;&nbsp;&nbsp;__aeabi_uidivmod
</UL>

<P><STRONG><a name="[20f05c4]"></a>__arm_div_large</STRONG> (ARM, 0 bytes, Stack size unknown bytes, aeabi_sdiv.o(.text))
<BR><BR>[Called By]<UL><LI><a href="#[20f04d4]">&gt;&gt;</a>&nbsp;&nbsp;&nbsp;__aeabi_uidivmod
</UL>

<P><STRONG><a name="[20ef610]"></a>_dadd1</STRONG> (ARM, 0 bytes, Stack size unknown bytes, daddsub_noclz.o(x$fpl$dadd), UNUSED)
<BR><BR>[Called By]<UL><LI><a href="#[20ef430]">&gt;&gt;</a>&nbsp;&nbsp;&nbsp;_dsub
<LI><a href="#[20ef4a8]">&gt;&gt;</a>&nbsp;&nbsp;&nbsp;_drsb
</UL>

<P><STRONG><a name="[20ef5d4]"></a>_dsub1</STRONG> (ARM, 0 bytes, Stack size unknown bytes, daddsub_noclz.o(x$fpl$dsub), UNUSED)
<BR><BR>[Called By]<UL><LI><a href="#[20ef4a8]">&gt;&gt;</a>&nbsp;&nbsp;&nbsp;_drsb
<LI><a href="#[20ef55c]">&gt;&gt;</a>&nbsp;&nbsp;&nbsp;_dadd
</UL>
<P>
<H3>
Undefined Global Symbols
</H3>
<P><STRONG><a name="[20ef7f0]"></a>__fpl_infinity</STRONG> (Unknown, 0 bytes, Stack size 0 bytes, UNDEFINED, UNUSED)
<BR><BR>[Called By]<UL><LI><a href="#[20eb254]">&gt;&gt;</a>&nbsp;&nbsp;&nbsp;_dsqrt
<LI><a href="#[20eb4e8]">&gt;&gt;</a>&nbsp;&nbsp;&nbsp;__fpl_dcmp_InfNaN
<LI><a href="#[20ec94c]">&gt;&gt;</a>&nbsp;&nbsp;&nbsp;scalbn
<LI><a href="#[20ee4b8]">&gt;&gt;</a>&nbsp;&nbsp;&nbsp;_ffixu
<LI><a href="#[20ee710]">&gt;&gt;</a>&nbsp;&nbsp;&nbsp;_ffix
<LI><a href="#[20ee968]">&gt;&gt;</a>&nbsp;&nbsp;&nbsp;_f2d
<LI><a href="#[20eead0]">&gt;&gt;</a>&nbsp;&nbsp;&nbsp;_dmul
<LI><a href="#[20eef08]">&gt;&gt;</a>&nbsp;&nbsp;&nbsp;_dfix
<LI><a href="#[20ef160]">&gt;&gt;</a>&nbsp;&nbsp;&nbsp;_ddiv
<LI><a href="#[20ef430]">&gt;&gt;</a>&nbsp;&nbsp;&nbsp;_dsub
<LI><a href="#[20ef55c]">&gt;&gt;</a>&nbsp;&nbsp;&nbsp;_dadd
<LI><a href="#[20ef91c]">&gt;&gt;</a>&nbsp;&nbsp;&nbsp;_d2f
</UL>

<P><STRONG><a name="[20eac3c]"></a>_call_atexit_fns</STRONG> (ARM, 0 bytes, Stack size 0 bytes, UNDEFINED)
<BR><BR>[Called By]<UL><LI><a href="#[20eacb4]">&gt;&gt;</a>&nbsp;&nbsp;&nbsp;exit
</UL>
<HR></body></html>
