<html>
<body>
<pre>
<h1>µVision Build Log</h1>
<h2>Project:</h2>
C:\Users\nikunj\Desktop\acads\IIT\sem 8\CS 308\Project\Final code\TU10_PoolOff\Code\FB5 ARM\Serial_Comm_Xbee.uvproj
Project File Date:  01/28/2014

<h2>Output:</h2>
Build target 'Target 1'
assembling Startup.s...
compiling main.c...
main.c(417): warning:  #61-D: integer operation result is out of range
main.c(417): warning:  #68-D: integer conversion resulted in a change of sign
main.c(618): warning:  #223-D: function "atoi" declared implicitly
main.c(919): warning:  #177-D: variable "Temp" was declared but never referenced
compiling Lcd.c...
linking...
Program Size: Code=25432 RO-data=928 RW-data=36 ZI-data=2708  
FromELF: creating hex file...
User command #1: fromelf --bin .\Serial_Comm_Xbee.axf -o .\Serial_Comm_Xbee.bin
"Serial_Comm_Xbee.axf" - 0 Error(s), 4 Warning(s).
Clean started: Project: 'Serial_Comm_Xbee'
   deleting intermediate output files for target 'Target 1'
