<html>
<body>
<pre>
<h1>µVision Build Log</h1>
<h2>Project:</h2>
C:\Users\Ashish\Desktop\TH-08_MaveRicks\Code\PF1_FB5\Serial_communication\Serial_Comm_Xbee.uvproj
Project File Date:  04/12/2014

<h2>Output:</h2>
Rebuild target 'Target 1'
assembling Startup.s...
compiling main.c...
main.c(332): warning:  #61-D: integer operation result is out of range
main.c(332): warning:  #68-D: integer conversion resulted in a change of sign
linking...
Program Size: Code=4828 RO-data=32 RW-data=24 ZI-data=1256  
FromELF: creating hex file...
After Build - User command #1: fromelf --bin .\Serial_Comm_Xbee.axf -o .\Serial_Comm_Xbee.bin
".\Serial_Comm_Xbee.axf" - 0 Errors, 2 Warning(s).
