ARM Linker, RVCT4.0 [Build 728] [Evaluation]

==============================================================================

Section Cross References

    startup.o(STACK) refers (Special) to heapauxi.o(.text) for __use_two_region_memory
    startup.o(HEAP) refers (Special) to heapauxi.o(.text) for __use_two_region_memory
    startup.o(RESET) refers (Special) to heapauxi.o(.text) for __use_two_region_memory
    startup.o(RESET) refers to startup.o(STACK) for Stack_Top
    startup.o(RESET) refers to __main.o(!!!main) for __main
    startup.o(.text) refers (Special) to heapauxi.o(.text) for __use_two_region_memory
    startup.o(.text) refers to startup.o(HEAP) for Heap_Mem
    startup.o(.text) refers to startup.o(STACK) for Stack_Mem
    lcd.o(.text) refers to main.o(.text) for DelaymSec
    lcd.o(.text) refers to aeabi_sdiv.o(.text_udiv) for __aeabi_uidivmod
    main.o(.text) refers to _printf_percent.o(.ARM.Collect$$_printf_percent$$00000000) for _printf_percent
    main.o(.text) refers to _printf_d.o(.ARM.Collect$$_printf_percent$$00000009) for _printf_d
    main.o(.text) refers to _printf_dec.o(.text) for _printf_int_dec
    main.o(.text) refers to aeabi_sdiv.o(.text_udiv) for __aeabi_uidivmod
    main.o(.text) refers to fflt_noclz.o(x$fpl$ffltu) for __aeabi_ui2f
    main.o(.text) refers to f2d.o(x$fpl$f2d) for __aeabi_f2d
    main.o(.text) refers to ddiv.o(x$fpl$ddiv) for __aeabi_ddiv
    main.o(.text) refers to d2f.o(x$fpl$d2f) for __aeabi_d2f
    main.o(.text) refers to ffixu.o(x$fpl$ffixu) for __aeabi_f2uiz
    main.o(.text) refers to dflt_noclz.o(x$fpl$dfltu) for __aeabi_ui2d
    main.o(.text) refers to main.o(.data) for front
    main.o(.text) refers to main.o(.bss) for queue_arr
    main.o(.text) refers to pow.o(i.pow) for pow
    main.o(.text) refers to dmul.o(x$fpl$dmul) for __aeabi_dmul
    main.o(.text) refers to dfix.o(x$fpl$dfix) for __aeabi_d2iz
    main.o(.text) refers to fflt_noclz.o(x$fpl$fflt) for __aeabi_i2f
    main.o(.text) refers to ffix.o(x$fpl$ffix) for __aeabi_f2iz
    main.o(.text) refers to daddsub_noclz.o(x$fpl$dadd) for __aeabi_dadd
    main.o(.text) refers to aeabi_sdiv.o(.text) for __aeabi_idivmod
    main.o(.text) refers to lcd.o(.text) for LCD_Cursor
    main.o(.text) refers to noretval__2snprintf.o(.text) for __2snprintf
    main.o(.text) refers to strcat.o(.text) for strcat
    main.o(.text) refers to rand.o(.text) for rand
    __2snprintf.o(.text) refers to _printf_char_common.o(.text) for _printf_char_common
    __2snprintf.o(.text) refers to _sputc.o(.text) for _sputc
    __2snprintf.o(.text) refers to _snputc.o(.text) for _snputc
    noretval__2snprintf.o(.text) refers to _printf_char_common.o(.text) for _printf_char_common
    noretval__2snprintf.o(.text) refers to _sputc.o(.text) for _sputc
    noretval__2snprintf.o(.text) refers to _snputc.o(.text) for _snputc
    __printf.o(.text) refers to __printf.o(i.__ARM_common_call_via_r1) for __ARM_common_call_via_r1
    __printf.o(.text) refers to _printf_percent.o(.ARM.Collect$$_printf_percent$$00000000) for _printf_percent
    __printf.o(.text) refers to __printf.o(i.__ARM_common_call_via_r2) for __ARM_common_call_via_r2
    _printf_dec.o(.text) refers to rtudiv10.o(.text) for __rt_udiv10
    _printf_dec.o(.text) refers to _printf_intcommon.o(.text) for _printf_int_common
    __printf_flags.o(.text) refers to __printf.o(i.__ARM_common_call_via_r1) for __ARM_common_call_via_r1
    __printf_flags.o(.text) refers to _printf_percent.o(.ARM.Collect$$_printf_percent$$00000000) for _printf_percent
    __printf_flags.o(.text) refers to __printf.o(i.__ARM_common_call_via_r2) for __ARM_common_call_via_r2
    __printf_flags.o(.text) refers to __printf_flags.o(.constdata) for .constdata
    __printf_ss.o(.text) refers to __printf.o(i.__ARM_common_call_via_r1) for __ARM_common_call_via_r1
    __printf_ss.o(.text) refers to _printf_percent.o(.ARM.Collect$$_printf_percent$$00000000) for _printf_percent
    __printf_ss.o(.text) refers to __printf.o(i.__ARM_common_call_via_r2) for __ARM_common_call_via_r2
    __printf_flags_ss.o(.text) refers to __printf.o(i.__ARM_common_call_via_r1) for __ARM_common_call_via_r1
    __printf_flags_ss.o(.text) refers to _printf_percent.o(.ARM.Collect$$_printf_percent$$00000000) for _printf_percent
    __printf_flags_ss.o(.text) refers to __printf.o(i.__ARM_common_call_via_r2) for __ARM_common_call_via_r2
    __printf_flags_ss.o(.text) refers to __printf_flags_ss.o(.constdata) for .constdata
    __printf_wp.o(.text) refers to __printf.o(i.__ARM_common_call_via_r1) for __ARM_common_call_via_r1
    __printf_wp.o(.text) refers to _printf_percent.o(.ARM.Collect$$_printf_percent$$00000000) for _printf_percent
    __printf_wp.o(.text) refers to __printf.o(i.__ARM_common_call_via_r2) for __ARM_common_call_via_r2
    __printf_flags_wp.o(.text) refers to __printf.o(i.__ARM_common_call_via_r1) for __ARM_common_call_via_r1
[...]
    rtentry.o(.ARM.exidx) refers to rtentry.o(.ARM.Collect$$rtentry$$00000000) for .ARM.Collect$$rtentry$$00000000
    aeabi_idiv0_sigfpe.o(.text) refers to rt_div0.o(.text) for __rt_div0
    _rserrno.o(.text) refers to rt_errno_addr_intlibspace.o(.text) for __aeabi_errno_addr
    _printf_intcommon.o(.text) refers to __printf.o(i.__ARM_common_call_via_r2) for __ARM_common_call_via_r2
    _printf_char_common.o(.text) refers to __printf.o(.text) for __printf
    libinit2.o(.ARM.Collect$$libinit$$00000009) refers (Weak) to rand.o(.text) for _rand_init
    libinit2.o(.ARM.Collect$$libinit$$0000000C) refers to libinit2.o(.ARM.Collect$$libinit$$0000000B) for .ARM.Collect$$libinit$$0000000B
    libinit2.o(.ARM.Collect$$libinit$$0000000E) refers to libinit2.o(.ARM.Collect$$libinit$$0000000B) for .ARM.Collect$$libinit$$0000000B
    libinit2.o(.ARM.Collect$$libinit$$00000010) refers to libinit2.o(.ARM.Collect$$libinit$$0000000B) for .ARM.Collect$$libinit$$0000000B
    libinit2.o(.ARM.Collect$$libinit$$00000012) refers to libinit2.o(.ARM.Collect$$libinit$$0000000B) for .ARM.Collect$$libinit$$0000000B
    libinit2.o(.ARM.Collect$$libinit$$00000014) refers to libinit2.o(.ARM.Collect$$libinit$$0000000B) for .ARM.Collect$$libinit$$0000000B
    libinit2.o(.ARM.Collect$$libinit$$00000022) refers to argv_veneer.o(.emb_text) for __ARM_argv_veneer
    libinit2.o(.ARM.Collect$$libinit$$00000023) refers to argv_veneer.o(.emb_text) for __ARM_argv_veneer
    dcheck.o(x$fpl$dcheck) refers (Special) to usenofp.o(x$fpl$usenofp) for __I$use$fp
    dcheck.o(x$fpl$dcheck) refers to retnan.o(x$fpl$retnan) for __fpl_return_NaN
    dcheck1.o(x$fpl$dcheck1) refers (Special) to usenofp.o(x$fpl$usenofp) for __I$use$fp
    dcheck1.o(x$fpl$dcheck1) refers to retnan.o(x$fpl$retnan) for __fpl_return_NaN
    drleqf.o(x$fpl$drleqf) refers (Special) to usenofp.o(x$fpl$usenofp) for __I$use$fp
    drleqf.o(x$fpl$drleqf) refers to dcmpin.o(x$fpl$dcmpinfnan) for __fpl_dcmp_InfNaN
    dunder.o(x$fpl$dunder) refers (Special) to usenofp.o(x$fpl$usenofp) for __I$use$fp
    fcheck1.o(x$fpl$fcheck1) refers (Special) to usenofp.o(x$fpl$usenofp) for __I$use$fp
    fcheck1.o(x$fpl$fcheck1) refers to retnan.o(x$fpl$retnan) for __fpl_return_NaN
    funder.o(x$fpl$funder) refers (Special) to usenofp.o(x$fpl$usenofp) for __I$use$fp
    scalbn.o(x$fpl$scalbnl) refers (Special) to usenofp.o(x$fpl$usenofp) for __I$use$fp
    scalbn.o(x$fpl$scalbnl) refers to scalbn.o(x$fpl$scalbn) for scalbn
    scalbn.o(x$fpl$scalblnl) refers (Special) to usenofp.o(x$fpl$usenofp) for __I$use$fp
    scalbn.o(x$fpl$scalblnl) refers to scalbn.o(x$fpl$scalbn) for scalbn
    scalbn.o(x$fpl$scalbln) refers (Special) to usenofp.o(x$fpl$usenofp) for __I$use$fp
    scalbn.o(x$fpl$scalbln) refers to scalbn.o(x$fpl$scalbn) for scalbn
    scalbn.o(x$fpl$scalbn) refers (Special) to usenofp.o(x$fpl$usenofp) for __I$use$fp
    scalbn.o(x$fpl$scalbn) refers to dcheck1.o(x$fpl$dcheck1) for __fpl_dcheck_NaN1
    dunder.o(i.__mathlib_dbl_underflow) refers to scalbn.o(x$fpl$scalbn) for scalbn
    fpclassify.o(i.__ARM_fpclassify) refers (Special) to usenofp.o(x$fpl$usenofp) for __I$use$fp
    poly.o(i.__kernel_poly) refers (Special) to usenofp.o(x$fpl$usenofp) for __I$use$fp
    poly.o(i.__kernel_poly) refers to dmul.o(x$fpl$dmul) for __aeabi_dmul
    poly.o(i.__kernel_poly) refers to daddsub_noclz.o(x$fpl$dadd) for __aeabi_dadd
    qnan.o(.constdata) refers (Special) to usenofp.o(x$fpl$usenofp) for __I$use$fp
    sqrt.o(i.__softfp_sqrt) refers (Special) to usenofp.o(x$fpl$usenofp) for __I$use$fp
    sqrt.o(i.__softfp_sqrt) refers to dleqf.o(x$fpl$dleqf) for __aeabi_cdcmple
    sqrt.o(i.__softfp_sqrt) refers to dsqrt.o(x$fpl$dsqrt) for _dsqrt
    sqrt.o(i.__softfp_sqrt) refers to _rserrno.o(.text) for __set_errno
    sqrt.o(i.sqrt) refers (Special) to usenofp.o(x$fpl$usenofp) for __I$use$fp
    sqrt.o(i.sqrt) refers to dleqf.o(x$fpl$dleqf) for __aeabi_cdcmple
    sqrt.o(i.sqrt) refers to dsqrt.o(x$fpl$dsqrt) for _dsqrt
    sqrt.o(i.sqrt) refers to _rserrno.o(.text) for __set_errno
    sqrt_x.o(i.____softfp_sqrt$c99) refers (Special) to usenofp.o(x$fpl$usenofp) for __I$use$fp
    sqrt_x.o(i.____softfp_sqrt$c99) refers to dsqrt.o(x$fpl$dsqrt) for _dsqrt
    sqrt_x.o(i.____softfp_sqrt$c99) refers to _rserrno.o(.text) for __set_errno
    sqrt_x.o(i.__sqrt$c99) refers (Special) to usenofp.o(x$fpl$usenofp) for __I$use$fp
    sqrt_x.o(i.__sqrt$c99) refers to dsqrt.o(x$fpl$dsqrt) for _dsqrt
    sqrt_x.o(i.__sqrt$c99) refers to _rserrno.o(.text) for __set_errno
    rtentry2.o(.ARM.Collect$$rtentry$$00000008) refers to boardinit2.o(.text) for _platform_post_stackheap_init
    rtentry2.o(.ARM.Collect$$rtentry$$0000000A) refers to libinit.o(.ARM.Collect$$libinit$$00000000) for __rt_lib_init
    rtentry2.o(.ARM.Collect$$rtentry$$0000000B) refers to boardinit3.o(.text) for _platform_post_lib_init
    rtentry2.o(.ARM.Collect$$rtentry$$0000000D) refers to exit.o(.text) for exit
    rtentry2.o(.ARM.Collect$$rtentry$$0000000D) refers to main.o(.text) for main
    rtentry2.o(.ARM.exidx) refers to rtentry2.o(.ARM.Collect$$rtentry$$00000001) for .ARM.Collect$$rtentry$$00000001
    rtentry2.o(.ARM.exidx) refers to rtentry2.o(.ARM.Collect$$rtentry$$00000002) for .ARM.Collect$$rtentry$$00000002
    rtentry2.o(.ARM.exidx) refers to rtentry2.o(.ARM.Collect$$rtentry$$00000008) for .ARM.Collect$$rtentry$$00000008
    rtentry2.o(.ARM.exidx) refers to rtentry2.o(.ARM.Collect$$rtentry$$00000009) for .ARM.Collect$$rtentry$$00000009
    rtentry2.o(.ARM.exidx) refers to rtentry2.o(.ARM.Collect$$rtentry$$0000000A) for .ARM.Collect$$rtentry$$0000000A
    rtentry2.o(.ARM.exidx) refers to rtentry2.o(.ARM.Collect$$rtentry$$0000000B) for .ARM.Collect$$rtentry$$0000000B
    rtentry2.o(.ARM.exidx) refers to rtentry2.o(.ARM.Collect$$rtentry$$0000000C) for .ARM.Collect$$rtentry$$0000000C
    rtentry2.o(.ARM.exidx) refers to rtentry2.o(.ARM.Collect$$rtentry$$0000000D) for .ARM.Collect$$rtentry$$0000000D
    rtentry4.o(.ARM.Collect$$rtentry$$00000004) refers to sys_stackheap_outer.o(.text) for __user_setup_stackheap
    rtentry4.o(.ARM.exidx) refers to rtentry4.o(.ARM.Collect$$rtentry$$00000004) for .ARM.Collect$$rtentry$$00000004
    rt_div0.o(.text) refers to defsig_fpe_outer.o(.text) for __rt_SIGFPE
    rt_errno_addr.o(.text) refers to rt_errno_addr.o(.bss) for __aeabi_errno_addr_data
    rt_errno_addr_intlibspace.o(.text) refers to libspace.o(.bss) for __libspace_start
    __printf_nopercent.o(.text) refers to __printf_nopercent.o(i.__ARM_common_call_via_r7) for __ARM_common_call_via_r7
    __printf_nopercent.o(.text) refers to __printf_nopercent.o(i.__ARM_common_call_via_r5) for __ARM_common_call_via_r5
    argv_veneer.o(.emb_text) refers to no_argv.o(.text) for __ARM_get_argv
    dcmpin.o(x$fpl$dcmpinfnan) refers (Special) to usenofp.o(x$fpl$usenofp) for __I$use$fp
    dcmpin.o(x$fpl$dcmpinfnan) refers to dcheck.o(x$fpl$dcheck) for __fpl_dcheck_NaN2
    dcmpin.o(x$fpl$dcmpinfnan) refers to trapv.o(x$fpl$trapveneer) for __fpl_cmpreturn
    dleqf.o(x$fpl$dleqf) refers (Special) to usenofp.o(x$fpl$usenofp) for __I$use$fp
    dleqf.o(x$fpl$dleqf) refers to dcmpin.o(x$fpl$dcmpinfnan) for __fpl_dcmp_InfNaN
    dsqrt.o(x$fpl$dsqrt) refers (Special) to usenofp.o(x$fpl$usenofp) for __I$use$fp
    dsqrt.o(x$fpl$dsqrt) refers to dcheck1.o(x$fpl$dcheck1) for __fpl_dcheck_NaN1
    retnan.o(x$fpl$retnan) refers (Special) to usenofp.o(x$fpl$usenofp) for __I$use$fp
    retnan.o(x$fpl$retnan) refers to trapv.o(x$fpl$trapveneer) for __fpl_cmpreturn
    libspace.o(.text) refers to libspace.o(.bss) for __libspace_start
    sys_stackheap_outer.o(.text) refers to libspace.o(.text) for __user_perproc_libspace
    sys_stackheap_outer.o(.text) refers to startup.o(.text) for __user_initial_stackheap
    exit.o(.text) refers to rtexit.o(.ARM.Collect$$rtexit$$00000000) for __rt_exit
    defsig_fpe_outer.o(.text) refers to defsig_fpe_inner.o(.text) for __rt_SIGFPE_inner
    defsig_fpe_outer.o(.text) refers to defsig_exit.o(.text) for __sig_exit
    defsig_fpe_formal.o(.text) refers to rt_raise.o(.text) for __rt_raise
    _get_argv_nomalloc.o(.text) refers (Special) to hrguard.o(.text) for __heap_region$guard
    _get_argv_nomalloc.o(.text) refers to defsig_rtmem_outer.o(.text) for __rt_SIGRTMEM
    _get_argv_nomalloc.o(.text) refers to sys_command.o(.text) for _sys_command_string
    libinit.o(.ARM.Collect$$libinit$$00000000) refers (Special) to libinit2.o(.ARM.Collect$$libinit$$0000002A) for __rt_lib_init_alloca_1
    libinit.o(.ARM.Collect$$libinit$$00000000) refers (Special) to libinit2.o(.ARM.Collect$$libinit$$00000028) for __rt_lib_init_argv_1
    libinit.o(.ARM.Collect$$libinit$$00000000) refers (Special) to libinit2.o(.ARM.Collect$$libinit$$00000017) for __rt_lib_init_atexit_1
    libinit.o(.ARM.Collect$$libinit$$00000000) refers (Special) to libinit2.o(.ARM.Collect$$libinit$$0000001D) for __rt_lib_init_clock_1
    libinit.o(.ARM.Collect$$libinit$$00000000) refers (Special) to libinit2.o(.ARM.Collect$$libinit$$0000002E) for __rt_lib_init_cpp_1
    libinit.o(.ARM.Collect$$libinit$$00000000) refers (Special) to libinit2.o(.ARM.Collect$$libinit$$0000002C) for __rt_lib_init_exceptions_1
    libinit.o(.ARM.Collect$$libinit$$00000000) refers (Special) to libinit2.o(.ARM.Collect$$libinit$$0000001B) for __rt_lib_init_fp_trap_1
    libinit.o(.ARM.Collect$$libinit$$00000000) refers (Special) to libinit2.o(.ARM.Collect$$libinit$$0000001F) for __rt_lib_init_getenv_1
    libinit.o(.ARM.Collect$$libinit$$00000000) refers (Special) to libinit2.o(.ARM.Collect$$libinit$$00000006) for __rt_lib_init_heap_1
    libinit.o(.ARM.Collect$$libinit$$00000000) refers (Special) to libinit2.o(.ARM.Collect$$libinit$$0000000D) for __rt_lib_init_lc_collate_1
    libinit.o(.ARM.Collect$$libinit$$00000000) refers (Special) to libinit2.o(.ARM.Collect$$libinit$$0000000F) for __rt_lib_init_lc_ctype_1
    libinit.o(.ARM.Collect$$libinit$$00000000) refers (Special) to libinit2.o(.ARM.Collect$$libinit$$00000011) for __rt_lib_init_lc_monetary_1
    libinit.o(.ARM.Collect$$libinit$$00000000) refers (Special) to libinit2.o(.ARM.Collect$$libinit$$00000013) for __rt_lib_init_lc_numeric_1
    libinit.o(.ARM.Collect$$libinit$$00000000) refers (Special) to libinit2.o(.ARM.Collect$$libinit$$00000015) for __rt_lib_init_lc_time_1
    libinit.o(.ARM.Collect$$libinit$$00000000) refers (Special) to libinit2.o(.ARM.Collect$$libinit$$0000000A) for __rt_lib_init_rand_1
    libinit.o(.ARM.Collect$$libinit$$00000000) refers (Special) to libinit2.o(.ARM.Collect$$libinit$$0000002F) for __rt_lib_init_return
    libinit.o(.ARM.Collect$$libinit$$00000000) refers (Special) to libinit2.o(.ARM.Collect$$libinit$$00000019) for __rt_lib_init_signal_1
    libinit.o(.ARM.Collect$$libinit$$00000000) refers (Special) to libinit2.o(.ARM.Collect$$libinit$$00000021) for __rt_lib_init_stdio_1
    libinit.o(.ARM.Collect$$libinit$$00000000) refers (Special) to libinit2.o(.ARM.Collect$$libinit$$00000008) for __rt_lib_init_user_alloc_1
    libinit.o(.ARM.Collect$$libinit$$00000000) refers to fpinit.o(x$fpl$fpinit) for _fp_init
    trapv.o(x$fpl$trapveneer) refers (Special) to usenofp.o(x$fpl$usenofp) for __I$use$fp
    sys_command.o(.text) refers (Special) to use_no_semi.o(.text) for __I$use$semihosting
    rtexit.o(.ARM.Collect$$rtexit$$00000000) refers (Special) to rtexit2.o(.ARM.Collect$$rtexit$$00000004) for __rt_exit_exit
    rtexit.o(.ARM.Collect$$rtexit$$00000000) refers (Special) to rtexit2.o(.ARM.Collect$$rtexit$$00000003) for __rt_exit_ls
    rtexit.o(.ARM.Collect$$rtexit$$00000000) refers (Special) to rtexit2.o(.ARM.Collect$$rtexit$$00000002) for __rt_exit_prels_1
    rtexit.o(.ARM.exidx) refers (Special) to rtexit2.o(.ARM.Collect$$rtexit$$00000004) for __rt_exit_exit
    rtexit.o(.ARM.exidx) refers (Special) to rtexit2.o(.ARM.Collect$$rtexit$$00000003) for __rt_exit_ls
    rtexit.o(.ARM.exidx) refers (Special) to rtexit2.o(.ARM.Collect$$rtexit$$00000002) for __rt_exit_prels_1
    rtexit.o(.ARM.exidx) refers to rtexit.o(.ARM.Collect$$rtexit$$00000000) for .ARM.Collect$$rtexit$$00000000
    rt_raise.o(.text) refers to __raise.o(.text) for __raise
    rt_raise.o(.text) refers to sys_exit.o(.text) for _sys_exit
    defsig_exit.o(.text) refers to sys_exit.o(.text) for _sys_exit
    defsig_fpe_inner.o(.text) refers to defsig_general.o(.text) for __default_signal_display
    defsig_rtmem_outer.o(.text) refers to defsig_rtmem_inner.o(.text) for __rt_SIGRTMEM_inner
    defsig_rtmem_outer.o(.text) refers to defsig_exit.o(.text) for __sig_exit
    defsig_rtmem_formal.o(.text) refers to rt_raise.o(.text) for __rt_raise
    fpinit.o(x$fpl$fpinit) refers to rt_fp_status_addr_intlibspace.o(.text) for __rt_fp_status_addr
    sys_exit.o(.text) refers to use_no_semi.o(.text) for __I$use$semihosting
    rtexit2.o(.ARM.Collect$$rtexit$$00000003) refers to libshutdown.o(.ARM.Collect$$libshutdown$$00000000) for __rt_lib_shutdown
    rtexit2.o(.ARM.Collect$$rtexit$$00000004) refers to sys_exit.o(.text) for _sys_exit
    rtexit2.o(.ARM.exidx) refers to rtexit2.o(.ARM.Collect$$rtexit$$00000001) for .ARM.Collect$$rtexit$$00000001
    rtexit2.o(.ARM.exidx) refers to rtexit2.o(.ARM.Collect$$rtexit$$00000002) for .ARM.Collect$$rtexit$$00000002
    rtexit2.o(.ARM.exidx) refers to rtexit2.o(.ARM.Collect$$rtexit$$00000003) for .ARM.Collect$$rtexit$$00000003
    rtexit2.o(.ARM.exidx) refers to rtexit2.o(.ARM.Collect$$rtexit$$00000004) for .ARM.Collect$$rtexit$$00000004
    rt_fp_status_addr.o(.text) refers to rt_fp_status_addr.o(.bss) for __rt_fp_status_addr_data
    rt_fp_status_addr_intlibspace.o(.text) refers to libspace.o(.bss) for __libspace_start
    __raise.o(.text) refers to defsig.o(CL$$defsig) for __default_signal_handler
    __raise.o(.text) refers to __printf.o(i.__ARM_common_call_via_r2) for __ARM_common_call_via_r2
    defsig_general.o(.text) refers to sys_wrch.o(.text) for _ttywrch
    defsig_rtmem_inner.o(.text) refers to defsig_general.o(.text) for __default_signal_display
    sys_wrch.o(.text) refers (Special) to use_no_semi.o(.text) for __I$use$semihosting
    defsig.o(CL$$defsig) refers to defsig_fpe_inner.o(.text) for __rt_SIGFPE_inner
    defsig.o(CL$$defsig) refers to defsig_rtmem_inner.o(.text) for __rt_SIGRTMEM_inner
    libshutdown.o(.ARM.Collect$$libshutdown$$00000000) refers (Special) to libshutdown2.o(.ARM.Collect$$libshutdown$$00000006) for __rt_lib_shutdown_fp_trap_1
    libshutdown.o(.ARM.Collect$$libshutdown$$00000000) refers (Special) to libshutdown2.o(.ARM.Collect$$libshutdown$$0000000E) for __rt_lib_shutdown_heap_1
    libshutdown.o(.ARM.Collect$$libshutdown$$00000000) refers (Special) to libshutdown2.o(.ARM.Collect$$libshutdown$$0000000F) for __rt_lib_shutdown_return
    libshutdown.o(.ARM.Collect$$libshutdown$$00000000) refers (Special) to libshutdown2.o(.ARM.Collect$$libshutdown$$00000009) for __rt_lib_shutdown_signal_1
    libshutdown.o(.ARM.Collect$$libshutdown$$00000000) refers (Special) to libshutdown2.o(.ARM.Collect$$libshutdown$$00000003) for __rt_lib_shutdown_stdio_1
    libshutdown.o(.ARM.Collect$$libshutdown$$00000000) refers (Special) to libshutdown2.o(.ARM.Collect$$libshutdown$$0000000B) for __rt_lib_shutdown_user_alloc_1
    defsig_abrt_inner.o(.text) refers to defsig_general.o(.text) for __default_signal_display
    defsig_rtred_inner.o(.text) refers to defsig_general.o(.text) for __default_signal_display
    defsig_stak_inner.o(.text) refers to defsig_general.o(.text) for __default_signal_display
    defsig_pvfn_inner.o(.text) refers to defsig_general.o(.text) for __default_signal_display
    defsig_cppl_inner.o(.text) refers to defsig_general.o(.text) for __default_signal_display
    defsig_segv_inner.o(.text) refers to defsig_general.o(.text) for __default_signal_display
    defsig_other.o(.text) refers to defsig_general.o(.text) for __default_signal_display


==============================================================================

Adding Veneers to the image

    Adding TA veneer (4 bytes, Inline) for call to '_printf_percent' from __printf.o(.text).
    Adding AT veneer (8 bytes, Inline) for call to '__rt_lib_init' from rtentry2.o(.ARM.Collect$$rtentry$$0000000A).
    Adding AT veneer (8 bytes, Inline) for call to '__rt_lib_shutdown' from rtexit2.o(.ARM.Collect$$rtexit$$00000003).
    Adding TA veneer (4 bytes, Inline) for call to '__rt_exit' from exit.o(.text).
    Adding AT veneer (8 bytes, Inline) for call to '__2snprintf' from main.o(.text).
    Adding AT veneer (8 bytes, Inline) for call to '_printf_int_dec' from _printf_d.o(.ARM.Collect$$_printf_percent$$00000009).
    Adding AT veneer (8 bytes, Inline) for call to 'rand' from main.o(.text).
    Adding AT veneer (8 bytes, Inline) for call to 'strcat' from main.o(.text).
    Adding AT veneer (8 bytes, Inline) for call to '__set_errno' from pow.o(i.pow).
    Adding TA veneer (4 bytes, Inline) for call to '__rt_udiv10' from _printf_dec.o(.text).
    Adding TA veneer (4 bytes, Inline) for call to '__aeabi_errno_addr' from _rserrno.o(.text).
    Adding TA veneer (4 bytes, Inline) for call to '_fp_init' from libinit.o(.ARM.Collect$$libinit$$00000000).

12 Veneer(s) (total 76 bytes) added to the image.

==============================================================================

Image Symbol Table

    Local Symbols

    Symbol Name                              Value     Ov Type        Size  Object(Section)

    ../../angel/boardlib.s                   0x00000000   Number         0  boardshut.o ABSOLUTE
    ../../angel/boardlib.s                   0x00000000   Number         0  boardinit3.o ABSOLUTE
    ../../angel/boardlib.s                   0x00000000   Number         0  boardinit2.o ABSOLUTE
    ../../angel/boardlib.s                   0x00000000   Number         0  boardinit1.o ABSOLUTE
    ../../angel/handlers.s                   0x00000000   Number         0  __scatter_copy.o ABSOLUTE
    ../../angel/handlers.s                   0x00000000   Number         0  __scatter_zi.o ABSOLUTE
    ../../angel/kernel.s                     0x00000000   Number         0  rtentry.o ABSOLUTE
    ../../angel/kernel.s                     0x00000000   Number         0  rtentry2.o ABSOLUTE
    ../../angel/kernel.s                     0x00000000   Number         0  rtentry4.o ABSOLUTE
    ../../angel/kernel.s                     0x00000000   Number         0  rtexit.o ABSOLUTE
    ../../angel/kernel.s                     0x00000000   Number         0  rtexit2.o ABSOLUTE
    ../../angel/rt.s                         0x00000000   Number         0  rt_errno_addr.o ABSOLUTE
    ../../angel/rt.s                         0x00000000   Number         0  aeabi_idiv0.o ABSOLUTE
    ../../angel/rt.s                         0x00000000   Number         0  rt_div0.o ABSOLUTE
    ../../angel/rt.s                         0x00000000   Number         0  rt_fp_status_addr.o ABSOLUTE
    ../../angel/rt.s                         0x00000000   Number         0  rt_errno_addr_intlibspace.o ABSOLUTE
    ../../angel/rt.s                         0x00000000   Number         0  rt_fp_status_addr_intlibspace.o ABSOLUTE
    ../../angel/rt.s                         0x00000000   Number         0  aeabi_idiv0_sigfpe.o ABSOLUTE
    ../../angel/rt.s                         0x00000000   Number         0  rt_raise.o ABSOLUTE
    ../../angel/scatter.s                    0x00000000   Number         0  __scatter.o ABSOLUTE
    ../../angel/startup.s                    0x00000000   Number         0  __main.o ABSOLUTE
    ../../angel/sys.s                        0x00000000   Number         0  libspace.o ABSOLUTE
    ../../angel/sys.s                        0x00000000   Number         0  sys_exit.o ABSOLUTE
    ../../angel/sys.s                        0x00000000   Number         0  sys_stackheap_outer.o ABSOLUTE
    ../../angel/sys.s                        0x00000000   Number         0  use_no_semi.o ABSOLUTE
    ../../angel/sysapp.c                     0x00000000   Number         0  sys_command.o ABSOLUTE
    ../../angel/sysapp.c                     0x00000000   Number         0  sys_wrch.o ABSOLUTE
    ../../armsys.c                           0x00000000   Number         0  no_argv.o ABSOLUTE
    ../../armsys.c                           0x00000000   Number         0  _get_argv_nomalloc.o ABSOLUTE
    ../../armsys.c                           0x00000000   Number         0  argv_veneer.o ABSOLUTE
    ../../armsys.c                           0x00000000   Number         0  argv_veneer.o ABSOLUTE
    ../../d2f.s                              0x00000000   Number         0  d2f.o ABSOLUTE
    ../../daddsub.s                          0x00000000   Number         0  daddsub_noclz.o ABSOLUTE
    ../../dcheck.s                           0x00000000   Number         0  dcheck.o ABSOLUTE
    ../../dcheck1.s                          0x00000000   Number         0  dcheck1.o ABSOLUTE
    ../../dcmpin.s                           0x00000000   Number         0  dcmpin.o ABSOLUTE
    ../../ddiv.s                             0x00000000   Number         0  ddiv.o ABSOLUTE
    ../../dfix.s                             0x00000000   Number         0  dfix.o ABSOLUTE
    ../../dflt.s                             0x00000000   Number         0  dflt_noclz.o ABSOLUTE
    ../../division.s                         0x00000000   Number         0  aeabi_sdiv.o ABSOLUTE
    ../../division.s                         0x00000000   Number         0  aeabi_sdiv_div0.o ABSOLUTE
    ../../division.s                         0x00000000   Number         0  rtudiv10.o ABSOLUTE
    ../../divrt.s                            0x00000000   Number         0  divrt_7tdmi_div0.o ABSOLUTE
    ../../divrt.s                            0x00000000   Number         0  divrt_7tdmi.o ABSOLUTE
    ../../dleqf.s                            0x00000000   Number         0  dleqf.o ABSOLUTE
    ../../dmul.s                             0x00000000   Number         0  dmul.o ABSOLUTE
    ../../drleqf.s                           0x00000000   Number         0  drleqf.o ABSOLUTE
    ../../dsqrt.s                            0x00000000   Number         0  dsqrt.o ABSOLUTE
    ../../dunder.c                           0x00000000   Number         0  dunder.o ABSOLUTE
    ../../dunder.s                           0x00000000   Number         0  dunder.o ABSOLUTE
    ../../f2d.s                              0x00000000   Number         0  f2d.o ABSOLUTE
    ../../fcheck1.s                          0x00000000   Number         0  fcheck1.o ABSOLUTE
    ../../fenv.c                             0x00000000   Number         0  _rserrno.o ABSOLUTE
    ../../ffix.s                             0x00000000   Number         0  ffix.o ABSOLUTE
    ../../ffixu.s                            0x00000000   Number         0  ffixu.o ABSOLUTE
    ../../fflt.s                             0x00000000   Number         0  fflt_noclz.o ABSOLUTE
    ../../fpclassify.c                       0x00000000   Number         0  fpclassify.o ABSOLUTE
    ../../fpinit.s                           0x00000000   Number         0  fpinit.o ABSOLUTE
    ../../funder.s                           0x00000000   Number         0  funder.o ABSOLUTE
    ../../heapalloc.c                        0x00000000   Number         0  hrguard.o ABSOLUTE
    ../../heapaux.c                          0x00000000   Number         0  heapauxi.o ABSOLUTE
    ../../libinit.s                          0x00000000   Number         0  libinit2.o ABSOLUTE
    ../../libinit.s                          0x00000000   Number         0  libshutdown.o ABSOLUTE
    ../../libinit.s                          0x00000000   Number         0  libinit.o ABSOLUTE
    ../../libinit.s                          0x00000000   Number         0  libshutdown2.o ABSOLUTE
    ../../poly.c                             0x00000000   Number         0  poly.o ABSOLUTE
    ../../pow.c                              0x00000000   Number         0  pow.o ABSOLUTE
    ../../pow.c                              0x00000000   Number         0  pow_x.o ABSOLUTE
    ../../printf.c                           0x00000000   Number         0  _printf_intcommon.o ABSOLUTE
    ../../printf.c                           0x00000000   Number         0  noretval__2snprintf.o ABSOLUTE
    ../../printf.c                           0x00000000   Number         0  _printf_char_common.o ABSOLUTE
    ../../printf.c                           0x00000000   Number         0  _sputc.o ABSOLUTE
    ../../printf.c                           0x00000000   Number         0  _snputc.o ABSOLUTE
    ../../printf.c                           0x00000000   Number         0  __printf.o ABSOLUTE
    ../../printf.c                           0x00000000   Number         0  _printf_dec.o ABSOLUTE
    ../../printf.c                           0x00000000   Number         0  __printf_flags.o ABSOLUTE
    ../../printf.c                           0x00000000   Number         0  __printf_wp.o ABSOLUTE
    ../../printf.c                           0x00000000   Number         0  __printf_flags_wp.o ABSOLUTE
    ../../printf.c                           0x00000000   Number         0  __printf_ss_wp.o ABSOLUTE
    ../../printf.c                           0x00000000   Number         0  __printf_flags_ss_wp.o ABSOLUTE
    ../../printf.c                           0x00000000   Number         0  __printf_nopercent.o ABSOLUTE
    ../../printf.c                           0x00000000   Number         0  __printf_ss.o ABSOLUTE
    ../../printf.c                           0x00000000   Number         0  __printf_flags_ss.o ABSOLUTE
    ../../printf.c                           0x00000000   Number         0  __2snprintf.o ABSOLUTE
    ../../printf_percent.s                   0x00000000   Number         0  _printf_percent.o ABSOLUTE
    ../../printf_percent.s                   0x00000000   Number         0  _printf_d.o ABSOLUTE
    ../../printf_percent.s                   0x00000000   Number         0  _printf_percent_end.o ABSOLUTE
    ../../qnan.c                             0x00000000   Number         0  qnan.o ABSOLUTE
    ../../retnan.s                           0x00000000   Number         0  retnan.o ABSOLUTE
    ../../scalbn.s                           0x00000000   Number         0  scalbn.o ABSOLUTE
    ../../signal.c                           0x00000000   Number         0  defsig_rtred_inner.o ABSOLUTE
    ../../signal.c                           0x00000000   Number         0  defsig_cppl_inner.o ABSOLUTE
    ../../signal.c                           0x00000000   Number         0  defsig_stak_inner.o ABSOLUTE
    ../../signal.c                           0x00000000   Number         0  defsig_pvfn_inner.o ABSOLUTE
    ../../signal.c                           0x00000000   Number         0  defsig_segv_inner.o ABSOLUTE
    ../../signal.c                           0x00000000   Number         0  defsig_rtmem_formal.o ABSOLUTE
    ../../signal.c                           0x00000000   Number         0  defsig_other.o ABSOLUTE
    ../../signal.c                           0x00000000   Number         0  __raise.o ABSOLUTE
    ../../signal.c                           0x00000000   Number         0  defsig_general.o ABSOLUTE
    ../../signal.c                           0x00000000   Number         0  defsig_rtmem_inner.o ABSOLUTE
    ../../signal.c                           0x00000000   Number         0  defsig_fpe_formal.o ABSOLUTE
    ../../signal.c                           0x00000000   Number         0  defsig_fpe_outer.o ABSOLUTE
    ../../signal.c                           0x00000000   Number         0  defsig_abrt_inner.o ABSOLUTE
    ../../signal.c                           0x00000000   Number         0  defsig_rtmem_outer.o ABSOLUTE
    ../../signal.c                           0x00000000   Number         0  defsig_exit.o ABSOLUTE
    ../../signal.c                           0x00000000   Number         0  defsig_fpe_inner.o ABSOLUTE
    ../../signal.s                           0x00000000   Number         0  defsig.o ABSOLUTE
    ../../sqrt.c                             0x00000000   Number         0  sqrt_x.o ABSOLUTE
    ../../sqrt.c                             0x00000000   Number         0  sqrt.o ABSOLUTE
    ../../stdlib.c                           0x00000000   Number         0  exit.o ABSOLUTE
    ../../stdlib.c                           0x00000000   Number         0  rand.o ABSOLUTE
    ../../string.c                           0x00000000   Number         0  strcat.o ABSOLUTE
    ../../trapv.s                            0x00000000   Number         0  trapv.o ABSOLUTE
    ../../usenofp.s                          0x00000000   Number         0  usenofp.o ABSOLUTE
    Lcd.c                                    0x00000000   Number         0  lcd.o ABSOLUTE
    Startup.s                                0x00000000   Number         0  startup.o ABSOLUTE
    dc.s                                     0x00000000   Number         0  dc.o ABSOLUTE
    main.c                                   0x00000000   Number         0  main.o ABSOLUTE
    RESET                                    0x00002000   Section      272  startup.o(RESET)
    Undef_Handler                            0x00002040   ARM Code       4  startup.o(RESET)
    SWI_Handler                              0x00002044   ARM Code       4  startup.o(RESET)
    PAbt_Handler                             0x00002048   ARM Code       4  startup.o(RESET)
    DAbt_Handler                             0x0000204c   ARM Code       4  startup.o(RESET)
    IRQ_Handler                              0x00002050   ARM Code       4  startup.o(RESET)
    FIQ_Handler                              0x00002054   ARM Code       4  startup.o(RESET)
    !!!main                                  0x00002110   Section        8  __main.o(!!!main)
    !!!scatter                               0x00002118   Section       60  __scatter.o(!!!scatter)
    !!handler_copy                           0x00002154   Section       40  __scatter_copy.o(!!handler_copy)
    !!handler_zi                             0x0000217c   Section       44  __scatter_zi.o(!!handler_zi)
    .ARM.Collect$$_printf_percent$$00000000  0x000021ac   Section        0  _printf_percent.o(.ARM.Collect$$_printf_percent$$00000000)
    .ARM.Collect$$_printf_percent$$00000009  0x000021ac   Section        8  _printf_d.o(.ARM.Collect$$_printf_percent$$00000009)
    .ARM.Collect$$_printf_percent$$00000017  0x000021b4   Section        8  _printf_percent_end.o(.ARM.Collect$$_printf_percent$$00000017)
    .ARM.Collect$$libinit$$00000000          0x000021c4   Section        6  libinit.o(.ARM.Collect$$libinit$$00000000)
    .ARM.Collect$$libinit$$00000006          0x000021ca   Section        0  libinit2.o(.ARM.Collect$$libinit$$00000006)
    .ARM.Collect$$libinit$$00000008          0x000021ca   Section        0  libinit2.o(.ARM.Collect$$libinit$$00000008)
    .ARM.Collect$$libinit$$00000009          0x000021ca   Section        4  libinit2.o(.ARM.Collect$$libinit$$00000009)
    .ARM.Collect$$libinit$$0000000A          0x000021ce   Section        0  libinit2.o(.ARM.Collect$$libinit$$0000000A)
    .ARM.Collect$$libinit$$0000000D          0x000021ce   Section        0  libinit2.o(.ARM.Collect$$libinit$$0000000D)
    .ARM.Collect$$libinit$$0000000F          0x000021ce   Section        0  libinit2.o(.ARM.Collect$$libinit$$0000000F)
    .ARM.Collect$$libinit$$00000011          0x000021ce   Section        0  libinit2.o(.ARM.Collect$$libinit$$00000011)
    .ARM.Collect$$libinit$$00000013          0x000021ce   Section        0  libinit2.o(.ARM.Collect$$libinit$$00000013)
    .ARM.Collect$$libinit$$00000015          0x000021ce   Section        0  libinit2.o(.ARM.Collect$$libinit$$00000015)
    .ARM.Collect$$libinit$$00000017          0x000021ce   Section        0  libinit2.o(.ARM.Collect$$libinit$$00000017)
    .ARM.Collect$$libinit$$00000019          0x000021ce   Section        0  libinit2.o(.ARM.Collect$$libinit$$00000019)
    .ARM.Collect$$libinit$$0000001B          0x000021ce   Section        0  libinit2.o(.ARM.Collect$$libinit$$0000001B)
    .ARM.Collect$$libinit$$0000001D          0x000021ce   Section        0  libinit2.o(.ARM.Collect$$libinit$$0000001D)
    .ARM.Collect$$libinit$$0000001F          0x000021ce   Section        0  libinit2.o(.ARM.Collect$$libinit$$0000001F)
    .ARM.Collect$$libinit$$00000021          0x000021ce   Section        0  libinit2.o(.ARM.Collect$$libinit$$00000021)
    .ARM.Collect$$libinit$$00000028          0x000021ce   Section        0  libinit2.o(.ARM.Collect$$libinit$$00000028)
    .ARM.Collect$$libinit$$0000002A          0x000021ce   Section        0  libinit2.o(.ARM.Collect$$libinit$$0000002A)
    .ARM.Collect$$libinit$$0000002C          0x000021ce   Section        0  libinit2.o(.ARM.Collect$$libinit$$0000002C)
    .ARM.Collect$$libinit$$0000002E          0x000021ce   Section        0  libinit2.o(.ARM.Collect$$libinit$$0000002E)
    .ARM.Collect$$libinit$$0000002F          0x000021ce   Section       12  libinit2.o(.ARM.Collect$$libinit$$0000002F)
    .ARM.Collect$$libshutdown$$00000000      0x000021e4   Section        4  libshutdown.o(.ARM.Collect$$libshutdown$$00000000)
    .ARM.Collect$$libshutdown$$00000003      0x000021e8   Section        0  libshutdown2.o(.ARM.Collect$$libshutdown$$00000003)
    .ARM.Collect$$libshutdown$$00000006      0x000021e8   Section        0  libshutdown2.o(.ARM.Collect$$libshutdown$$00000006)
    .ARM.Collect$$libshutdown$$00000009      0x000021e8   Section        0  libshutdown2.o(.ARM.Collect$$libshutdown$$00000009)
    .ARM.Collect$$libshutdown$$0000000B      0x000021e8   Section        0  libshutdown2.o(.ARM.Collect$$libshutdown$$0000000B)
    .ARM.Collect$$libshutdown$$0000000E      0x000021e8   Section        0  libshutdown2.o(.ARM.Collect$$libshutdown$$0000000E)
    .ARM.Collect$$libshutdown$$0000000F      0x000021e8   Section        6  libshutdown2.o(.ARM.Collect$$libshutdown$$0000000F)
    .ARM.Collect$$rtentry$$00000000          0x000021f0   Section        0  rtentry.o(.ARM.Collect$$rtentry$$00000000)
    .ARM.Collect$$rtentry$$00000002          0x000021f0   Section        0  rtentry2.o(.ARM.Collect$$rtentry$$00000002)
    .ARM.Collect$$rtentry$$00000004          0x000021f0   Section        8  rtentry4.o(.ARM.Collect$$rtentry$$00000004)
    .ARM.Collect$$rtentry$$00000009          0x000021f8   Section        0  rtentry2.o(.ARM.Collect$$rtentry$$00000009)
    .ARM.Collect$$rtentry$$0000000A          0x000021f8   Section        4  rtentry2.o(.ARM.Collect$$rtentry$$0000000A)
    .ARM.Collect$$rtentry$$0000000C          0x000021fc   Section        0  rtentry2.o(.ARM.Collect$$rtentry$$0000000C)
    .ARM.Collect$$rtentry$$0000000D          0x000021fc   Section       40  rtentry2.o(.ARM.Collect$$rtentry$$0000000D)
    .ARM.Collect$$rtexit$$00000000           0x00002228   Section        4  rtexit.o(.ARM.Collect$$rtexit$$00000000)
    .ARM.Collect$$rtexit$$00000002           0x0000222c   Section        0  rtexit2.o(.ARM.Collect$$rtexit$$00000002)
    .ARM.Collect$$rtexit$$00000003           0x0000222c   Section        4  rtexit2.o(.ARM.Collect$$rtexit$$00000003)
    .ARM.Collect$$rtexit$$00000004           0x00002230   Section        8  rtexit2.o(.ARM.Collect$$rtexit$$00000004)
    .text                                    0x00002238   Section       32  startup.o(.text)
    .text                                    0x00002258   Section        0  lcd.o(.text)
    .text                                    0x000026c8   Section        0  main.o(.text)
    .text                                    0x00004e94   Section        0  noretval__2snprintf.o(.text)
    .text                                    0x00004ecc   Section        0  __printf.o(.text)
    .text                                    0x00004f4c   Section        0  _printf_dec.o(.text)
    .text                                    0x00004fc4   Section        0  rand.o(.text)
    .text                                    0x00005044   Section        0  strcat.o(.text)
    .text                                    0x0000505c   Section      384  aeabi_sdiv.o(.text)
    __arm_div8                               0x00005088   ARM Code       0  aeabi_sdiv.o(.text)
    __arm_div4                               0x000050b8   ARM Code       0  aeabi_sdiv.o(.text)
    __arm_div_large                          0x0000510c   ARM Code       0  aeabi_sdiv.o(.text)
    .text                                    0x000051dc   Section        0  heapauxi.o(.text)
    .text                                    0x000051ec   Section        0  _rserrno.o(.text)
    .text                                    0x00005206   Section        0  _printf_intcommon.o(.text)
    .text                                    0x000052bc   Section        0  _printf_char_common.o(.text)
    _printf_input_char                       0x000052bd   Thumb Code    10  _printf_char_common.o(.text)
    .text                                    0x000052f0   Section        0  _sputc.o(.text)
    .text                                    0x000052fa   Section        0  _snputc.o(.text)
    .text                                    0x00005310   Section       44  rtudiv10.o(.text)
    .text                                    0x00005340   Section       16  rt_errno_addr_intlibspace.o(.text)
    .text                                    0x00005350   Section       12  libspace.o(.text)
    .text                                    0x0000535c   Section       96  sys_stackheap_outer.o(.text)
    .text                                    0x000053bc   Section        0  exit.o(.text)
    .text                                    0x000053c8   Section       24  sys_exit.o(.text)
    .text                                    0x000053e0   Section        4  use_no_semi.o(.text)
    .text                                    0x000053e4   Section       16  rt_fp_status_addr_intlibspace.o(.text)
    .text_udiv                               0x000053f4   Section       28  aeabi_sdiv.o(.text_udiv)
    i.__ARM_common_call_via_r1               0x00005410   Section        0  __printf.o(i.__ARM_common_call_via_r1)
    i.__ARM_common_call_via_r2               0x00005412   Section        0  __printf.o(i.__ARM_common_call_via_r2)
    i.__kernel_poly                          0x00005414   Section        0  poly.o(i.__kernel_poly)
    i.pow                                    0x00005518   Section        0  pow.o(i.pow)
    i.sqrt                                   0x00006440   Section        0  sqrt.o(i.sqrt)
    x$fpl$d2f                                0x00006490   Section      172  d2f.o(x$fpl$d2f)
    x$fpl$dadd                               0x0000653c   Section      468  daddsub_noclz.o(x$fpl$dadd)
    _dadd1                                   0x0000654c   ARM Code       0  daddsub_noclz.o(x$fpl$dadd)
    x$fpl$dcheck                             0x00006710   Section       16  dcheck.o(x$fpl$dcheck)
    x$fpl$dcheck1                            0x00006720   Section       16  dcheck1.o(x$fpl$dcheck1)
    x$fpl$dcmpinfnan                         0x00006730   Section      128  dcmpin.o(x$fpl$dcmpinfnan)
    x$fpl$ddiv                               0x000067b0   Section     1116  ddiv.o(x$fpl$ddiv)
    ddiv_entry                               0x000067b4   ARM Code       0  ddiv.o(x$fpl$ddiv)
    x$fpl$dfix                               0x00006c0c   Section      176  dfix.o(x$fpl$dfix)
    x$fpl$dflt                               0x00006cbc   Section       88  dflt_noclz.o(x$fpl$dflt)
    x$fpl$dfltu                              0x00006d14   Section       12  dflt_noclz.o(x$fpl$dfltu)
    x$fpl$dleqf                              0x00006d20   Section      136  dleqf.o(x$fpl$dleqf)
    x$fpl$dmul                               0x00006da8   Section      476  dmul.o(x$fpl$dmul)
    x$fpl$drleqf                             0x00006f84   Section      160  drleqf.o(x$fpl$drleqf)
    x$fpl$drsb                               0x00007024   Section       24  daddsub_noclz.o(x$fpl$drsb)
    x$fpl$dsqrt                              0x0000703c   Section      392  dsqrt.o(x$fpl$dsqrt)
    x$fpl$dsub                               0x000071c4   Section      584  daddsub_noclz.o(x$fpl$dsub)
    _dsub1                                   0x000071d4   ARM Code       0  daddsub_noclz.o(x$fpl$dsub)
    x$fpl$dunder                             0x0000740c   Section      280  dunder.o(x$fpl$dunder)
    x$fpl$f2d                                0x00007524   Section      100  f2d.o(x$fpl$f2d)
    x$fpl$fcheck1                            0x00007588   Section       12  fcheck1.o(x$fpl$fcheck1)
    x$fpl$ffix                               0x00007594   Section      116  ffix.o(x$fpl$ffix)
    x$fpl$ffixu                              0x00007608   Section       96  ffixu.o(x$fpl$ffixu)
    x$fpl$fflt                               0x00007668   Section       92  fflt_noclz.o(x$fpl$fflt)
    x$fpl$ffltu                              0x000076c4   Section        8  fflt_noclz.o(x$fpl$ffltu)
    x$fpl$fpinit                             0x000076d0   Section       24  fpinit.o(x$fpl$fpinit)
    x$fpl$funder                             0x000076e8   Section      148  funder.o(x$fpl$funder)
    x$fpl$retnan                             0x0000777c   Section      116  retnan.o(x$fpl$retnan)
    x$fpl$scalbn                             0x000077f0   Section      108  scalbn.o(x$fpl$scalbn)
    x$fpl$trapveneer                         0x0000785c   Section       60  trapv.o(x$fpl$trapveneer)
    .constdata                               0x00007898   Section      136  pow.o(.constdata)
    x$fpl$usenofp                            0x00007898   Section        0  usenofp.o(x$fpl$usenofp)
    bp                                       0x00007898   Data          16  pow.o(.constdata)
    dp_h                                     0x000078a8   Data          16  pow.o(.constdata)
    dp_l                                     0x000078b8   Data          16  pow.o(.constdata)
    L                                        0x000078c8   Data          48  pow.o(.constdata)
    P                                        0x000078f8   Data          40  pow.o(.constdata)
    .constdata                               0x00007920   Section        8  qnan.o(.constdata)
    .data                                    0x40000000   Section       56  main.o(.data)
    .data                                    0x40000038   Section        8  rand.o(.data)
    _random_j                                0x40000038   Data           4  rand.o(.data)
    _random_k                                0x4000003c   Data           4  rand.o(.data)
    .bss                                     0x40000040   Section    16192  main.o(.bss)
    .bss                                     0x40003f80   Section      220  rand.o(.bss)
    _random_number_seed                      0x40003f80   Data         220  rand.o(.bss)
    .bss                                     0x4000405c   Section       96  libspace.o(.bss)
    HEAP                                     0x400040c0   Section        0  startup.o(HEAP)
    STACK                                    0x400040c0   Section     1160  startup.o(STACK)
    Heap_Mem                                 0x400040c0   Data           0  startup.o(HEAP)
    Stack_Mem                                0x400040c0   Data        1024  startup.o(STACK)
    Stack_Top                                0x40004548   Data           0  startup.o(STACK)

    Global Symbols

    Symbol Name                              Value     Ov Type        Size  Object(Section)

    BuildAttributes$$THM_ISAv1$ARM_ISAv4$S$PE$A:L22$X:L11$S22$IEEE1$IW$USESV6$~STKCKD$USESV7$~SHL$OTIME$ROPI$IEEEX$EBA8$UX$STANDARDLIB$REQ8$PRES8$EABIv2 0x00000000   Number         0  anon$$obj.o ABSOLUTE
    __ARM_use_no_argv                        0x00000000   Number         0  main.o ABSOLUTE
    __ARM_exceptions_init                     - Undefined Weak Reference
    __alloca_initialize                       - Undefined Weak Reference
    __cpp_initialize__aeabi_                  - Undefined Weak Reference
    __cxa_finalize                            - Undefined Weak Reference
    __fpl_infinity                            - Undefined Weak Reference
    __rt_locale                               - Undefined Weak Reference
    __sigvec_lookup                           - Undefined Weak Reference
    _atexit_init                              - Undefined Weak Reference
    _call_atexit_fns                          - Undefined Weak Reference
    _clock_init                               - Undefined Weak Reference
    _fp_trap_init                             - Undefined Weak Reference
    _fp_trap_shutdown                         - Undefined Weak Reference
    _get_lc_collate                           - Undefined Weak Reference
    _get_lc_ctype                             - Undefined Weak Reference
    _get_lc_monetary                          - Undefined Weak Reference
    _get_lc_numeric                           - Undefined Weak Reference
    _get_lc_time                              - Undefined Weak Reference
    _getenv_init                              - Undefined Weak Reference
    _handle_redirection                       - Undefined Weak Reference
    _init_alloc                               - Undefined Weak Reference
    _init_user_alloc                          - Undefined Weak Reference
    _initio                                   - Undefined Weak Reference
    _printf_post_padding                      - Undefined Weak Reference
    _printf_pre_padding                       - Undefined Weak Reference
    _printf_truncate_signed                   - Undefined Weak Reference
    _printf_truncate_unsigned                 - Undefined Weak Reference
    _signal_finish                            - Undefined Weak Reference
    _signal_init                              - Undefined Weak Reference
    _terminate_alloc                          - Undefined Weak Reference
    _terminate_user_alloc                     - Undefined Weak Reference
    _terminateio                              - Undefined Weak Reference
    Reset_Handler                            0x00002058   ARM Code       0  startup.o(RESET)
    __main                                   0x00002110   ARM Code       8  __main.o(!!!main)
    __scatterload                            0x00002118   ARM Code       0  __scatter.o(!!!scatter)
    __scatterload_rt2                        0x00002118   ARM Code      52  __scatter.o(!!!scatter)
    __scatterload_null                       0x0000212c   ARM Code       0  __scatter.o(!!!scatter)
    __scatterload_copy                       0x00002154   ARM Code      40  __scatter_copy.o(!!handler_copy)
    __scatterload_zeroinit                   0x0000217c   ARM Code      44  __scatter_zi.o(!!handler_zi)
    Inline Thumb to ARM Veneer to _printf_percent 0x000021a9   Thumb Code     4  _printf_percent.o(.ARM.Collect$$_printf_percent$$00000000)
    _printf_d                                0x000021ac   ARM Code       0  _printf_d.o(.ARM.Collect$$_printf_percent$$00000009)
    _printf_percent                          0x000021ac   ARM Code       0  _printf_percent.o(.ARM.Collect$$_printf_percent$$00000000)
    _printf_percent_end                      0x000021b4   ARM Code       0  _printf_percent_end.o(.ARM.Collect$$_printf_percent$$00000017)
    Inline ARM to Thumb Veneer to __rt_lib_init 0x000021bc   ARM Code       8  libinit.o(.ARM.Collect$$libinit$$00000000)
    __rt_lib_init                            0x000021c5   Thumb Code     0  libinit.o(.ARM.Collect$$libinit$$00000000)
    __rt_lib_init_heap_1                     0x000021cb   Thumb Code     0  libinit2.o(.ARM.Collect$$libinit$$00000006)
    __rt_lib_init_rand_2                     0x000021cb   Thumb Code     0  libinit2.o(.ARM.Collect$$libinit$$00000009)
    __rt_lib_init_user_alloc_1               0x000021cb   Thumb Code     0  libinit2.o(.ARM.Collect$$libinit$$00000008)
    __rt_lib_init_alloca_1                   0x000021cf   Thumb Code     0  libinit2.o(.ARM.Collect$$libinit$$0000002A)
    __rt_lib_init_argv_1                     0x000021cf   Thumb Code     0  libinit2.o(.ARM.Collect$$libinit$$00000028)
    __rt_lib_init_atexit_1                   0x000021cf   Thumb Code     0  libinit2.o(.ARM.Collect$$libinit$$00000017)
    __rt_lib_init_clock_1                    0x000021cf   Thumb Code     0  libinit2.o(.ARM.Collect$$libinit$$0000001D)
    __rt_lib_init_cpp_1                      0x000021cf   Thumb Code     0  libinit2.o(.ARM.Collect$$libinit$$0000002E)
    __rt_lib_init_exceptions_1               0x000021cf   Thumb Code     0  libinit2.o(.ARM.Collect$$libinit$$0000002C)
    __rt_lib_init_fp_trap_1                  0x000021cf   Thumb Code     0  libinit2.o(.ARM.Collect$$libinit$$0000001B)
    __rt_lib_init_getenv_1                   0x000021cf   Thumb Code     0  libinit2.o(.ARM.Collect$$libinit$$0000001F)
    __rt_lib_init_lc_collate_1               0x000021cf   Thumb Code     0  libinit2.o(.ARM.Collect$$libinit$$0000000D)
    __rt_lib_init_lc_ctype_1                 0x000021cf   Thumb Code     0  libinit2.o(.ARM.Collect$$libinit$$0000000F)
    __rt_lib_init_lc_monetary_1              0x000021cf   Thumb Code     0  libinit2.o(.ARM.Collect$$libinit$$00000011)
    __rt_lib_init_lc_numeric_1               0x000021cf   Thumb Code     0  libinit2.o(.ARM.Collect$$libinit$$00000013)
    __rt_lib_init_lc_time_1                  0x000021cf   Thumb Code     0  libinit2.o(.ARM.Collect$$libinit$$00000015)
    __rt_lib_init_rand_1                     0x000021cf   Thumb Code     0  libinit2.o(.ARM.Collect$$libinit$$0000000A)
    __rt_lib_init_return                     0x000021cf   Thumb Code     0  libinit2.o(.ARM.Collect$$libinit$$0000002F)
    __rt_lib_init_signal_1                   0x000021cf   Thumb Code     0  libinit2.o(.ARM.Collect$$libinit$$00000019)
    __rt_lib_init_stdio_1                    0x000021cf   Thumb Code     0  libinit2.o(.ARM.Collect$$libinit$$00000021)
    Inline ARM to Thumb Veneer to __rt_lib_shutdown 0x000021dc   ARM Code       8  libshutdown.o(.ARM.Collect$$libshutdown$$00000000)
    __rt_lib_shutdown                        0x000021e5   Thumb Code     0  libshutdown.o(.ARM.Collect$$libshutdown$$00000000)
    __rt_lib_shutdown_fp_trap_1              0x000021e9   Thumb Code     0  libshutdown2.o(.ARM.Collect$$libshutdown$$00000006)
    __rt_lib_shutdown_heap_1                 0x000021e9   Thumb Code     0  libshutdown2.o(.ARM.Collect$$libshutdown$$0000000E)
    __rt_lib_shutdown_return                 0x000021e9   Thumb Code     0  libshutdown2.o(.ARM.Collect$$libshutdown$$0000000F)
    __rt_lib_shutdown_signal_1               0x000021e9   Thumb Code     0  libshutdown2.o(.ARM.Collect$$libshutdown$$00000009)
    __rt_lib_shutdown_stdio_1                0x000021e9   Thumb Code     0  libshutdown2.o(.ARM.Collect$$libshutdown$$00000003)
    __rt_lib_shutdown_user_alloc_1           0x000021e9   Thumb Code     0  libshutdown2.o(.ARM.Collect$$libshutdown$$0000000B)
    __rt_entry                               0x000021f0   ARM Code       0  rtentry.o(.ARM.Collect$$rtentry$$00000000)
    __rt_entry_presh_1                       0x000021f0   ARM Code       0  rtentry2.o(.ARM.Collect$$rtentry$$00000002)
    __rt_entry_sh                            0x000021f0   ARM Code       0  rtentry4.o(.ARM.Collect$$rtentry$$00000004)
    __rt_entry_li                            0x000021f8   ARM Code       0  rtentry2.o(.ARM.Collect$$rtentry$$0000000A)
    __rt_entry_postsh_1                      0x000021f8   ARM Code       0  rtentry2.o(.ARM.Collect$$rtentry$$00000009)
    __rt_entry_main                          0x000021fc   ARM Code       0  rtentry2.o(.ARM.Collect$$rtentry$$0000000D)
    __rt_entry_postli_1                      0x000021fc   ARM Code       0  rtentry2.o(.ARM.Collect$$rtentry$$0000000C)
    Inline Thumb to ARM Veneer to __rt_exit  0x00002225   Thumb Code     4  rtexit.o(.ARM.Collect$$rtexit$$00000000)
    __rt_exit                                0x00002228   ARM Code       0  rtexit.o(.ARM.Collect$$rtexit$$00000000)
    __rt_exit_ls                             0x0000222c   ARM Code       0  rtexit2.o(.ARM.Collect$$rtexit$$00000003)
    __rt_exit_prels_1                        0x0000222c   ARM Code       0  rtexit2.o(.ARM.Collect$$rtexit$$00000002)
    __rt_exit_exit                           0x00002230   ARM Code       0  rtexit2.o(.ARM.Collect$$rtexit$$00000004)
    __user_initial_stackheap                 0x00002238   ARM Code       0  startup.o(.text)
    Init_LCD_Pin                             0x00002258   ARM Code      28  lcd.o(.text)
    LCD_Write                                0x00002274   ARM Code      40  lcd.o(.text)
    LCD_Command                              0x0000229c   ARM Code     128  lcd.o(.text)
    LCD_4Bit_Mode                            0x0000231c   ARM Code     232  lcd.o(.text)
    LCD_Data                                 0x00002404   ARM Code     128  lcd.o(.text)
    LCD_Init                                 0x00002484   ARM Code      60  lcd.o(.text)
    LCD_String                               0x000024c0   ARM Code      44  lcd.o(.text)
    LCD_Home                                 0x000024ec   ARM Code      20  lcd.o(.text)
    LCD_Cursor                               0x00002500   ARM Code      84  lcd.o(.text)
    LCD_Print                                0x00002554   ARM Code     364  lcd.o(.text)
    queue_init                               0x000026c8   ARM Code      24  main.o(.text)
    insert                                   0x000026e0   ARM Code     208  main.o(.text)
    del                                      0x000027b0   ARM Code     120  main.o(.text)
    display                                  0x00002828   ARM Code     132  main.o(.text)
    empty                                    0x000028ac   ARM Code      32  main.o(.text)
    stack_init                               0x000028cc   ARM Code     124  main.o(.text)
    sinsert                                  0x00002948   ARM Code      68  main.o(.text)
    sdel                                     0x0000298c   ARM Code      40  main.o(.text)
    spop                                     0x000029b4   ARM Code      80  main.o(.text)
    stop                                     0x00002a04   ARM Code      28  main.o(.text)
    sempty                                   0x00002a20   ARM Code      32  main.o(.text)
    ssize                                    0x00002a40   ARM Code      16  main.o(.text)
    DelaymSec                                0x00002a50   ARM Code      44  main.o(.text)
    Init_Buzzer_Pin                          0x00002a7c   ARM Code      80  main.o(.text)
    UART1_SendByte                           0x00002acc   ARM Code      32  main.o(.text)
    IRQ_UART1                                0x00002aec   ARM Code     148  main.o(.text)
    Init_UART1                               0x00002b80   ARM Code     120  main.o(.text)
    UART1_SendStr                            0x00002bf8   ARM Code      52  main.o(.text)
    send_value                               0x00002c2c   ARM Code      92  main.o(.text)
    Stop                                     0x00002c88   ARM Code      40  main.o(.text)
    Init_Motion_Pin                          0x00002cb0   ARM Code     124  main.o(.text)
    Forward                                  0x00002d2c   ARM Code      44  main.o(.text)
    Back                                     0x00002d58   ARM Code      52  main.o(.text)
    Left                                     0x00002d8c   ARM Code      52  main.o(.text)
    Right                                    0x00002dc0   ARM Code      44  main.o(.text)
    Soft_Left                                0x00002dec   ARM Code      44  main.o(.text)
    Soft_Right                               0x00002e18   ARM Code      36  main.o(.text)
    Soft_Left2                               0x00002e3c   ARM Code      44  main.o(.text)
    Soft_Right2                              0x00002e68   ARM Code      44  main.o(.text)
    AD0_Conversion                           0x00002e94   ARM Code     108  main.o(.text)
    AD1_Conversion                           0x00002f00   ARM Code     108  main.o(.text)
    Angle_Rotate                             0x00002f6c   ARM Code     228  main.o(.text)
    UpdateRightPWM                           0x00003050   ARM Code      24  main.o(.text)
    UpdateLeftPWM                            0x00003068   ARM Code      24  main.o(.text)
    Linear_Distance_mm                       0x00003080   ARM Code     424  main.o(.text)
    Sharp_GP2D12_Estimation                  0x00003228   ARM Code     180  main.o(.text)
    Linear_Distance_mm_white                 0x000032dc   ARM Code     444  main.o(.text)
    Linear_Distance_mm_int                   0x00003498   ARM Code     280  main.o(.text)
    Linear_Distance_mm_int2                  0x000035b0   ARM Code     240  main.o(.text)
    Forward_mm                               0x000036a0   ARM Code      48  main.o(.text)
    Forward_mm_white                         0x000036d0   ARM Code      48  main.o(.text)
    Back_mm                                  0x00003700   ARM Code      48  main.o(.text)
    Forward_mm_int                           0x00003730   ARM Code      40  main.o(.text)
    Back_mm_int                              0x00003758   ARM Code      40  main.o(.text)
    Left_Degrees                             0x00003780   ARM Code      28  main.o(.text)
    Right_Degrees                            0x0000379c   ARM Code      28  main.o(.text)
    Soft_Left_Degrees                        0x000037b8   ARM Code      32  main.o(.text)
    Soft_Right_Degrees                       0x000037d8   ARM Code      32  main.o(.text)
    Soft_Left_2_Degrees                      0x000037f8   ARM Code      32  main.o(.text)
    Soft_Right_2_Degrees                     0x00003818   ARM Code      32  main.o(.text)
    IRQ_Eint0                                0x00003838   ARM Code      52  main.o(.text)
    IRQ_Eint2                                0x0000386c   ARM Code      52  main.o(.text)
    Ext_INT_Setup                            0x000038a0   ARM Code     164  main.o(.text)
    Init_Ports                               0x00003944   ARM Code      20  main.o(.text)
    Init_Peripherals                         0x00003958   ARM Code      20  main.o(.text)
    Init_PWM                                 0x0000396c   ARM Code     148  main.o(.text)
    Init_ADC_Pin                             0x00003a00   ARM Code      60  main.o(.text)
    Init_ADC0                                0x00003a3c   ARM Code      16  main.o(.text)
    Init_ADC1                                0x00003a4c   ARM Code      16  main.o(.text)
    Batt_Voltage_Conversion                  0x00003a5c   ARM Code     144  main.o(.text)
    Init                                     0x00003aec   ARM Code      24  main.o(.text)
    next_point                               0x00003b04   ARM Code      72  main.o(.text)
    move_right_mm                            0x00003b4c   ARM Code     340  main.o(.text)
    move_down_mm                             0x00003ca0   ARM Code     292  main.o(.text)
    move_to                                  0x00003dc4   ARM Code     232  main.o(.text)
    previous_point                           0x00003eac   ARM Code      72  main.o(.text)
    shortest                                 0x00003ef4   ARM Code    1340  main.o(.text)
    handle_collision                         0x00004430   ARM Code     440  main.o(.text)
    updateEdges                              0x000045e8   ARM Code     992  main.o(.text)
    generate_map                             0x000049c8   ARM Code     784  main.o(.text)
    main                                     0x00004cd8   ARM Code     332  main.o(.text)
    Inline ARM to Thumb Veneer to __2snprintf 0x00004e8c   ARM Code       8  noretval__2snprintf.o(.text)
    __2snprintf                              0x00004e95   Thumb Code    50  noretval__2snprintf.o(.text)
    __printf                                 0x00004ecd   Thumb Code   120  __printf.o(.text)
    Inline ARM to Thumb Veneer to _printf_int_dec 0x00004f44   ARM Code       8  _printf_dec.o(.text)
    _printf_int_dec                          0x00004f4d   Thumb Code    94  _printf_dec.o(.text)
    Inline ARM to Thumb Veneer to rand       0x00004fbc   ARM Code       8  rand.o(.text)
    srand                                    0x00004fc5   Thumb Code    42  rand.o(.text)
    _rand_init                               0x00004fef   Thumb Code     4  rand.o(.text)
    rand                                     0x00004ff3   Thumb Code    56  rand.o(.text)
    Inline ARM to Thumb Veneer to strcat     0x0000503c   ARM Code       8  strcat.o(.text)
    strcat                                   0x00005045   Thumb Code    24  strcat.o(.text)
    __aeabi_idiv                             0x0000505c   ARM Code       0  aeabi_sdiv.o(.text)
    __aeabi_idivmod                          0x0000505c   ARM Code     384  aeabi_sdiv.o(.text)
    __use_two_region_memory                  0x000051dd   Thumb Code     2  heapauxi.o(.text)
    __rt_heap_escrow$2region                 0x000051df   Thumb Code     2  heapauxi.o(.text)
    __rt_heap_expand$2region                 0x000051e1   Thumb Code     2  heapauxi.o(.text)
    Inline ARM to Thumb Veneer to __set_errno 0x000051e4   ARM Code       8  _rserrno.o(.text)
    __read_errno                             0x000051ed   Thumb Code    14  _rserrno.o(.text)
    __set_errno                              0x000051fb   Thumb Code    12  _rserrno.o(.text)
    _printf_int_common                       0x00005207   Thumb Code   182  _printf_intcommon.o(.text)
    _printf_char_common                      0x000052c7   Thumb Code    38  _printf_char_common.o(.text)
    _sputc                                   0x000052f1   Thumb Code    10  _sputc.o(.text)
    _snputc                                  0x000052fb   Thumb Code    16  _snputc.o(.text)
    Inline Thumb to ARM Veneer to __rt_udiv10 0x0000530d   Thumb Code     4  rtudiv10.o(.text)
    __rt_udiv10                              0x00005310   ARM Code      44  rtudiv10.o(.text)
    Inline Thumb to ARM Veneer to __aeabi_errno_addr 0x0000533d   Thumb Code     4  rt_errno_addr_intlibspace.o(.text)
    __aeabi_errno_addr                       0x00005340   ARM Code      16  rt_errno_addr_intlibspace.o(.text)
    __errno$intlibspace                      0x00005340   ARM Code       0  rt_errno_addr_intlibspace.o(.text)
    __rt_errno_addr$intlibspace              0x00005340   ARM Code       0  rt_errno_addr_intlibspace.o(.text)
    __user_libspace                          0x00005350   ARM Code      12  libspace.o(.text)
    __user_perproc_libspace                  0x00005350   ARM Code       0  libspace.o(.text)
    __user_perthread_libspace                0x00005350   ARM Code       0  libspace.o(.text)
    __user_setup_stackheap                   0x0000535c   ARM Code      96  sys_stackheap_outer.o(.text)
    exit                                     0x000053bd   Thumb Code    12  exit.o(.text)
    _sys_exit                                0x000053c8   ARM Code      20  sys_exit.o(.text)
    __I$use$semihosting                      0x000053e0   ARM Code       0  use_no_semi.o(.text)
    __use_no_semihosting_swi                 0x000053e0   ARM Code       4  use_no_semi.o(.text)
    __rt_fp_status_addr                      0x000053e4   ARM Code      16  rt_fp_status_addr_intlibspace.o(.text)
    __aeabi_uidiv                            0x000053f4   ARM Code       0  aeabi_sdiv.o(.text_udiv)
    __aeabi_uidivmod                         0x000053f4   ARM Code      28  aeabi_sdiv.o(.text_udiv)
    __ARM_common_call_via_r1                 0x00005411   Thumb Code     2  __printf.o(i.__ARM_common_call_via_r1)
    __ARM_common_call_via_r2                 0x00005413   Thumb Code     2  __printf.o(i.__ARM_common_call_via_r2)
    __kernel_poly                            0x00005414   ARM Code     256  poly.o(i.__kernel_poly)
    pow                                      0x00005518   ARM Code    3876  pow.o(i.pow)
    sqrt                                     0x00006440   ARM Code      80  sqrt.o(i.sqrt)
    __aeabi_d2f                              0x00006490   ARM Code       0  d2f.o(x$fpl$d2f)
    _d2f                                     0x00006490   ARM Code     168  d2f.o(x$fpl$d2f)
    __fpl_inf_d2f                            0x00006530   ARM Code       0  d2f.o(x$fpl$d2f)
    __aeabi_dadd                             0x0000653c   ARM Code       0  daddsub_noclz.o(x$fpl$dadd)
    _dadd                                    0x0000653c   ARM Code     452  daddsub_noclz.o(x$fpl$dadd)
    __fpl_inf_dadd                           0x000066b8   ARM Code       0  daddsub_noclz.o(x$fpl$dadd)
    __fpl_dcheck_NaN2                        0x00006710   ARM Code      12  dcheck.o(x$fpl$dcheck)
    __fpl_dcheck_NaN1                        0x00006720   ARM Code      12  dcheck1.o(x$fpl$dcheck1)
    __fpl_dcmp_InfNaN                        0x00006730   ARM Code     128  dcmpin.o(x$fpl$dcmpinfnan)
    __fpl_inf_dcmp                           0x00006754   ARM Code       0  dcmpin.o(x$fpl$dcmpinfnan)
    __aeabi_ddiv                             0x000067b0   ARM Code       0  ddiv.o(x$fpl$ddiv)
    _ddiv                                    0x000067b0   ARM Code     464  ddiv.o(x$fpl$ddiv)
    __fpl_inf_ddiv                           0x0000693c   ARM Code       0  ddiv.o(x$fpl$ddiv)
    _ddiv_mantissas                          0x00006980   ARM Code     380  ddiv.o(x$fpl$ddiv)
    __aeabi_d2iz                             0x00006c0c   ARM Code       0  dfix.o(x$fpl$dfix)
    _dfix                                    0x00006c0c   ARM Code     172  dfix.o(x$fpl$dfix)
    __fpl_inf_dfix                           0x00006cac   ARM Code       0  dfix.o(x$fpl$dfix)
    __aeabi_i2d                              0x00006cbc   ARM Code       0  dflt_noclz.o(x$fpl$dflt)
    _dflt                                    0x00006cbc   ARM Code      88  dflt_noclz.o(x$fpl$dflt)
    __dflt_normalise                         0x00006ccc   ARM Code       0  dflt_noclz.o(x$fpl$dflt)
    __aeabi_ui2d                             0x00006d14   ARM Code       0  dflt_noclz.o(x$fpl$dfltu)
    _dfltu                                   0x00006d14   ARM Code      12  dflt_noclz.o(x$fpl$dfltu)
    __aeabi_cdcmple                          0x00006d20   ARM Code       0  dleqf.o(x$fpl$dleqf)
    _dcmple                                  0x00006d20   ARM Code     132  dleqf.o(x$fpl$dleqf)
    __aeabi_dmul                             0x00006da8   ARM Code       0  dmul.o(x$fpl$dmul)
    _dmul                                    0x00006da8   ARM Code     460  dmul.o(x$fpl$dmul)
    __fpl_inf_dmul                           0x00006f40   ARM Code       0  dmul.o(x$fpl$dmul)
    __aeabi_cdrcmple                         0x00006f84   ARM Code       0  drleqf.o(x$fpl$drleqf)
    _drcmple                                 0x00006f84   ARM Code     156  drleqf.o(x$fpl$drleqf)
    __aeabi_drsub                            0x00007024   ARM Code       0  daddsub_noclz.o(x$fpl$drsb)
    _drsb                                    0x00007024   ARM Code      24  daddsub_noclz.o(x$fpl$drsb)
    _dsqrt                                   0x0000703c   ARM Code     384  dsqrt.o(x$fpl$dsqrt)
    __fpl_inf_dsqrt                          0x000071a0   ARM Code       0  dsqrt.o(x$fpl$dsqrt)
    __aeabi_dsub                             0x000071c4   ARM Code       0  daddsub_noclz.o(x$fpl$dsub)
    _dsub                                    0x000071c4   ARM Code     572  daddsub_noclz.o(x$fpl$dsub)
    __fpl_inf_dsub                           0x000073b8   ARM Code       0  daddsub_noclz.o(x$fpl$dsub)
    __dunder                                 0x0000740c   ARM Code     276  dunder.o(x$fpl$dunder)
    __dunder_d                               0x00007520   ARM Code       4  dunder.o(x$fpl$dunder)
    __aeabi_f2d                              0x00007524   ARM Code       0  f2d.o(x$fpl$f2d)
    _f2d                                     0x00007524   ARM Code      96  f2d.o(x$fpl$f2d)
    __fpl_inf_f2d                            0x00007578   ARM Code       0  f2d.o(x$fpl$f2d)
    __fpl_fcheck_NaN1                        0x00007588   ARM Code       8  fcheck1.o(x$fpl$fcheck1)
    __aeabi_f2iz                             0x00007594   ARM Code       0  ffix.o(x$fpl$ffix)
    _ffix                                    0x00007594   ARM Code     112  ffix.o(x$fpl$ffix)
    __fpl_inf_ffix                           0x000075f8   ARM Code       0  ffix.o(x$fpl$ffix)
    __aeabi_f2uiz                            0x00007608   ARM Code       0  ffixu.o(x$fpl$ffixu)
    _ffixu                                   0x00007608   ARM Code      92  ffixu.o(x$fpl$ffixu)
    __fpl_inf_ffixu                          0x0000765c   ARM Code       0  ffixu.o(x$fpl$ffixu)
    __aeabi_i2f                              0x00007668   ARM Code       0  fflt_noclz.o(x$fpl$fflt)
    _fflt                                    0x00007668   ARM Code      92  fflt_noclz.o(x$fpl$fflt)
    __fflt_normalise                         0x00007674   ARM Code       0  fflt_noclz.o(x$fpl$fflt)
    __aeabi_ui2f                             0x000076c4   ARM Code       0  fflt_noclz.o(x$fpl$ffltu)
    _ffltu                                   0x000076c4   ARM Code       8  fflt_noclz.o(x$fpl$ffltu)
    Inline Thumb to ARM Veneer to _fp_init   0x000076cd   Thumb Code     4  fpinit.o(x$fpl$fpinit)
    _fp_init                                 0x000076d0   ARM Code      24  fpinit.o(x$fpl$fpinit)
    __fplib_config_pureend_doubles           0x000076e0   ARM Code       0  fpinit.o(x$fpl$fpinit)
    __funder                                 0x000076e8   ARM Code     144  funder.o(x$fpl$funder)
    __funder_d                               0x00007778   ARM Code       4  funder.o(x$fpl$funder)
    __fpl_return_NaN                         0x0000777c   ARM Code     116  retnan.o(x$fpl$retnan)
    __ARM_scalbn                             0x000077f0   ARM Code       0  scalbn.o(x$fpl$scalbn)
    scalbn                                   0x000077f0   ARM Code     108  scalbn.o(x$fpl$scalbn)
    __fpl_inf_scalbn                         0x00007858   ARM Code       0  scalbn.o(x$fpl$scalbn)
    __fpl_cmpreturn                          0x0000785c   ARM Code      60  trapv.o(x$fpl$trapveneer)
    __I$use$fp                               0x00007898   ARM Code       0  usenofp.o(x$fpl$usenofp)
    __mathlib_zero                           0x00007920   Data           8  qnan.o(.constdata)
    Region$$Table$$Base                      0x00007928   Number         0  anon$$obj.o(Region$$Table)
    Region$$Table$$Limit                     0x00007948   Number         0  anon$$obj.o(Region$$Table)
    rear                                     0x40000000   Data           4  main.o(.data)
    front                                    0x40000004   Data           4  main.o(.data)
    top                                      0x40000008   Data           4  main.o(.data)
    to_x                                     0x4000000c   Data           4  main.o(.data)
    to_y                                     0x40000010   Data           4  main.o(.data)
    got                                      0x40000014   Data           4  main.o(.data)
    Temp                                     0x40000018   Data           1  main.o(.data)
    Left_Shaft_Count                         0x4000001c   Data           4  main.o(.data)
    Right_Shaft_Count                        0x40000020   Data           4  main.o(.data)
    current_x                                0x40000024   Data           4  main.o(.data)
    current_y                                0x40000028   Data           4  main.o(.data)
    current_dir                              0x4000002c   Data           4  main.o(.data)
    cell_width                               0x40000030   Data           4  main.o(.data)
    cell_height                              0x40000034   Data           4  main.o(.data)
    edges                                    0x40000040   Data        6400  main.o(.bss)
    queue_arr                                0x40001940   Data         160  main.o(.bss)
    parents                                  0x400019e0   Data        3200  main.o(.bss)
    visited                                  0x40002660   Data        1600  main.o(.bss)
    processed                                0x40002ca0   Data        1600  main.o(.bss)
    stack_arr                                0x400032e0   Data        3200  main.o(.bss)
    ADC_Data                                 0x40003f60   Data          32  main.o(.bss)
    __libspace_start                         0x4000405c   Data          96  libspace.o(.bss)
    __temporary_stack_top$libspace           0x400040bc   Data           0  libspace.o(.bss)



==============================================================================

Memory Map of the image

  Image Entry point : 0x00002110

  Load Region LR_IROM1 (Base: 0x00002000, Size: 0x00005988, Max: 0x00080000, ABSOLUTE)

    Execution Region ER_IROM1 (Base: 0x00002000, Size: 0x00005948, Max: 0x00080000, ABSOLUTE)

    Base Addr    Size         Type   Attr      Idx    E Section Name        Object

    0x00002000   0x00000110   Code   RO            3    RESET               startup.o
    0x00002110   0x00000008   Code   RO          127  * !!!main             __main.o(c_t.l)
    0x00002118   0x0000003c   Code   RO          415    !!!scatter          __scatter.o(c_t.l)
    0x00002154   0x00000028   Code   RO          417    !!handler_copy      __scatter_copy.o(c_t.l)
    0x0000217c   0x0000002c   Code   RO          419    !!handler_zi        __scatter_zi.o(c_t.l)
    0x000021a8   0x00000004   Ven    RO          102    .ARM.Collect$$_printf_percent$$00000000  _printf_percent.o(c_t.l)
    0x000021ac   0x00000000   Code   RO          102    .ARM.Collect$$_printf_percent$$00000000  _printf_percent.o(c_t.l)
    0x000021ac   0x00000008   Code   RO          101    .ARM.Collect$$_printf_percent$$00000009  _printf_d.o(c_t.l)
    0x000021b4   0x00000008   Code   RO          191    .ARM.Collect$$_printf_percent$$00000017  _printf_percent_end.o(c_t.l)
    0x000021bc   0x00000008   Ven    RO          333    .ARM.Collect$$libinit$$00000000  libinit.o(c_t.l)
    0x000021c4   0x00000006   Code   RO          333    .ARM.Collect$$libinit$$00000000  libinit.o(c_t.l)
    0x000021ca   0x00000000   Code   RO          196    .ARM.Collect$$libinit$$00000006  libinit2.o(c_t.l)
    0x000021ca   0x00000000   Code   RO          198    .ARM.Collect$$libinit$$00000008  libinit2.o(c_t.l)
    0x000021ca   0x00000004   Code   RO          199    .ARM.Collect$$libinit$$00000009  libinit2.o(c_t.l)
    0x000021ce   0x00000000   Code   RO          200    .ARM.Collect$$libinit$$0000000A  libinit2.o(c_t.l)
    0x000021ce   0x00000000   Code   RO          203    .ARM.Collect$$libinit$$0000000D  libinit2.o(c_t.l)
    0x000021ce   0x00000000   Code   RO          205    .ARM.Collect$$libinit$$0000000F  libinit2.o(c_t.l)
    0x000021ce   0x00000000   Code   RO          207    .ARM.Collect$$libinit$$00000011  libinit2.o(c_t.l)
    0x000021ce   0x00000000   Code   RO          209    .ARM.Collect$$libinit$$00000013  libinit2.o(c_t.l)
    0x000021ce   0x00000000   Code   RO          211    .ARM.Collect$$libinit$$00000015  libinit2.o(c_t.l)
    0x000021ce   0x00000000   Code   RO          213    .ARM.Collect$$libinit$$00000017  libinit2.o(c_t.l)
    0x000021ce   0x00000000   Code   RO          215    .ARM.Collect$$libinit$$00000019  libinit2.o(c_t.l)
    0x000021ce   0x00000000   Code   RO          217    .ARM.Collect$$libinit$$0000001B  libinit2.o(c_t.l)
    0x000021ce   0x00000000   Code   RO          219    .ARM.Collect$$libinit$$0000001D  libinit2.o(c_t.l)
    0x000021ce   0x00000000   Code   RO          221    .ARM.Collect$$libinit$$0000001F  libinit2.o(c_t.l)
    0x000021ce   0x00000000   Code   RO          223    .ARM.Collect$$libinit$$00000021  libinit2.o(c_t.l)
    0x000021ce   0x00000000   Code   RO          227    .ARM.Collect$$libinit$$00000028  libinit2.o(c_t.l)
    0x000021ce   0x00000000   Code   RO          229    .ARM.Collect$$libinit$$0000002A  libinit2.o(c_t.l)
    0x000021ce   0x00000000   Code   RO          231    .ARM.Collect$$libinit$$0000002C  libinit2.o(c_t.l)
    0x000021ce   0x00000000   Code   RO          233    .ARM.Collect$$libinit$$0000002E  libinit2.o(c_t.l)
    0x000021ce   0x0000000c   Code   RO          234    .ARM.Collect$$libinit$$0000002F  libinit2.o(c_t.l)
    0x000021da   0x00000002   PAD
    0x000021dc   0x00000008   Ven    RO          383    .ARM.Collect$$libshutdown$$00000000  libshutdown.o(c_t.l)
    0x000021e4   0x00000004   Code   RO          383    .ARM.Collect$$libshutdown$$00000000  libshutdown.o(c_t.l)
    0x000021e8   0x00000000   Code   RO          400    .ARM.Collect$$libshutdown$$00000003  libshutdown2.o(c_t.l)
    0x000021e8   0x00000000   Code   RO          403    .ARM.Collect$$libshutdown$$00000006  libshutdown2.o(c_t.l)
    0x000021e8   0x00000000   Code   RO          406    .ARM.Collect$$libshutdown$$00000009  libshutdown2.o(c_t.l)
    0x000021e8   0x00000000   Code   RO          408    .ARM.Collect$$libshutdown$$0000000B  libshutdown2.o(c_t.l)
    0x000021e8   0x00000000   Code   RO          411    .ARM.Collect$$libshutdown$$0000000E  libshutdown2.o(c_t.l)
    0x000021e8   0x00000006   Code   RO          412    .ARM.Collect$$libshutdown$$0000000F  libshutdown2.o(c_t.l)
    0x000021ee   0x00000002   PAD
    0x000021f0   0x00000000   Code   RO          175    .ARM.Collect$$rtentry$$00000000  rtentry.o(c_t.l)
    0x000021f0   0x00000000   Code   RO          272    .ARM.Collect$$rtentry$$00000002  rtentry2.o(c_t.l)
    0x000021f0   0x00000008   Code   RO          287    .ARM.Collect$$rtentry$$00000004  rtentry4.o(c_t.l)
    0x000021f8   0x00000000   Code   RO          274    .ARM.Collect$$rtentry$$00000009  rtentry2.o(c_t.l)
    0x000021f8   0x00000004   Code   RO          275    .ARM.Collect$$rtentry$$0000000A  rtentry2.o(c_t.l)
    0x000021fc   0x00000000   Code   RO          277    .ARM.Collect$$rtentry$$0000000C  rtentry2.o(c_t.l)
    0x000021fc   0x00000028   Code   RO          278    .ARM.Collect$$rtentry$$0000000D  rtentry2.o(c_t.l)
    0x00002224   0x00000004   Ven    RO          338    .ARM.Collect$$rtexit$$00000000  rtexit.o(c_t.l)
    0x00002228   0x00000004   Code   RO          338    .ARM.Collect$$rtexit$$00000000  rtexit.o(c_t.l)
    0x0000222c   0x00000000   Code   RO          359    .ARM.Collect$$rtexit$$00000002  rtexit2.o(c_t.l)
    0x0000222c   0x00000004   Code   RO          360    .ARM.Collect$$rtexit$$00000003  rtexit2.o(c_t.l)
    0x00002230   0x00000008   Code   RO          361    .ARM.Collect$$rtexit$$00000004  rtexit2.o(c_t.l)
    0x00002238   0x00000020   Code   RO            4    .text               startup.o
    0x00002258   0x00000470   Code   RO           11    .text               lcd.o
    0x000026c8   0x000027c4   Code   RO           30    .text               main.o
    0x00004e8c   0x00000008   Ven    RO           73    .text               noretval__2snprintf.o(c_t.l)
    0x00004e94   0x00000038   Code   RO           73    .text               noretval__2snprintf.o(c_t.l)
    0x00004ecc   0x00000078   Code   RO           75    .text               __printf.o(c_t.l)
    0x00004f44   0x00000008   Ven    RO           81    .text               _printf_dec.o(c_t.l)
    0x00004f4c   0x00000070   Code   RO           81    .text               _printf_dec.o(c_t.l)
    0x00004fbc   0x00000008   Ven    RO          103    .text               rand.o(c_t.l)
    0x00004fc4   0x00000078   Code   RO          103    .text               rand.o(c_t.l)
    0x0000503c   0x00000008   Ven    RO          107    .text               strcat.o(c_t.l)
    0x00005044   0x00000018   Code   RO          107    .text               strcat.o(c_t.l)
    0x0000505c   0x00000180   Code   RO          109    .text               aeabi_sdiv.o(c_t.l)
    0x000051dc   0x00000006   Code   RO          125    .text               heapauxi.o(c_t.l)
    0x000051e2   0x00000002   PAD
    0x000051e4   0x00000008   Ven    RO          181    .text               _rserrno.o(c_t.l)
    0x000051ec   0x0000001a   Code   RO          181    .text               _rserrno.o(c_t.l)
    0x00005206   0x000000b6   Code   RO          183    .text               _printf_intcommon.o(c_t.l)
    0x000052bc   0x00000034   Code   RO          185    .text               _printf_char_common.o(c_t.l)
    0x000052f0   0x0000000a   Code   RO          187    .text               _sputc.o(c_t.l)
    0x000052fa   0x00000010   Code   RO          189    .text               _snputc.o(c_t.l)
    0x0000530a   0x00000002   PAD
    0x0000530c   0x00000004   Ven    RO          192    .text               rtudiv10.o(c_t.l)
    0x00005310   0x0000002c   Code   RO          192    .text               rtudiv10.o(c_t.l)
    0x0000533c   0x00000004   Ven    RO          294    .text               rt_errno_addr_intlibspace.o(c_t.l)
    0x00005340   0x00000010   Code   RO          294    .text               rt_errno_addr_intlibspace.o(c_t.l)
    0x00005350   0x0000000c   Code   RO          312    .text               libspace.o(c_t.l)
    0x0000535c   0x00000060   Code   RO          315    .text               sys_stackheap_outer.o(c_t.l)
    0x000053bc   0x0000000c   Code   RO          317    .text               exit.o(c_t.l)
    0x000053c8   0x00000018   Code   RO          354    .text               sys_exit.o(c_t.l)
    0x000053e0   0x00000004   Code   RO          356    .text               use_no_semi.o(c_t.l)
    0x000053e4   0x00000010   Code   RO          369    .text               rt_fp_status_addr_intlibspace.o(c_t.l)
    0x000053f4   0x0000001c   Code   RO          110    .text_udiv          aeabi_sdiv.o(c_t.l)
    0x00005410   0x00000002   Code   RO           79    i.__ARM_common_call_via_r1  __printf.o(c_t.l)
    0x00005412   0x00000002   Code   RO           77    i.__ARM_common_call_via_r2  __printf.o(c_t.l)
    0x00005414   0x00000100   Code   RO          260    i.__kernel_poly     poly.o(m_ts.l)
    0x00005514   0x00000004   PAD
    0x00005518   0x00000f24   Code   RO          166    i.pow               pow.o(m_ts.l)
    0x0000643c   0x00000004   PAD
    0x00006440   0x00000050   Code   RO          264    i.sqrt              sqrt.o(m_ts.l)
    0x00006490   0x000000ac   Code   RO          129    x$fpl$d2f           d2f.o(fz_ts.l)
    0x0000653c   0x000001d4   Code   RO          131    x$fpl$dadd          daddsub_noclz.o(fz_ts.l)
    0x00006710   0x00000010   Code   RO          235    x$fpl$dcheck        dcheck.o(fz_ts.l)
    0x00006720   0x00000010   Code   RO          237    x$fpl$dcheck1       dcheck1.o(fz_ts.l)
    0x00006730   0x00000080   Code   RO          304    x$fpl$dcmpinfnan    dcmpin.o(fz_ts.l)
    0x000067b0   0x0000045c   Code   RO          138    x$fpl$ddiv          ddiv.o(fz_ts.l)
    0x00006c0c   0x000000b0   Code   RO          141    x$fpl$dfix          dfix.o(fz_ts.l)
    0x00006cbc   0x00000058   Code   RO          146    x$fpl$dflt          dflt_noclz.o(fz_ts.l)
    0x00006d14   0x0000000c   Code   RO          145    x$fpl$dfltu         dflt_noclz.o(fz_ts.l)
    0x00006d20   0x00000088   Code   RO          306    x$fpl$dleqf         dleqf.o(fz_ts.l)
    0x00006da8   0x000001dc   Code   RO          149    x$fpl$dmul          dmul.o(fz_ts.l)
    0x00006f84   0x000000a0   Code   RO          239    x$fpl$drleqf        drleqf.o(fz_ts.l)
    0x00007024   0x00000018   Code   RO          132    x$fpl$drsb          daddsub_noclz.o(fz_ts.l)
    0x0000703c   0x00000188   Code   RO          308    x$fpl$dsqrt         dsqrt.o(fz_ts.l)
    0x000071c4   0x00000248   Code   RO          133    x$fpl$dsub          daddsub_noclz.o(fz_ts.l)
    0x0000740c   0x00000118   Code   RO          241    x$fpl$dunder        dunder.o(fz_ts.l)
    0x00007524   0x00000064   Code   RO          151    x$fpl$f2d           f2d.o(fz_ts.l)
    0x00007588   0x0000000c   Code   RO          243    x$fpl$fcheck1       fcheck1.o(fz_ts.l)
    0x00007594   0x00000074   Code   RO          153    x$fpl$ffix          ffix.o(fz_ts.l)
    0x00007608   0x00000060   Code   RO          157    x$fpl$ffixu         ffixu.o(fz_ts.l)
    0x00007668   0x0000005c   Code   RO          162    x$fpl$fflt          fflt_noclz.o(fz_ts.l)
    0x000076c4   0x00000008   Code   RO          161    x$fpl$ffltu         fflt_noclz.o(fz_ts.l)
    0x000076cc   0x00000004   Ven    RO          352    x$fpl$fpinit        fpinit.o(fz_ts.l)
    0x000076d0   0x00000018   Code   RO          352    x$fpl$fpinit        fpinit.o(fz_ts.l)
    0x000076e8   0x00000094   Code   RO          245    x$fpl$funder        funder.o(fz_ts.l)
    0x0000777c   0x00000074   Code   RO          310    x$fpl$retnan        retnan.o(fz_ts.l)
    0x000077f0   0x0000006c   Code   RO          250    x$fpl$scalbn        scalbn.o(fz_ts.l)
    0x0000785c   0x0000003c   Code   RO          334    x$fpl$trapveneer    trapv.o(fz_ts.l)
    0x00007898   0x00000000   Code   RO          255    x$fpl$usenofp       usenofp.o(fz_ts.l)
    0x00007898   0x00000088   Data   RO          167    .constdata          pow.o(m_ts.l)
    0x00007920   0x00000008   Data   RO          262    .constdata          qnan.o(m_ts.l)
    0x00007928   0x00000020   Data   RO          413    Region$$Table       anon$$obj.o


    Execution Region RW_IRAM1 (Base: 0x40000000, Size: 0x00004548, Max: 0x00008000, ABSOLUTE)

    Base Addr    Size         Type   Attr      Idx    E Section Name        Object

    0x40000000   0x00000038   Data   RW           32    .data               main.o
    0x40000038   0x00000008   Data   RW          105    .data               rand.o(c_t.l)
    0x40000040   0x00003f40   Zero   RW           31    .bss                main.o
    0x40003f80   0x000000dc   Zero   RW          104    .bss                rand.o(c_t.l)
    0x4000405c   0x00000060   Zero   RW          313    .bss                libspace.o(c_t.l)
    0x400040bc   0x00000004   PAD
    0x400040c0   0x00000000   Zero   RW            2    HEAP                startup.o
    0x400040c0   0x00000488   Zero   RW            1    STACK               startup.o


==============================================================================

Image component sizes


      Code (inc. data)   RO Data    RW Data    ZI Data      Debug   Object Name

      1136          8          0          0          0       4130   lcd.o
     10180        372          0         56      16192      19013   main.o
       304         60          0          0       1160        456   startup.o

    ----------------------------------------------------------------------
     11620        440         32         56      17352      23599   Object Totals
         0          0         32          0          0          0   (incl. Generated)
         0          0          0          0          0          3   (incl. Padding)

    ----------------------------------------------------------------------

      Code (inc. data)   RO Data    RW Data    ZI Data      Debug   Library Member Name

         8          0          0          0          0         68   __main.o
       124          0          0          0          0        204   __printf.o
        60          8          0          0          0          0   __scatter.o
        40          0          0          0          0          0   __scatter_copy.o
        44          0          0          0          0          0   __scatter_zi.o
        52          4          0          0          0        100   _printf_char_common.o
         8          0          0          0          0          0   _printf_d.o
       120         18          0          0          0         84   _printf_dec.o
       182          0          0          0          0         92   _printf_intcommon.o
         4          0          0          0          0          0   _printf_percent.o
         8          0          0          0          0          0   _printf_percent_end.o
        34          0          0          0          0        100   _rserrno.o
        16          0          0          0          0         60   _snputc.o
        10          0          0          0          0         60   _sputc.o
       412          0          0          0          0        148   aeabi_sdiv.o
       172          4          0          0          0         68   d2f.o
      1076         28          0          0          0        328   daddsub_noclz.o
        16          4          0          0          0         68   dcheck.o
        16          4          0          0          0         68   dcheck1.o
       128          0          0          0          0         84   dcmpin.o
      1116        272          0          0          0        212   ddiv.o
       176          4          0          0          0         76   dfix.o
       100          0          0          0          0        136   dflt_noclz.o
       136          4          0          0          0         68   dleqf.o
       476         16          0          0          0        128   dmul.o
       160          4          0          0          0         68   drleqf.o
       392          8          0          0          0        152   dsqrt.o
       280          0          0          0          0         92   dunder.o
        12          0          0          0          0         60   exit.o
       100          4          0          0          0         68   f2d.o
        12          4          0          0          0         68   fcheck1.o
       116          4          0          0          0         68   ffix.o
        96          4          0          0          0         68   ffixu.o
       100          0          0          0          0        136   fflt_noclz.o
        28          0          0          0          0         80   fpinit.o
       148          0          0          0          0         84   funder.o
         6          0          0          0          0        132   heapauxi.o
        14          0          0          0          0          0   libinit.o
        16          0          0          0          0          0   libinit2.o
        12          0          0          0          0          0   libshutdown.o
         6          0          0          0          0          0   libshutdown2.o
        12          4          0          0         96         68   libspace.o
        64          6          0          0          0         84   noretval__2snprintf.o
       256          0          0          0          0        112   poly.o
      3876        232        136          0          0        252   pow.o
         0          0          8          0          0          0   qnan.o
       128         18          0          8        220        120   rand.o
       116          0          0          0          0         68   retnan.o
        20          4          0          0          0         68   rt_errno_addr_intlibspace.o
        16          4          0          0          0         68   rt_fp_status_addr_intlibspace.o
         0          0          0          0          0          0   rtentry.o
        44          4          0          0          0          0   rtentry2.o
         8          0          0          0          0          0   rtentry4.o
         8          0          0          0          0          0   rtexit.o
        12          0          0          0          0          0   rtexit2.o
        48          0          0          0          0         68   rtudiv10.o
       108          0          0          0          0         68   scalbn.o
        80         16          0          0          0        100   sqrt.o
        32          0          0          0          0         60   strcat.o
        24          8          0          0          0         68   sys_exit.o
        96          0          0          0          0         80   sys_stackheap_outer.o
        60          0          0          0          0         68   trapv.o
         4          0          0          0          0         68   use_no_semi.o
         0          0          0          0          0          0   usenofp.o

    ----------------------------------------------------------------------
     11060        694        144          8        320       4648   Library Totals
        16          4          0          0          4          0   (incl. Padding)

    ----------------------------------------------------------------------

      Code (inc. data)   RO Data    RW Data    ZI Data      Debug   Library Name

      1704         78          0          8        316       1860   c_t.l
      5128        364          0          0          0       2324   fz_ts.l
      4212        248        144          0          0        464   m_ts.l

    ----------------------------------------------------------------------
     11060        694        144          8        320       4648   Library Totals

    ----------------------------------------------------------------------

==============================================================================


      Code (inc. data)   RO Data    RW Data    ZI Data      Debug   

     22680       1134        176         64      17672      25604   Grand Totals
     22680       1134        176         64      17672      25604   ELF Image Totals
     22680       1134        176         64          0          0   ROM Totals

==============================================================================

    Total RO  Size (Code + RO Data)                22856 (  22.32kB)
    Total RW  Size (RW Data + ZI Data)             17736 (  17.32kB)
    Total ROM Size (Code + RO Data + RW Data)      22920 (  22.38kB)

==============================================================================

