Archive member included because of file (symbol)

C:\Users\girraj\Documents\LPCXpresso_4.1.5_219\workspace\CMSISv2_LPC17xx\Debug\libCMSISv2_LPC17xx.a(system_LPC17xx.o)
                              ./src/cr_startup_lpc176x.o (SystemInit)
C:\Users\girraj\Documents\LPCXpresso_4.1.5_219\workspace\FB6Lib_v_01_00\Debug\libFB6Lib_v_01_00.a(adc.o)
                              ./src/main.o (ADCInit)
C:\Users\girraj\Documents\LPCXpresso_4.1.5_219\workspace\FB6Lib_v_01_00\Debug\libFB6Lib_v_01_00.a(i2c.o)
                              ./src/main.o (I2C0Init)
C:\Users\girraj\Documents\LPCXpresso_4.1.5_219\workspace\FB6Lib_v_01_00\Debug\libFB6Lib_v_01_00.a(lcd.o)
                              ./src/main.o (InitLCD)
C:\Users\girraj\Documents\LPCXpresso_4.1.5_219\workspace\FB6Lib_v_01_00\Debug\libFB6Lib_v_01_00.a(motorcontroller.o)
                              ./src/main.o (InitMotorController)
C:\Users\girraj\Documents\LPCXpresso_4.1.5_219\workspace\FB6Lib_v_01_00\Debug\libFB6Lib_v_01_00.a(sensorboard.o)
                              ./src/main.o (AD7998_WriteReg)
C:\Users\girraj\Documents\LPCXpresso_4.1.5_219\workspace\FB6Lib_v_01_00\Debug\libFB6Lib_v_01_00.a(uart.o)
                              C:\Users\girraj\Documents\LPCXpresso_4.1.5_219\workspace\FB6Lib_v_01_00\Debug\libFB6Lib_v_01_00.a(motorcontroller.o) (UART2Buffer)
C:\Users\girraj\Documents\LPCXpresso_4.1.5_219\workspace\FB6Lib_v_01_00\Debug\libFB6Lib_v_01_00.a(Gps.o)
                              C:\Users\girraj\Documents\LPCXpresso_4.1.5_219\workspace\FB6Lib_v_01_00\Debug\libFB6Lib_v_01_00.a(uart.o) (rx_start)
c:/nxp/lpcxpresso_4.1.5_219/lpcxpresso/tools/bin/../lib/gcc/arm-none-eabi/4.5.1/../../../../arm-none-eabi/lib/thumb2\libcr_c.a(__weak__main.o)
                              ./src/cr_startup_lpc176x.o (__main)
c:/nxp/lpcxpresso_4.1.5_219/lpcxpresso/tools/bin/../lib/gcc/arm-none-eabi/4.5.1/../../../../arm-none-eabi/lib/thumb2\libcr_c.a(stdlib.o)
                              ./src/main.o (abs)
c:/nxp/lpcxpresso_4.1.5_219/lpcxpresso/tools/bin/../lib/gcc/arm-none-eabi/4.5.1/../../../../arm-none-eabi/lib/thumb2\libcr_c.a(strcmp.o)
                              C:\Users\girraj\Documents\LPCXpresso_4.1.5_219\workspace\FB6Lib_v_01_00\Debug\libFB6Lib_v_01_00.a(Gps.o) (strcmp)
c:/nxp/lpcxpresso_4.1.5_219/lpcxpresso/tools/bin/../lib/gcc/arm-none-eabi/4.5.1/../../../../arm-none-eabi/lib/thumb2\libcr_c.a(strncpy.o)
                              C:\Users\girraj\Documents\LPCXpresso_4.1.5_219\workspace\FB6Lib_v_01_00\Debug\libFB6Lib_v_01_00.a(Gps.o) (strncpy)
c:/nxp/lpcxpresso_4.1.5_219/lpcxpresso/tools/bin/../lib/gcc/arm-none-eabi/4.5.1/../../../../arm-none-eabi/lib/thumb2\libcr_c.a(initio.o)
                              c:/nxp/lpcxpresso_4.1.5_219/lpcxpresso/tools/bin/../lib/gcc/arm-none-eabi/4.5.1/../../../../arm-none-eabi/lib/thumb2\libcr_c.a(stdlib.o) (_terminateio)
c:/nxp/lpcxpresso_4.1.5_219/lpcxpresso/tools/bin/../lib/gcc/arm-none-eabi/4.5.1/../../../../arm-none-eabi/lib/thumb2\libcr_c.a(raise.o)
                              c:/nxp/lpcxpresso_4.1.5_219/lpcxpresso/tools/bin/../lib/gcc/arm-none-eabi/4.5.1/../../../../arm-none-eabi/lib/thumb2\libcr_c.a(stdlib.o) (raise)
c:/nxp/lpcxpresso_4.1.5_219/lpcxpresso/tools/bin/../lib/gcc/arm-none-eabi/4.5.1/../../../../arm-none-eabi/lib/thumb2\libcr_c.a(setvbuf.o)
                              c:/nxp/lpcxpresso_4.1.5_219/lpcxpresso/tools/bin/../lib/gcc/arm-none-eabi/4.5.1/../../../../arm-none-eabi/lib/thumb2\libcr_c.a(initio.o) (setvbuf)
c:/nxp/lpcxpresso_4.1.5_219/lpcxpresso/tools/bin/../lib/gcc/arm-none-eabi/4.5.1/../../../../arm-none-eabi/lib/thumb2\libcr_c.a(stdio.o)
                              c:/nxp/lpcxpresso_4.1.5_219/lpcxpresso/tools/bin/../lib/gcc/arm-none-eabi/4.5.1/../../../../arm-none-eabi/lib/thumb2\libcr_c.a(initio.o) (__Ciob)
c:/nxp/lpcxpresso_4.1.5_219/lpcxpresso/tools/bin/../lib/gcc/arm-none-eabi/4.5.1/../../../../arm-none-eabi/lib/thumb2\libcr_c.a(memset.o)
                              c:/nxp/lpcxpresso_4.1.5_219/lpcxpresso/tools/bin/../lib/gcc/arm-none-eabi/4.5.1/../../../../arm-none-eabi/lib/thumb2\libcr_c.a(initio.o) (memset)
c:/nxp/lpcxpresso_4.1.5_219/lpcxpresso/tools/bin/../lib/gcc/arm-none-eabi/4.5.1/../../../../arm-none-eabi/lib/thumb2\libcr_c.a(__fillbuf.o)
                              c:/nxp/lpcxpresso_4.1.5_219/lpcxpresso/tools/bin/../lib/gcc/arm-none-eabi/4.5.1/../../../../arm-none-eabi/lib/thumb2\libcr_c.a(stdio.o) (__filbuf)
c:/nxp/lpcxpresso_4.1.5_219/lpcxpresso/tools/bin/../lib/gcc/arm-none-eabi/4.5.1/../../../../arm-none-eabi/lib/thumb2\libcr_c.a(_deferredlazyseek.o)
                              c:/nxp/lpcxpresso_4.1.5_219/lpcxpresso/tools/bin/../lib/gcc/arm-none-eabi/4.5.1/../../../../arm-none-eabi/lib/thumb2\libcr_c.a(__fillbuf.o) (_deferredlazyseek)
c:/nxp/lpcxpresso_4.1.5_219/lpcxpresso/tools/bin/../lib/gcc/arm-none-eabi/4.5.1/../../../../arm-none-eabi/lib/thumb2\libcr_c.a(_fdopen.o)
[...]
Memory Configuration

Name             Origin             Length             Attributes
MFlash512        0x00000000         0x00080000         xr
RamLoc32         0x10000000         0x00008000         xrw
RamAHB32         0x2007c000         0x00008000         xrw
*default*        0x00000000         0xffffffff

Linker script and memory map

LOAD ./src/cr_startup_lpc176x.o
LOAD ./src/main.o
LOAD C:\Users\girraj\Documents\LPCXpresso_4.1.5_219\workspace\CMSISv2_LPC17xx\Debug\libCMSISv2_LPC17xx.a
LOAD C:\Users\girraj\Documents\LPCXpresso_4.1.5_219\workspace\FB6Lib_v_01_00\Debug\libFB6Lib_v_01_00.a
START GROUP
LOAD c:/nxp/lpcxpresso_4.1.5_219/lpcxpresso/tools/bin/../lib/gcc/arm-none-eabi/4.5.1/../../../../arm-none-eabi/lib/thumb2\libcr_c.a
LOAD c:/nxp/lpcxpresso_4.1.5_219/lpcxpresso/tools/bin/../lib/gcc/arm-none-eabi/4.5.1/thumb2\libcr_eabihelpers.a
END GROUP
                0x00080000                __top_MFlash512 = 0x80000
                0x10008000                __top_RamLoc32 = 0x10008000
                0x20084000                __top_RamAHB32 = 0x20084000

.text           0x00000000     0x69e4
 FILL mask 0xff
 *(.isr_vector)
 .isr_vector    0x00000000       0xcc ./src/cr_startup_lpc176x.o
                0x00000000                g_pfnVectors
                0x000000cc                . = ALIGN (0x4)
                0x000000cc                __section_table_start = .
                0x000000cc                __data_section_table = .
                0x000000cc        0x4 LONG 0x69e4 LOADADDR (.data)
                0x000000d0        0x4 LONG 0x10000000 ADDR (.data)
                0x000000d4        0x4 LONG 0x60 SIZEOF (.data)
                0x000000d8        0x4 LONG 0x69e4 LOADADDR (.data_RAM2)
                0x000000dc        0x4 LONG 0x2007c000 ADDR (.data_RAM2)
                0x000000e0        0x4 LONG 0x0 SIZEOF (.data_RAM2)
                0x000000e4                __data_section_table_end = .
                0x000000e4                __bss_section_table = .
                0x000000e4        0x4 LONG 0x10000060 ADDR (.bss)
                0x000000e8        0x4 LONG 0x5c4 SIZEOF (.bss)
                0x000000ec        0x4 LONG 0x2007c000 ADDR (.bss_RAM2)
                0x000000f0        0x4 LONG 0x0 SIZEOF (.bss_RAM2)
                0x000000f4                __bss_section_table_end = .
                0x000000f4                __section_table_end = .
 *(.after_vectors*)
 .after_vectors
                0x000000f4       0x78 ./src/cr_startup_lpc176x.o
                0x000000f4                NMI_Handler
                0x000000f6                HardFault_Handler
                0x000000f8                MemManage_Handler
                0x000000fa                BusFault_Handler
                0x000000fc                UsageFault_Handler
                0x000000fe                SVCall_Handler
                0x00000100                DebugMon_Handler
                0x00000102                PendSV_Handler
                0x00000104                SysTick_Handler
                0x00000106                data_init
                0x00000118                bss_init
                0x00000128                ResetISR
                0x00000168                CANActivity_IRQHandler
                0x00000168                TIMER3_IRQHandler
                0x00000168                EINT3_IRQHandler
                0x00000168                RIT_IRQHandler
                0x00000168                EINT2_IRQHandler
                0x00000168                PLL0_IRQHandler
                0x00000168                CAN_IRQHandler
                0x00000168                PWM1_IRQHandler
                0x00000168                SSP0_IRQHandler
                0x00000168                I2S_IRQHandler
                0x00000168                RTC_IRQHandler
                0x00000168                TIMER0_IRQHandler
                0x00000168                SPI_IRQHandler
                0x00000168                IntDefaultHandler
                0x00000168                EINT1_IRQHandler
                0x00000168                TIMER1_IRQHandler
                0x00000168                ADC_IRQHandler
                0x00000168                SSP1_IRQHandler
                0x00000168                USB_IRQHandler
                0x00000168                BOD_IRQHandler
                0x00000168                TIMER2_IRQHandler
                0x00000168                WDT_IRQHandler
                0x00000168                QEI_IRQHandler
                0x00000168                EINT0_IRQHandler
                0x00000168                USBActivity_IRQHandler
                0x00000168                DMA_IRQHandler
                0x00000168                PLL1_IRQHandler
                0x00000168                MCPWM_IRQHandler
                0x00000168                ENET_IRQHandler
                0x000002fc                . = 0x2fc
 *fill*         0x0000016c      0x190 ff
                0x000002fc                PROVIDE (__CRP_WORD_START__, .)
 *(.crp)
 .crp           0x000002fc        0x4 ./src/main.o
                0x000002fc                CRP_WORD
                0x00000300                PROVIDE (__CRP_WORD_END__, .)
                0x00000001                ASSERT (! ((__CRP_WORD_START__ == __CRP_WORD_END__)), Linker CRP Enabled, but no CRP_WORD provided within application)
 *(.text*)
 .text.InitPeripherals
                0x00000300       0x44 ./src/main.o
                0x00000300                InitPeripherals
 .text.Delay1s  0x00000344       0x5c ./src/main.o
                0x00000344                Delay1s
 .text.Delay100ms
                0x000003a0       0x5c ./src/main.o
                0x000003a0                Delay100ms
 .text.ReadingVal
                0x000003fc      0x200 ./src/main.o
                0x000003fc                ReadingVal
 .text.main     0x000005fc      0x1dc ./src/main.o
                0x000005fc                main
 .text.SystemInit
                0x000007d8      0x1e8 C:\Users\girraj\Documents\LPCXpresso_4.1.5_219\workspace\CMSISv2_LPC17xx\Debug\libCMSISv2_LPC17xx.a(system_LPC17xx.o)
                0x000007d8                SystemInit
 .text.SystemClockUpdate
                0x000009c0      0x238 C:\Users\girraj\Documents\LPCXpresso_4.1.5_219\workspace\CMSISv2_LPC17xx\Debug\libCMSISv2_LPC17xx.a(system_LPC17xx.o)
                0x000009c0                SystemClockUpdate
 .text.ADCInit  0x00000bf8      0x188 C:\Users\girraj\Documents\LPCXpresso_4.1.5_219\workspace\FB6Lib_v_01_00\Debug\libFB6Lib_v_01_00.a(adc.o)
                0x00000bf8                ADCInit
 .text.ADCRead  0x00000d80       0xbc C:\Users\girraj\Documents\LPCXpresso_4.1.5_219\workspace\FB6Lib_v_01_00\Debug\libFB6Lib_v_01_00.a(adc.o)
                0x00000d80                ADCRead
 .text.NVIC_EnableIRQ
                0x00000e3c       0x38 C:\Users\girraj\Documents\LPCXpresso_4.1.5_219\workspace\FB6Lib_v_01_00\Debug\libFB6Lib_v_01_00.a(i2c.o)
 .text.NVIC_SetPriority
                0x00000e74       0x5c C:\Users\girraj\Documents\LPCXpresso_4.1.5_219\workspace\FB6Lib_v_01_00\Debug\libFB6Lib_v_01_00.a(i2c.o)
 .text.I2C0_IRQHandler
                0x00000ed0      0x4ac C:\Users\girraj\Documents\LPCXpresso_4.1.5_219\workspace\FB6Lib_v_01_00\Debug\libFB6Lib_v_01_00.a(i2c.o)
                0x00000ed0                I2C0_IRQHandler
 .text.I2C1_IRQHandler
                0x0000137c      0x4c4 C:\Users\girraj\Documents\LPCXpresso_4.1.5_219\workspace\FB6Lib_v_01_00\Debug\libFB6Lib_v_01_00.a(i2c.o)
                0x0000137c                I2C1_IRQHandler
 .text.I2C2_IRQHandler
                0x00001840      0x4c4 C:\Users\girraj\Documents\LPCXpresso_4.1.5_219\workspace\FB6Lib_v_01_00\Debug\libFB6Lib_v_01_00.a(i2c.o)
                0x00001840                I2C2_IRQHandler
 .text.I2C0Init
                0x00001d04       0xb8 C:\Users\girraj\Documents\LPCXpresso_4.1.5_219\workspace\FB6Lib_v_01_00\Debug\libFB6Lib_v_01_00.a(i2c.o)
                0x00001d04                I2C0Init
 .text.I2C1Init
                0x00001dbc       0xdc C:\Users\girraj\Documents\LPCXpresso_4.1.5_219\workspace\FB6Lib_v_01_00\Debug\libFB6Lib_v_01_00.a(i2c.o)
                0x00001dbc                I2C1Init
 .text.ResetI2C0
                0x00001e98      0x104 C:\Users\girraj\Documents\LPCXpresso_4.1.5_219\workspace\FB6Lib_v_01_00\Debug\libFB6Lib_v_01_00.a(i2c.o)
                0x00001e98                ResetI2C0
 .text.ResetI2C1
                0x00001f9c      0x104 C:\Users\girraj\Documents\LPCXpresso_4.1.5_219\workspace\FB6Lib_v_01_00\Debug\libFB6Lib_v_01_00.a(i2c.o)
                0x00001f9c                ResetI2C1
 .text.I2CEngine
                0x000020a0       0xc0 C:\Users\girraj\Documents\LPCXpresso_4.1.5_219\workspace\FB6Lib_v_01_00\Debug\libFB6Lib_v_01_00.a(i2c.o)
                0x000020a0                I2CEngine
 .text.Delay_LCD
                0x00002160       0x2c C:\Users\girraj\Documents\LPCXpresso_4.1.5_219\workspace\FB6Lib_v_01_00\Debug\libFB6Lib_v_01_00.a(lcd.o)
                0x00002160                Delay_LCD
 .text.InitLCD  0x0000218c       0x28 C:\Users\girraj\Documents\LPCXpresso_4.1.5_219\workspace\FB6Lib_v_01_00\Debug\libFB6Lib_v_01_00.a(lcd.o)
                0x0000218c                InitLCD
 .text.LCD_WriteCmd
                0x000021b4       0x5c C:\Users\girraj\Documents\LPCXpresso_4.1.5_219\workspace\FB6Lib_v_01_00\Debug\libFB6Lib_v_01_00.a(lcd.o)
                0x000021b4                LCD_WriteCmd
 .text.LCD_WriteStr
                0x00002210       0x90 C:\Users\girraj\Documents\LPCXpresso_4.1.5_219\workspace\FB6Lib_v_01_00\Debug\libFB6Lib_v_01_00.a(lcd.o)
                0x00002210                LCD_WriteStr
 .text.LCD_PrintData
                0x000022a0      0x248 C:\Users\girraj\Documents\LPCXpresso_4.1.5_219\workspace\FB6Lib_v_01_00\Debug\libFB6Lib_v_01_00.a(lcd.o)
                0x000022a0                LCD_PrintData
 .text.LCDSetCursorPosition
                0x000024e8       0x7c C:\Users\girraj\Documents\LPCXpresso_4.1.5_219\workspace\FB6Lib_v_01_00\Debug\libFB6Lib_v_01_00.a(lcd.o)
                0x000024e8                LCDSetCursorPosition
 .text.LCDSetBackLight
                0x00002564       0x74 C:\Users\girraj\Documents\LPCXpresso_4.1.5_219\workspace\FB6Lib_v_01_00\Debug\libFB6Lib_v_01_00.a(lcd.o)
                0x00002564                LCDSetBackLight
 .text.LCDClearScreen
                0x000025d8       0x58 C:\Users\girraj\Documents\LPCXpresso_4.1.5_219\workspace\FB6Lib_v_01_00\Debug\libFB6Lib_v_01_00.a(lcd.o)
                0x000025d8                LCDClearScreen
 .text.Delay_ms
                0x00002630       0x6c C:\Users\girraj\Documents\LPCXpresso_4.1.5_219\workspace\FB6Lib_v_01_00\Debug\libFB6Lib_v_01_00.a(motorcontroller.o)
                0x00002630                Delay_ms
 .text.InitMotorController
                0x0000269c        0xc C:\Users\girraj\Documents\LPCXpresso_4.1.5_219\workspace\FB6Lib_v_01_00\Debug\libFB6Lib_v_01_00.a(motorcontroller.o)
                0x0000269c                InitMotorController
 .text.DisableSafety
                0x000026a8       0x60 C:\Users\girraj\Documents\LPCXpresso_4.1.5_219\workspace\FB6Lib_v_01_00\Debug\libFB6Lib_v_01_00.a(motorcontroller.o)
                0x000026a8                DisableSafety
 .text.GetRightMotorCount
                0x00002708      0x114 C:\Users\girraj\Documents\LPCXpresso_4.1.5_219\workspace\FB6Lib_v_01_00\Debug\libFB6Lib_v_01_00.a(motorcontroller.o)
                0x00002708                GetRightMotorCount
 .text.ClearEncoderCounts
                0x0000281c       0x54 C:\Users\girraj\Documents\LPCXpresso_4.1.5_219\workspace\FB6Lib_v_01_00\Debug\libFB6Lib_v_01_00.a(motorcontroller.o)
                0x0000281c                ClearEncoderCounts
 .text.DisableTimeout
                0x00002870       0x54 C:\Users\girraj\Documents\LPCXpresso_4.1.5_219\workspace\FB6Lib_v_01_00\Debug\libFB6Lib_v_01_00.a(motorcontroller.o)
                0x00002870                DisableTimeout
 .text.SetMode  0x000028c4       0x6c C:\Users\girraj\Documents\LPCXpresso_4.1.5_219\workspace\FB6Lib_v_01_00\Debug\libFB6Lib_v_01_00.a(motorcontroller.o)
                0x000028c4                SetMode
 .text.Stop     0x00002930       0xbc C:\Users\girraj\Documents\LPCXpresso_4.1.5_219\workspace\FB6Lib_v_01_00\Debug\libFB6Lib_v_01_00.a(motorcontroller.o)
                0x00002930                Stop
 .text.SetAcceleration
                0x000029ec       0x6c C:\Users\girraj\Documents\LPCXpresso_4.1.5_219\workspace\FB6Lib_v_01_00\Debug\libFB6Lib_v_01_00.a(motorcontroller.o)
                0x000029ec                SetAcceleration
 .text.MoveForwardDistanceMM
                0x00002a58      0x158 C:\Users\girraj\Documents\LPCXpresso_4.1.5_219\workspace\FB6Lib_v_01_00\Debug\libFB6Lib_v_01_00.a(motorcontroller.o)
                0x00002a58                MoveForwardDistanceMM
 .text.AD7998_WriteReg
                0x00002bb0       0x7c C:\Users\girraj\Documents\LPCXpresso_4.1.5_219\workspace\FB6Lib_v_01_00\Debug\libFB6Lib_v_01_00.a(sensorboard.o)
                0x00002bb0                AD7998_WriteReg
 .text.NVIC_EnableIRQ
                0x00002c2c       0x38 C:\Users\girraj\Documents\LPCXpresso_4.1.5_219\workspace\FB6Lib_v_01_00\Debug\libFB6Lib_v_01_00.a(uart.o)
 .text.NVIC_SetPriority
                0x00002c64       0x5c C:\Users\girraj\Documents\LPCXpresso_4.1.5_219\workspace\FB6Lib_v_01_00\Debug\libFB6Lib_v_01_00.a(uart.o)
 .text.NVIC_GetPriority
                0x00002cc0       0x58 C:\Users\girraj\Documents\LPCXpresso_4.1.5_219\workspace\FB6Lib_v_01_00\Debug\libFB6Lib_v_01_00.a(uart.o)
 .text.UART0_IRQHandler
                0x00002d18      0x18c C:\Users\girraj\Documents\LPCXpresso_4.1.5_219\workspace\FB6Lib_v_01_00\Debug\libFB6Lib_v_01_00.a(uart.o)
                0x00002d18                UART0_IRQHandler
 .text.UART1_IRQHandler
                0x00002ea4      0x194 C:\Users\girraj\Documents\LPCXpresso_4.1.5_219\workspace\FB6Lib_v_01_00\Debug\libFB6Lib_v_01_00.a(uart.o)
                0x00002ea4                UART1_IRQHandler
 .text.UART2_IRQHandler
                0x00003038      0x1c0 C:\Users\girraj\Documents\LPCXpresso_4.1.5_219\workspace\FB6Lib_v_01_00\Debug\libFB6Lib_v_01_00.a(uart.o)
                0x00003038                UART2_IRQHandler
 .text.UART3_IRQHandler
                0x000031f8      0x194 C:\Users\girraj\Documents\LPCXpresso_4.1.5_219\workspace\FB6Lib_v_01_00\Debug\libFB6Lib_v_01_00.a(uart.o)
                0x000031f8                UART3_IRQHandler
 .text.UARTInit
                0x0000338c      0x4c4 C:\Users\girraj\Documents\LPCXpresso_4.1.5_219\workspace\FB6Lib_v_01_00\Debug\libFB6Lib_v_01_00.a(uart.o)
                0x0000338c                UARTInit
 .text.UARTSend
                0x00003850      0x154 C:\Users\girraj\Documents\LPCXpresso_4.1.5_219\workspace\FB6Lib_v_01_00\Debug\libFB6Lib_v_01_00.a(uart.o)
                0x00003850                UARTSend
 .text.GPSDecode
                0x000039a4      0x188 C:\Users\girraj\Documents\LPCXpresso_4.1.5_219\workspace\FB6Lib_v_01_00\Debug\libFB6Lib_v_01_00.a(uart.o)
                0x000039a4                GPSDecode
 .text.UARTDecode
                0x00003b2c     0x2c64 C:\Users\girraj\Documents\LPCXpresso_4.1.5_219\workspace\FB6Lib_v_01_00\Debug\libFB6Lib_v_01_00.a(uart.o)
                0x00003b2c                UARTDecode
 .text.__weak_main
                0x00006790        0x4 c:/nxp/lpcxpresso_4.1.5_219/lpcxpresso/tools/bin/../lib/gcc/arm-none-eabi/4.5.1/../../../../arm-none-eabi/lib/thumb2\libcr_c.a(__weak__main.o)
                0x00006790                __weak_main
                0x00006790                __main
 .text.abs      0x00006794        0x8 c:/nxp/lpcxpresso_4.1.5_219/lpcxpresso/tools/bin/../lib/gcc/arm-none-eabi/4.5.1/../../../../arm-none-eabi/lib/thumb2\libcr_c.a(stdlib.o)
                0x00006794                abs
 .text.__aeabi_ddiv
                0x0000679c      0x144 c:/nxp/lpcxpresso_4.1.5_219/lpcxpresso/tools/bin/../lib/gcc/arm-none-eabi/4.5.1/thumb2\libcr_eabihelpers.a(double.o)
                0x0000679c                __aeabi_ddiv
 .text.__aeabi_d2f
                0x000068e0       0x54 c:/nxp/lpcxpresso_4.1.5_219/lpcxpresso/tools/bin/../lib/gcc/arm-none-eabi/4.5.1/thumb2\libcr_eabihelpers.a(double.o)
                0x000068e0                __aeabi_d2f
 .text.__aeabi_f2uiz
                0x00006934       0x26 c:/nxp/lpcxpresso_4.1.5_219/lpcxpresso/tools/bin/../lib/gcc/arm-none-eabi/4.5.1/thumb2\libcr_eabihelpers.a(float.o)
                0x00006934                __aeabi_f2uiz
 .text.__bhs_ui2f
                0x0000695a       0x26 c:/nxp/lpcxpresso_4.1.5_219/lpcxpresso/tools/bin/../lib/gcc/arm-none-eabi/4.5.1/thumb2\libcr_eabihelpers.a(float.o)
                0x0000695a                __bhs_ui2f
 .text.__aeabi_ui2f
                0x00006980        0x8 c:/nxp/lpcxpresso_4.1.5_219/lpcxpresso/tools/bin/../lib/gcc/arm-none-eabi/4.5.1/thumb2\libcr_eabihelpers.a(float.o)
                0x00006980                __aeabi_ui2f
 .text.__aeabi_f2d
                0x00006988       0x38 c:/nxp/lpcxpresso_4.1.5_219/lpcxpresso/tools/bin/../lib/gcc/arm-none-eabi/4.5.1/thumb2\libcr_eabihelpers.a(float.o)
                0x00006988                __aeabi_f2d
 *(.rodata .rodata.*)
 .rodata        0x000069c0       0x18 ./src/main.o
 .rodata.LPC_I2C
                0x000069d8        0xc C:\Users\girraj\Documents\LPCXpresso_4.1.5_219\workspace\FB6Lib_v_01_00\Debug\libFB6Lib_v_01_00.a(i2c.o)
                0x000069e4                . = ALIGN (0x4)

.glue_7         0x000069e4        0x0
 .glue_7        0x00000000        0x0 linker stubs

.glue_7t        0x000069e4        0x0
 .glue_7t       0x00000000        0x0 linker stubs

.vfp11_veneer   0x000069e4        0x0
 .vfp11_veneer  0x00000000        0x0 linker stubs

.v4_bx          0x000069e4        0x0
 .v4_bx         0x00000000        0x0 linker stubs

.ARM.extab
 *(.ARM.extab* .gnu.linkonce.armextab.*)
                0x000069e4                __exidx_start = .

.ARM.exidx
 *(.ARM.exidx* .gnu.linkonce.armexidx.*)
                0x000069e4                __exidx_end = .
                0x000069e4                _etext = .

.data_RAM2      0x2007c000        0x0 load address 0x000069e4
 FILL mask 0xff
 *(.data.$RAM2*)
 *(.data.$RamAHB32*)
                0x2007c000                . = ALIGN (0x4)

.uninit_RESERVED
 *(.bss.$RESERVED*)

.data           0x10000000       0x60 load address 0x000069e4
 FILL mask 0xff
                0x10000000                _data = .
 *(vtable)
 *(.data*)
 .data.Ultrasonic
                0x10000000        0x8 ./src/main.o
                0x10000000                Ultrasonic
 .data.Whiteline
                0x10000008        0x8 ./src/main.o
                0x10000008                Whiteline
 .data.IR_Proximity
                0x10000010        0x8 ./src/main.o
                0x10000010                IR_Proximity
 .data.Accelerometer
                0x10000018        0x8 ./src/main.o
                0x10000018                Accelerometer
 .data.Gyroscope
                0x10000020        0x8 ./src/main.o
                0x10000020                Gyroscope
 .data.Magnetometer
                0x10000028        0x8 ./src/main.o
                0x10000028                Magnetometer
 .data.Battery  0x10000030        0x8 ./src/main.o
                0x10000030                Battery
 .data.LeftMotorCurrent
                0x10000038        0x1 ./src/main.o
                0x10000038                LeftMotorCurrent
 .data.RightMotorCurrent
                0x10000039        0x1 ./src/main.o
                0x10000039                RightMotorCurrent
 *fill*         0x1000003a        0x2 00
 .data.AD7998ADC
                0x1000003c       0x10 ./src/main.o
                0x1000003c                AD7998ADC
 .data.remoteControl
                0x1000004c        0x8 ./src/main.o
                0x1000004c                remoteControl
 .data          0x10000054        0x4 C:\Users\girraj\Documents\LPCXpresso_4.1.5_219\workspace\CMSISv2_LPC17xx\Debug\libCMSISv2_LPC17xx.a(system_LPC17xx.o)
                0x10000054                SystemFrequency
 .data.UART0TxEmpty
                0x10000058        0x1 C:\Users\girraj\Documents\LPCXpresso_4.1.5_219\workspace\FB6Lib_v_01_00\Debug\libFB6Lib_v_01_00.a(uart.o)
                0x10000058                UART0TxEmpty
 .data.UART1TxEmpty
                0x10000059        0x1 C:\Users\girraj\Documents\LPCXpresso_4.1.5_219\workspace\FB6Lib_v_01_00\Debug\libFB6Lib_v_01_00.a(uart.o)
                0x10000059                UART1TxEmpty
 .data.UART2TxEmpty
                0x1000005a        0x1 C:\Users\girraj\Documents\LPCXpresso_4.1.5_219\workspace\FB6Lib_v_01_00\Debug\libFB6Lib_v_01_00.a(uart.o)
                0x1000005a                UART2TxEmpty
 .data.UART3TxEmpty
                0x1000005b        0x1 C:\Users\girraj\Documents\LPCXpresso_4.1.5_219\workspace\FB6Lib_v_01_00\Debug\libFB6Lib_v_01_00.a(uart.o)
                0x1000005b                UART3TxEmpty
 .data.packet_data_count.2360
                0x1000005c        0x1 C:\Users\girraj\Documents\LPCXpresso_4.1.5_219\workspace\FB6Lib_v_01_00\Debug\libFB6Lib_v_01_00.a(uart.o)
                0x10000060                . = ALIGN (0x4)
 *fill*         0x1000005d        0x3 ff
                0x10000060                _edata = .

.bss_RAM2       0x2007c000        0x0
 *(.bss.$RAM2*)
 *(.bss.$RamAHB32*)
                0x2007c000                . = ALIGN (0x4)

.bss            0x10000060      0x5c4
                0x10000060                _bss = .
 *(.bss*)
 .bss.encCount  0x10000060        0x4 ./src/main.o
                0x10000060                encCount
 .bss.PotValue  0x10000064        0x4 ./src/main.o
                0x10000064                PotValue
 .bss.ServoPOD_ADC
                0x10000068        0x4 ./src/main.o
                0x10000068                ServoPOD_ADC
 .bss.ResetEncoderCounts
                0x1000006c        0x1 ./src/main.o
                0x1000006c                ResetEncoderCounts
 .bss.UpdateMode
                0x1000006d        0x1 ./src/main.o
                0x1000006d                UpdateMode
 .bss.UpdateSafety
                0x1000006e        0x1 ./src/main.o
                0x1000006e                UpdateSafety
 .bss.ServoPodULTriggerState
                0x1000006f        0x1 ./src/main.o
                0x1000006f                ServoPodULTriggerState
 .bss.updatePosition
                0x10000070        0x1 ./src/main.o
                0x10000070                updatePosition
 *fill*         0x10000071        0x3 00
 .bss.positionLeft
                0x10000074        0x4 ./src/main.o
                0x10000074                positionLeft
 .bss.positionRight
                0x10000078        0x4 ./src/main.o
                0x10000078                positionRight
 .bss.velocityLeft
                0x1000007c        0x1 ./src/main.o
                0x1000007c                velocityLeft
 .bss.velocityRight
                0x1000007d        0x1 ./src/main.o
                0x1000007d                velocityRight
 .bss.updateRemote_2_4GhzCommand
                0x1000007e        0x1 ./src/main.o
                0x1000007e                updateRemote_2_4GhzCommand
 .bss.PanAngle  0x1000007f        0x1 ./src/main.o
                0x1000007f                PanAngle
 .bss.TiltAngle
                0x10000080        0x1 ./src/main.o
                0x10000080                TiltAngle
 .bss.AuxAngle  0x10000081        0x1 ./src/main.o
                0x10000081                AuxAngle
 *fill*         0x10000082        0x2 00
 .bss.I2CMasterState
                0x10000084        0xc C:\Users\girraj\Documents\LPCXpresso_4.1.5_219\workspace\FB6Lib_v_01_00\Debug\libFB6Lib_v_01_00.a(i2c.o)
                0x10000084                I2CMasterState
 .bss.timeout   0x10000090        0xc C:\Users\girraj\Documents\LPCXpresso_4.1.5_219\workspace\FB6Lib_v_01_00\Debug\libFB6Lib_v_01_00.a(i2c.o)
                0x10000090                timeout
 .bss.RdIndex0  0x1000009c        0x4 C:\Users\girraj\Documents\LPCXpresso_4.1.5_219\workspace\FB6Lib_v_01_00\Debug\libFB6Lib_v_01_00.a(i2c.o)
                0x1000009c                RdIndex0
 .bss.RdIndex1  0x100000a0        0x4 C:\Users\girraj\Documents\LPCXpresso_4.1.5_219\workspace\FB6Lib_v_01_00\Debug\libFB6Lib_v_01_00.a(i2c.o)
                0x100000a0                RdIndex1
 .bss.RdIndex2  0x100000a4        0x4 C:\Users\girraj\Documents\LPCXpresso_4.1.5_219\workspace\FB6Lib_v_01_00\Debug\libFB6Lib_v_01_00.a(i2c.o)
                0x100000a4                RdIndex2
 .bss.WrIndex0  0x100000a8        0x4 C:\Users\girraj\Documents\LPCXpresso_4.1.5_219\workspace\FB6Lib_v_01_00\Debug\libFB6Lib_v_01_00.a(i2c.o)
                0x100000a8                WrIndex0
 .bss.WrIndex1  0x100000ac        0x4 C:\Users\girraj\Documents\LPCXpresso_4.1.5_219\workspace\FB6Lib_v_01_00\Debug\libFB6Lib_v_01_00.a(i2c.o)
                0x100000ac                WrIndex1
 .bss.WrIndex2  0x100000b0        0x4 C:\Users\girraj\Documents\LPCXpresso_4.1.5_219\workspace\FB6Lib_v_01_00\Debug\libFB6Lib_v_01_00.a(i2c.o)
                0x100000b0                WrIndex2
 .bss.Left_Velocity
                0x100000b4        0x1 C:\Users\girraj\Documents\LPCXpresso_4.1.5_219\workspace\FB6Lib_v_01_00\Debug\libFB6Lib_v_01_00.a(motorcontroller.o)
                0x100000b4                Left_Velocity
 .bss.Right_Velocity
                0x100000b5        0x1 C:\Users\girraj\Documents\LPCXpresso_4.1.5_219\workspace\FB6Lib_v_01_00\Debug\libFB6Lib_v_01_00.a(motorcontroller.o)
                0x100000b5                Right_Velocity
 .bss.MotorUpdate
                0x100000b6        0x1 C:\Users\girraj\Documents\LPCXpresso_4.1.5_219\workspace\FB6Lib_v_01_00\Debug\libFB6Lib_v_01_00.a(motorcontroller.o)
                0x100000b6                MotorUpdate
 .bss.Direction
                0x100000b7        0x1 C:\Users\girraj\Documents\LPCXpresso_4.1.5_219\workspace\FB6Lib_v_01_00\Debug\libFB6Lib_v_01_00.a(motorcontroller.o)
                0x100000b7                Direction
 .bss.AccUpdate
                0x100000b8        0x1 C:\Users\girraj\Documents\LPCXpresso_4.1.5_219\workspace\FB6Lib_v_01_00\Debug\libFB6Lib_v_01_00.a(motorcontroller.o)
                0x100000b8                AccUpdate
 .bss.Acc       0x100000b9        0x1 C:\Users\girraj\Documents\LPCXpresso_4.1.5_219\workspace\FB6Lib_v_01_00\Debug\libFB6Lib_v_01_00.a(motorcontroller.o)
                0x100000b9                Acc
 .bss.IRTrigger
                0x100000ba        0x1 C:\Users\girraj\Documents\LPCXpresso_4.1.5_219\workspace\FB6Lib_v_01_00\Debug\libFB6Lib_v_01_00.a(sensorboard.o)
                0x100000ba                IRTrigger
 .bss.WLTrigger
                0x100000bb        0x1 C:\Users\girraj\Documents\LPCXpresso_4.1.5_219\workspace\FB6Lib_v_01_00\Debug\libFB6Lib_v_01_00.a(sensorboard.o)
                0x100000bb                WLTrigger
 .bss.ULTrigger
                0x100000bc        0x1 C:\Users\girraj\Documents\LPCXpresso_4.1.5_219\workspace\FB6Lib_v_01_00\Debug\libFB6Lib_v_01_00.a(sensorboard.o)
                0x100000bc                ULTrigger
 .bss.IRTriggerState
                0x100000bd        0x1 C:\Users\girraj\Documents\LPCXpresso_4.1.5_219\workspace\FB6Lib_v_01_00\Debug\libFB6Lib_v_01_00.a(sensorboard.o)
                0x100000bd                IRTriggerState
 .bss.WLTriggerState
                0x100000be        0x1 C:\Users\girraj\Documents\LPCXpresso_4.1.5_219\workspace\FB6Lib_v_01_00\Debug\libFB6Lib_v_01_00.a(sensorboard.o)
                0x100000be                WLTriggerState
 .bss.ULTriggerState
                0x100000bf        0x1 C:\Users\girraj\Documents\LPCXpresso_4.1.5_219\workspace\FB6Lib_v_01_00\Debug\libFB6Lib_v_01_00.a(sensorboard.o)
                0x100000bf                ULTriggerState
 .bss.ServoUpdate
                0x100000c0        0x1 C:\Users\girraj\Documents\LPCXpresso_4.1.5_219\workspace\FB6Lib_v_01_00\Debug\libFB6Lib_v_01_00.a(sensorboard.o)
                0x100000c0                ServoUpdate
 .bss.ServoType
                0x100000c1        0x1 C:\Users\girraj\Documents\LPCXpresso_4.1.5_219\workspace\FB6Lib_v_01_00\Debug\libFB6Lib_v_01_00.a(sensorboard.o)
                0x100000c1                ServoType
 *fill*         0x100000c2        0x2 00
 .bss.UART0Count
                0x100000c4        0x4 C:\Users\girraj\Documents\LPCXpresso_4.1.5_219\workspace\FB6Lib_v_01_00\Debug\libFB6Lib_v_01_00.a(uart.o)
                0x100000c4                UART0Count
 .bss.UART1Count
                0x100000c8        0x4 C:\Users\girraj\Documents\LPCXpresso_4.1.5_219\workspace\FB6Lib_v_01_00\Debug\libFB6Lib_v_01_00.a(uart.o)
                0x100000c8                UART1Count
 .bss.UART2Count
                0x100000cc        0x4 C:\Users\girraj\Documents\LPCXpresso_4.1.5_219\workspace\FB6Lib_v_01_00\Debug\libFB6Lib_v_01_00.a(uart.o)
                0x100000cc                UART2Count
 .bss.UART3Count
                0x100000d0        0x4 C:\Users\girraj\Documents\LPCXpresso_4.1.5_219\workspace\FB6Lib_v_01_00\Debug\libFB6Lib_v_01_00.a(uart.o)
                0x100000d0                UART3Count
 .bss.cmd_byte  0x100000d4        0x1 C:\Users\girraj\Documents\LPCXpresso_4.1.5_219\workspace\FB6Lib_v_01_00\Debug\libFB6Lib_v_01_00.a(uart.o)
                0x100000d4                cmd_byte
 .bss.data_byte1
                0x100000d5        0x1 C:\Users\girraj\Documents\LPCXpresso_4.1.5_219\workspace\FB6Lib_v_01_00\Debug\libFB6Lib_v_01_00.a(uart.o)
                0x100000d5                data_byte1
 .bss.packet_valid
                0x100000d6        0x1 C:\Users\girraj\Documents\LPCXpresso_4.1.5_219\workspace\FB6Lib_v_01_00\Debug\libFB6Lib_v_01_00.a(uart.o)
                0x100000d6                packet_valid
 .bss.Len       0x100000d7        0x1 C:\Users\girraj\Documents\LPCXpresso_4.1.5_219\workspace\FB6Lib_v_01_00\Debug\libFB6Lib_v_01_00.a(uart.o)
                0x100000d7                Len
 .bss.Temp      0x100000d8        0x4 C:\Users\girraj\Documents\LPCXpresso_4.1.5_219\workspace\FB6Lib_v_01_00\Debug\libFB6Lib_v_01_00.a(uart.o)
                0x100000d8                Temp
 .bss.UART2Flag
                0x100000dc        0x1 C:\Users\girraj\Documents\LPCXpresso_4.1.5_219\workspace\FB6Lib_v_01_00\Debug\libFB6Lib_v_01_00.a(uart.o)
                0x100000dc                UART2Flag
 .bss.RxReadLength
                0x100000dd        0x1 C:\Users\girraj\Documents\LPCXpresso_4.1.5_219\workspace\FB6Lib_v_01_00\Debug\libFB6Lib_v_01_00.a(uart.o)
                0x100000dd                RxReadLength
 .bss.gpsPacketRx
                0x100000de        0x1 C:\Users\girraj\Documents\LPCXpresso_4.1.5_219\workspace\FB6Lib_v_01_00\Debug\libFB6Lib_v_01_00.a(uart.o)
                0x100000de                gpsPacketRx
 .bss.rxtxintchngdbit
                0x100000df        0x1 C:\Users\girraj\Documents\LPCXpresso_4.1.5_219\workspace\FB6Lib_v_01_00\Debug\libFB6Lib_v_01_00.a(Gps.o)
                0x100000df                rxtxintchngdbit
 .bss.usatr3_count
                0x100000e0        0x1 C:\Users\girraj\Documents\LPCXpresso_4.1.5_219\workspace\FB6Lib_v_01_00\Debug\libFB6Lib_v_01_00.a(Gps.o)
                0x100000e0                usatr3_count
 *(COMMON)
 *fill*         0x100000e1        0x3 00
 COMMON         0x100000e4        0xc ./src/main.o
                0x100000e4                Safety
                0x100000e5                Mode
                0x100000e8                Right_Count_New_Locked
                0x100000ec                Left_Count_New_Locked
 COMMON         0x100000f0       0x18 C:\Users\girraj\Documents\LPCXpresso_4.1.5_219\workspace\FB6Lib_v_01_00\Debug\libFB6Lib_v_01_00.a(adc.o)
                0x100000f0                ADCValue
 COMMON         0x10000108      0x198 C:\Users\girraj\Documents\LPCXpresso_4.1.5_219\workspace\FB6Lib_v_01_00\Debug\libFB6Lib_v_01_00.a(i2c.o)
                0x10000108                I2CReadLength
                0x10000114                I2CSlaveBuffer
                0x100001d4                I2CMasterBuffer
                0x10000294                I2CWriteLength
 COMMON         0x100002a0      0x2a4 C:\Users\girraj\Documents\LPCXpresso_4.1.5_219\workspace\FB6Lib_v_01_00\Debug\libFB6Lib_v_01_00.a(uart.o)
                0x100002a0                positionData
                0x100002ac                UART2_RxBuffer
                0x100002ec                Test
                0x100003b4                UART1Buffer
                0x100003f4                UART2Status
                0x100003f8                UART3Status
                0x100003fc                UART0Buffer
                0x1000043c                Tx_Buffer
                0x1000047c                UART1Status
                0x10000480                UART3Buffer
                0x100004c0                UART2Buffer
                0x10000500                Rx_Buffer
                0x10000540                UART0Status
 COMMON         0x10000544       0xe0 C:\Users\girraj\Documents\LPCXpresso_4.1.5_219\workspace\FB6Lib_v_01_00\Debug\libFB6Lib_v_01_00.a(Gps.o)
                0x10000544                temprory
                0x10000548                rx_start2
                0x10000549                pos
                0x1000054c                posfix
                0x10000550                satellitelock
                0x10000553                rx_start
                0x10000554                ggabite
                0x10000558                norsou
                0x1000055c                UTC
                0x10000568                ggamsg
                0x100005b4                rx_start1
                0x100005b5                ii
                0x100005b6                data
                0x100005b8                longitude
                0x100005c4                latitude
                0x100005d0                estwst
                0x100005d4                rx_string
                0x10000624                . = ALIGN (0x4)
                0x10000624                _ebss = .
                0x10000624                PROVIDE (end, .)
                0x10000624                PROVIDE (_pvHeapStart, .)
                0x10008000                PROVIDE (_vStackTop, (__top_RamLoc32 - 0x0))
OUTPUT(I2C_ADC_DEMO.axf elf32-littlearm)

.debug_abbrev   0x00000000      0xdef
 .debug_abbrev  0x00000000      0x10f ./src/cr_startup_lpc176x.o
 .debug_abbrev  0x0000010f      0x139 ./src/main.o
 .debug_abbrev  0x00000248       0xe3 C:\Users\girraj\Documents\LPCXpresso_4.1.5_219\workspace\CMSISv2_LPC17xx\Debug\libCMSISv2_LPC17xx.a(system_LPC17xx.o)
 .debug_abbrev  0x0000032b      0x15f C:\Users\girraj\Documents\LPCXpresso_4.1.5_219\workspace\FB6Lib_v_01_00\Debug\libFB6Lib_v_01_00.a(adc.o)
 .debug_abbrev  0x0000048a      0x1ee C:\Users\girraj\Documents\LPCXpresso_4.1.5_219\workspace\FB6Lib_v_01_00\Debug\libFB6Lib_v_01_00.a(i2c.o)
 .debug_abbrev  0x00000678      0x12e C:\Users\girraj\Documents\LPCXpresso_4.1.5_219\workspace\FB6Lib_v_01_00\Debug\libFB6Lib_v_01_00.a(lcd.o)
 .debug_abbrev  0x000007a6      0x1d5 C:\Users\girraj\Documents\LPCXpresso_4.1.5_219\workspace\FB6Lib_v_01_00\Debug\libFB6Lib_v_01_00.a(motorcontroller.o)
 .debug_abbrev  0x0000097b      0x18b C:\Users\girraj\Documents\LPCXpresso_4.1.5_219\workspace\FB6Lib_v_01_00\Debug\libFB6Lib_v_01_00.a(sensorboard.o)
 .debug_abbrev  0x00000b06      0x22c C:\Users\girraj\Documents\LPCXpresso_4.1.5_219\workspace\FB6Lib_v_01_00\Debug\libFB6Lib_v_01_00.a(uart.o)
 .debug_abbrev  0x00000d32       0xbd C:\Users\girraj\Documents\LPCXpresso_4.1.5_219\workspace\FB6Lib_v_01_00\Debug\libFB6Lib_v_01_00.a(Gps.o)

.debug_info     0x00000000     0x58bc
 .debug_info    0x00000000      0x2e3 ./src/cr_startup_lpc176x.o
 .debug_info    0x000002e3      0x655 ./src/main.o
 .debug_info    0x00000938      0x388 C:\Users\girraj\Documents\LPCXpresso_4.1.5_219\workspace\CMSISv2_LPC17xx\Debug\libCMSISv2_LPC17xx.a(system_LPC17xx.o)
 .debug_info    0x00000cc0      0x6ac C:\Users\girraj\Documents\LPCXpresso_4.1.5_219\workspace\FB6Lib_v_01_00\Debug\libFB6Lib_v_01_00.a(adc.o)
 .debug_info    0x0000136c     0x10bc C:\Users\girraj\Documents\LPCXpresso_4.1.5_219\workspace\FB6Lib_v_01_00\Debug\libFB6Lib_v_01_00.a(i2c.o)
 .debug_info    0x00002428      0x4ad C:\Users\girraj\Documents\LPCXpresso_4.1.5_219\workspace\FB6Lib_v_01_00\Debug\libFB6Lib_v_01_00.a(lcd.o)
 .debug_info    0x000028d5      0x72b C:\Users\girraj\Documents\LPCXpresso_4.1.5_219\workspace\FB6Lib_v_01_00\Debug\libFB6Lib_v_01_00.a(motorcontroller.o)
 .debug_info    0x00003000      0x6f4 C:\Users\girraj\Documents\LPCXpresso_4.1.5_219\workspace\FB6Lib_v_01_00\Debug\libFB6Lib_v_01_00.a(sensorboard.o)
 .debug_info    0x000036f4     0x1ca5 C:\Users\girraj\Documents\LPCXpresso_4.1.5_219\workspace\FB6Lib_v_01_00\Debug\libFB6Lib_v_01_00.a(uart.o)
 .debug_info    0x00005399      0x523 C:\Users\girraj\Documents\LPCXpresso_4.1.5_219\workspace\FB6Lib_v_01_00\Debug\libFB6Lib_v_01_00.a(Gps.o)

.debug_line     0x00000000     0x3ae1
 .debug_line    0x00000000      0x3df ./src/cr_startup_lpc176x.o
 .debug_line    0x000003df      0x6b9 ./src/main.o
 .debug_line    0x00000a98      0x40f C:\Users\girraj\Documents\LPCXpresso_4.1.5_219\workspace\CMSISv2_LPC17xx\Debug\libCMSISv2_LPC17xx.a(system_LPC17xx.o)
 .debug_line    0x00000ea7      0x456 C:\Users\girraj\Documents\LPCXpresso_4.1.5_219\workspace\FB6Lib_v_01_00\Debug\libFB6Lib_v_01_00.a(adc.o)
 .debug_line    0x000012fd      0x640 C:\Users\girraj\Documents\LPCXpresso_4.1.5_219\workspace\FB6Lib_v_01_00\Debug\libFB6Lib_v_01_00.a(i2c.o)
 .debug_line    0x0000193d      0x530 C:\Users\girraj\Documents\LPCXpresso_4.1.5_219\workspace\FB6Lib_v_01_00\Debug\libFB6Lib_v_01_00.a(lcd.o)
 .debug_line    0x00001e6d      0x705 C:\Users\girraj\Documents\LPCXpresso_4.1.5_219\workspace\FB6Lib_v_01_00\Debug\libFB6Lib_v_01_00.a(motorcontroller.o)
 .debug_line    0x00002572      0x5db C:\Users\girraj\Documents\LPCXpresso_4.1.5_219\workspace\FB6Lib_v_01_00\Debug\libFB6Lib_v_01_00.a(sensorboard.o)
 .debug_line    0x00002b4d      0xa7c C:\Users\girraj\Documents\LPCXpresso_4.1.5_219\workspace\FB6Lib_v_01_00\Debug\libFB6Lib_v_01_00.a(uart.o)
 .debug_line    0x000035c9      0x518 C:\Users\girraj\Documents\LPCXpresso_4.1.5_219\workspace\FB6Lib_v_01_00\Debug\libFB6Lib_v_01_00.a(Gps.o)

.debug_macinfo  0x00000000    0x36b23
 .debug_macinfo
                0x00000000     0x3178 ./src/cr_startup_lpc176x.o
 .debug_macinfo
                0x00003178     0x6950 ./src/main.o
 .debug_macinfo
                0x00009ac8     0x4a1c C:\Users\girraj\Documents\LPCXpresso_4.1.5_219\workspace\CMSISv2_LPC17xx\Debug\libCMSISv2_LPC17xx.a(system_LPC17xx.o)
 .debug_macinfo
                0x0000e4e4     0x4a2c C:\Users\girraj\Documents\LPCXpresso_4.1.5_219\workspace\FB6Lib_v_01_00\Debug\libFB6Lib_v_01_00.a(adc.o)
 .debug_macinfo
                0x00012f10     0x4acb C:\Users\girraj\Documents\LPCXpresso_4.1.5_219\workspace\FB6Lib_v_01_00\Debug\libFB6Lib_v_01_00.a(i2c.o)
 .debug_macinfo
                0x000179db     0x6229 C:\Users\girraj\Documents\LPCXpresso_4.1.5_219\workspace\FB6Lib_v_01_00\Debug\libFB6Lib_v_01_00.a(lcd.o)
 .debug_macinfo
                0x0001dc04     0x6548 C:\Users\girraj\Documents\LPCXpresso_4.1.5_219\workspace\FB6Lib_v_01_00\Debug\libFB6Lib_v_01_00.a(motorcontroller.o)
 .debug_macinfo
                0x0002414c     0x6231 C:\Users\girraj\Documents\LPCXpresso_4.1.5_219\workspace\FB6Lib_v_01_00\Debug\libFB6Lib_v_01_00.a(sensorboard.o)
 .debug_macinfo
                0x0002a37d     0x65b6 C:\Users\girraj\Documents\LPCXpresso_4.1.5_219\workspace\FB6Lib_v_01_00\Debug\libFB6Lib_v_01_00.a(uart.o)
 .debug_macinfo
                0x00030933     0x61f0 C:\Users\girraj\Documents\LPCXpresso_4.1.5_219\workspace\FB6Lib_v_01_00\Debug\libFB6Lib_v_01_00.a(Gps.o)

.debug_loc      0x00000000     0x14aa
 .debug_loc     0x00000000      0x1b8 ./src/cr_startup_lpc176x.o
 .debug_loc     0x000001b8      0x146 ./src/main.o
 .debug_loc     0x000002fe       0x64 C:\Users\girraj\Documents\LPCXpresso_4.1.5_219\workspace\CMSISv2_LPC17xx\Debug\libCMSISv2_LPC17xx.a(system_LPC17xx.o)
 .debug_loc     0x00000362       0x9c C:\Users\girraj\Documents\LPCXpresso_4.1.5_219\workspace\FB6Lib_v_01_00\Debug\libFB6Lib_v_01_00.a(adc.o)
 .debug_loc     0x000003fe      0x2b4 C:\Users\girraj\Documents\LPCXpresso_4.1.5_219\workspace\FB6Lib_v_01_00\Debug\libFB6Lib_v_01_00.a(i2c.o)
 .debug_loc     0x000006b2      0x1ec C:\Users\girraj\Documents\LPCXpresso_4.1.5_219\workspace\FB6Lib_v_01_00\Debug\libFB6Lib_v_01_00.a(lcd.o)
 .debug_loc     0x0000089e      0x4e8 C:\Users\girraj\Documents\LPCXpresso_4.1.5_219\workspace\FB6Lib_v_01_00\Debug\libFB6Lib_v_01_00.a(motorcontroller.o)
 .debug_loc     0x00000d86      0x324 C:\Users\girraj\Documents\LPCXpresso_4.1.5_219\workspace\FB6Lib_v_01_00\Debug\libFB6Lib_v_01_00.a(sensorboard.o)
 .debug_loc     0x000010aa      0x2a0 C:\Users\girraj\Documents\LPCXpresso_4.1.5_219\workspace\FB6Lib_v_01_00\Debug\libFB6Lib_v_01_00.a(uart.o)
 .debug_loc     0x0000134a      0x160 C:\Users\girraj\Documents\LPCXpresso_4.1.5_219\workspace\FB6Lib_v_01_00\Debug\libFB6Lib_v_01_00.a(Gps.o)

.debug_pubnames
                0x00000000      0xf7d
 .debug_pubnames
                0x00000000      0x118 ./src/cr_startup_lpc176x.o
 .debug_pubnames
                0x00000118      0x29d ./src/main.o
 .debug_pubnames
                0x000003b5       0x4b C:\Users\girraj\Documents\LPCXpresso_4.1.5_219\workspace\CMSISv2_LPC17xx\Debug\libCMSISv2_LPC17xx.a(system_LPC17xx.o)
 .debug_pubnames
                0x00000400       0x7b C:\Users\girraj\Documents\LPCXpresso_4.1.5_219\workspace\FB6Lib_v_01_00\Debug\libFB6Lib_v_01_00.a(adc.o)
 .debug_pubnames
                0x0000047b      0x17e C:\Users\girraj\Documents\LPCXpresso_4.1.5_219\workspace\FB6Lib_v_01_00\Debug\libFB6Lib_v_01_00.a(i2c.o)
 .debug_pubnames
                0x000005f9       0xb5 C:\Users\girraj\Documents\LPCXpresso_4.1.5_219\workspace\FB6Lib_v_01_00\Debug\libFB6Lib_v_01_00.a(lcd.o)
 .debug_pubnames
                0x000006ae      0x255 C:\Users\girraj\Documents\LPCXpresso_4.1.5_219\workspace\FB6Lib_v_01_00\Debug\libFB6Lib_v_01_00.a(motorcontroller.o)
 .debug_pubnames
                0x00000903      0x1d8 C:\Users\girraj\Documents\LPCXpresso_4.1.5_219\workspace\FB6Lib_v_01_00\Debug\libFB6Lib_v_01_00.a(sensorboard.o)
 .debug_pubnames
                0x00000adb      0x2b6 C:\Users\girraj\Documents\LPCXpresso_4.1.5_219\workspace\FB6Lib_v_01_00\Debug\libFB6Lib_v_01_00.a(uart.o)
 .debug_pubnames
                0x00000d91      0x1ec C:\Users\girraj\Documents\LPCXpresso_4.1.5_219\workspace\FB6Lib_v_01_00\Debug\libFB6Lib_v_01_00.a(Gps.o)

.debug_pubtypes
                0x00000000      0x3be
 .debug_pubtypes
                0x00000000       0x12 ./src/cr_startup_lpc176x.o
 .debug_pubtypes
                0x00000012       0x56 ./src/main.o
 .debug_pubtypes
                0x00000068       0x32 C:\Users\girraj\Documents\LPCXpresso_4.1.5_219\workspace\CMSISv2_LPC17xx\Debug\libCMSISv2_LPC17xx.a(system_LPC17xx.o)
 .debug_pubtypes
                0x0000009a       0x69 C:\Users\girraj\Documents\LPCXpresso_4.1.5_219\workspace\FB6Lib_v_01_00\Debug\libFB6Lib_v_01_00.a(adc.o)
 .debug_pubtypes
                0x00000103       0xbd C:\Users\girraj\Documents\LPCXpresso_4.1.5_219\workspace\FB6Lib_v_01_00\Debug\libFB6Lib_v_01_00.a(i2c.o)
 .debug_pubtypes
                0x000001c0       0x3f C:\Users\girraj\Documents\LPCXpresso_4.1.5_219\workspace\FB6Lib_v_01_00\Debug\libFB6Lib_v_01_00.a(lcd.o)
 .debug_pubtypes
                0x000001ff       0x56 C:\Users\girraj\Documents\LPCXpresso_4.1.5_219\workspace\FB6Lib_v_01_00\Debug\libFB6Lib_v_01_00.a(motorcontroller.o)
 .debug_pubtypes
                0x00000255       0x4c C:\Users\girraj\Documents\LPCXpresso_4.1.5_219\workspace\FB6Lib_v_01_00\Debug\libFB6Lib_v_01_00.a(sensorboard.o)
 .debug_pubtypes
                0x000002a1       0xff C:\Users\girraj\Documents\LPCXpresso_4.1.5_219\workspace\FB6Lib_v_01_00\Debug\libFB6Lib_v_01_00.a(uart.o)
 .debug_pubtypes
                0x000003a0       0x1e C:\Users\girraj\Documents\LPCXpresso_4.1.5_219\workspace\FB6Lib_v_01_00\Debug\libFB6Lib_v_01_00.a(Gps.o)

.debug_aranges  0x00000000      0x440
 .debug_aranges
                0x00000000       0x80 ./src/cr_startup_lpc176x.o
 .debug_aranges
                0x00000080       0x48 ./src/main.o
 .debug_aranges
                0x000000c8       0x28 C:\Users\girraj\Documents\LPCXpresso_4.1.5_219\workspace\CMSISv2_LPC17xx\Debug\libCMSISv2_LPC17xx.a(system_LPC17xx.o)
 .debug_aranges
                0x000000f0       0x30 C:\Users\girraj\Documents\LPCXpresso_4.1.5_219\workspace\FB6Lib_v_01_00\Debug\libFB6Lib_v_01_00.a(adc.o)
 .debug_aranges
                0x00000120       0x80 C:\Users\girraj\Documents\LPCXpresso_4.1.5_219\workspace\FB6Lib_v_01_00\Debug\libFB6Lib_v_01_00.a(i2c.o)
 .debug_aranges
                0x000001a0       0x60 C:\Users\girraj\Documents\LPCXpresso_4.1.5_219\workspace\FB6Lib_v_01_00\Debug\libFB6Lib_v_01_00.a(lcd.o)
 .debug_aranges
                0x00000200       0xe0 C:\Users\girraj\Documents\LPCXpresso_4.1.5_219\workspace\FB6Lib_v_01_00\Debug\libFB6Lib_v_01_00.a(motorcontroller.o)
 .debug_aranges
                0x000002e0       0x90 C:\Users\girraj\Documents\LPCXpresso_4.1.5_219\workspace\FB6Lib_v_01_00\Debug\libFB6Lib_v_01_00.a(sensorboard.o)
 .debug_aranges
                0x00000370       0x78 C:\Users\girraj\Documents\LPCXpresso_4.1.5_219\workspace\FB6Lib_v_01_00\Debug\libFB6Lib_v_01_00.a(uart.o)
 .debug_aranges
                0x000003e8       0x58 C:\Users\girraj\Documents\LPCXpresso_4.1.5_219\workspace\FB6Lib_v_01_00\Debug\libFB6Lib_v_01_00.a(Gps.o)

.debug_ranges   0x00000000      0x3a0
 .debug_ranges  0x00000000       0x70 ./src/cr_startup_lpc176x.o
 .debug_ranges  0x00000070       0x38 ./src/main.o
 .debug_ranges  0x000000a8       0x18 C:\Users\girraj\Documents\LPCXpresso_4.1.5_219\workspace\CMSISv2_LPC17xx\Debug\libCMSISv2_LPC17xx.a(system_LPC17xx.o)
 .debug_ranges  0x000000c0       0x20 C:\Users\girraj\Documents\LPCXpresso_4.1.5_219\workspace\FB6Lib_v_01_00\Debug\libFB6Lib_v_01_00.a(adc.o)
 .debug_ranges  0x000000e0       0x70 C:\Users\girraj\Documents\LPCXpresso_4.1.5_219\workspace\FB6Lib_v_01_00\Debug\libFB6Lib_v_01_00.a(i2c.o)
 .debug_ranges  0x00000150       0x50 C:\Users\girraj\Documents\LPCXpresso_4.1.5_219\workspace\FB6Lib_v_01_00\Debug\libFB6Lib_v_01_00.a(lcd.o)
 .debug_ranges  0x000001a0       0xd0 C:\Users\girraj\Documents\LPCXpresso_4.1.5_219\workspace\FB6Lib_v_01_00\Debug\libFB6Lib_v_01_00.a(motorcontroller.o)
 .debug_ranges  0x00000270       0x80 C:\Users\girraj\Documents\LPCXpresso_4.1.5_219\workspace\FB6Lib_v_01_00\Debug\libFB6Lib_v_01_00.a(sensorboard.o)
 .debug_ranges  0x000002f0       0x68 C:\Users\girraj\Documents\LPCXpresso_4.1.5_219\workspace\FB6Lib_v_01_00\Debug\libFB6Lib_v_01_00.a(uart.o)
 .debug_ranges  0x00000358       0x48 C:\Users\girraj\Documents\LPCXpresso_4.1.5_219\workspace\FB6Lib_v_01_00\Debug\libFB6Lib_v_01_00.a(Gps.o)

.debug_str      0x00000000     0x15a4
 .debug_str     0x00000000      0x229 ./src/cr_startup_lpc176x.o
                                0x251 (size before relaxing)
 .debug_str     0x00000229      0x2ba ./src/main.o
                                0x3d5 (size before relaxing)
 .debug_str     0x000004e3      0x1e3 C:\Users\girraj\Documents\LPCXpresso_4.1.5_219\workspace\CMSISv2_LPC17xx\Debug\libCMSISv2_LPC17xx.a(system_LPC17xx.o)
                                0x271 (size before relaxing)
 .debug_str     0x000006c6      0x200 C:\Users\girraj\Documents\LPCXpresso_4.1.5_219\workspace\FB6Lib_v_01_00\Debug\libFB6Lib_v_01_00.a(adc.o)
                                0x3f5 (size before relaxing)
 .debug_str     0x000008c6      0x509 C:\Users\girraj\Documents\LPCXpresso_4.1.5_219\workspace\FB6Lib_v_01_00\Debug\libFB6Lib_v_01_00.a(i2c.o)
                                0x8bc (size before relaxing)
 .debug_str     0x00000dcf       0x8c C:\Users\girraj\Documents\LPCXpresso_4.1.5_219\workspace\FB6Lib_v_01_00\Debug\libFB6Lib_v_01_00.a(lcd.o)
                                0x242 (size before relaxing)
 .debug_str     0x00000e5b      0x245 C:\Users\girraj\Documents\LPCXpresso_4.1.5_219\workspace\FB6Lib_v_01_00\Debug\libFB6Lib_v_01_00.a(motorcontroller.o)
                                0x42d (size before relaxing)
 .debug_str     0x000010a0      0x17f C:\Users\girraj\Documents\LPCXpresso_4.1.5_219\workspace\FB6Lib_v_01_00\Debug\libFB6Lib_v_01_00.a(sensorboard.o)
                                0x34f (size before relaxing)
 .debug_str     0x0000121f      0x2bc C:\Users\girraj\Documents\LPCXpresso_4.1.5_219\workspace\FB6Lib_v_01_00\Debug\libFB6Lib_v_01_00.a(uart.o)
                                0xcf4 (size before relaxing)
 .debug_str     0x000014db       0xc9 C:\Users\girraj\Documents\LPCXpresso_4.1.5_219\workspace\FB6Lib_v_01_00\Debug\libFB6Lib_v_01_00.a(Gps.o)
                                0x234 (size before relaxing)

.comment        0x00000000       0x2a
 .comment       0x00000000       0x2a ./src/cr_startup_lpc176x.o
                                 0x2b (size before relaxing)
 .comment       0x00000000       0x2b ./src/main.o
 .comment       0x00000000       0x2b C:\Users\girraj\Documents\LPCXpresso_4.1.5_219\workspace\CMSISv2_LPC17xx\Debug\libCMSISv2_LPC17xx.a(system_LPC17xx.o)
 .comment       0x00000000       0x2b C:\Users\girraj\Documents\LPCXpresso_4.1.5_219\workspace\FB6Lib_v_01_00\Debug\libFB6Lib_v_01_00.a(adc.o)
 .comment       0x00000000       0x2b C:\Users\girraj\Documents\LPCXpresso_4.1.5_219\workspace\FB6Lib_v_01_00\Debug\libFB6Lib_v_01_00.a(i2c.o)
 .comment       0x00000000       0x2b C:\Users\girraj\Documents\LPCXpresso_4.1.5_219\workspace\FB6Lib_v_01_00\Debug\libFB6Lib_v_01_00.a(lcd.o)
 .comment       0x00000000       0x2b C:\Users\girraj\Documents\LPCXpresso_4.1.5_219\workspace\FB6Lib_v_01_00\Debug\libFB6Lib_v_01_00.a(motorcontroller.o)
 .comment       0x00000000       0x2b C:\Users\girraj\Documents\LPCXpresso_4.1.5_219\workspace\FB6Lib_v_01_00\Debug\libFB6Lib_v_01_00.a(sensorboard.o)
 .comment       0x00000000       0x2b C:\Users\girraj\Documents\LPCXpresso_4.1.5_219\workspace\FB6Lib_v_01_00\Debug\libFB6Lib_v_01_00.a(uart.o)
 .comment       0x00000000       0x2b C:\Users\girraj\Documents\LPCXpresso_4.1.5_219\workspace\FB6Lib_v_01_00\Debug\libFB6Lib_v_01_00.a(Gps.o)
 .comment       0x00000000       0x2b c:/nxp/lpcxpresso_4.1.5_219/lpcxpresso/tools/bin/../lib/gcc/arm-none-eabi/4.5.1/../../../../arm-none-eabi/lib/thumb2\libcr_c.a(__weak__main.o)
 .comment       0x00000000       0x2b c:/nxp/lpcxpresso_4.1.5_219/lpcxpresso/tools/bin/../lib/gcc/arm-none-eabi/4.5.1/../../../../arm-none-eabi/lib/thumb2\libcr_c.a(stdlib.o)
 .comment       0x00000000       0x2b c:/nxp/lpcxpresso_4.1.5_219/lpcxpresso/tools/bin/../lib/gcc/arm-none-eabi/4.5.1/../../../../arm-none-eabi/lib/thumb2\libcr_c.a(strcmp.o)
 .comment       0x00000000       0x2b c:/nxp/lpcxpresso_4.1.5_219/lpcxpresso/tools/bin/../lib/gcc/arm-none-eabi/4.5.1/../../../../arm-none-eabi/lib/thumb2\libcr_c.a(strncpy.o)
 .comment       0x00000000       0x2b c:/nxp/lpcxpresso_4.1.5_219/lpcxpresso/tools/bin/../lib/gcc/arm-none-eabi/4.5.1/../../../../arm-none-eabi/lib/thumb2\libcr_c.a(initio.o)
 .comment       0x00000000       0x2b c:/nxp/lpcxpresso_4.1.5_219/lpcxpresso/tools/bin/../lib/gcc/arm-none-eabi/4.5.1/../../../../arm-none-eabi/lib/thumb2\libcr_c.a(raise.o)
 .comment       0x00000000       0x2b c:/nxp/lpcxpresso_4.1.5_219/lpcxpresso/tools/bin/../lib/gcc/arm-none-eabi/4.5.1/../../../../arm-none-eabi/lib/thumb2\libcr_c.a(setvbuf.o)
 .comment       0x00000000       0x2b c:/nxp/lpcxpresso_4.1.5_219/lpcxpresso/tools/bin/../lib/gcc/arm-none-eabi/4.5.1/../../../../arm-none-eabi/lib/thumb2\libcr_c.a(stdio.o)
 .comment       0x00000000       0x2b c:/nxp/lpcxpresso_4.1.5_219/lpcxpresso/tools/bin/../lib/gcc/arm-none-eabi/4.5.1/../../../../arm-none-eabi/lib/thumb2\libcr_c.a(memset.o)
 .comment       0x00000000       0x2b c:/nxp/lpcxpresso_4.1.5_219/lpcxpresso/tools/bin/../lib/gcc/arm-none-eabi/4.5.1/../../../../arm-none-eabi/lib/thumb2\libcr_c.a(__fillbuf.o)
 .comment       0x00000000       0x2b c:/nxp/lpcxpresso_4.1.5_219/lpcxpresso/tools/bin/../lib/gcc/arm-none-eabi/4.5.1/../../../../arm-none-eabi/lib/thumb2\libcr_c.a(_deferredlazyseek.o)
 .comment       0x00000000       0x2b c:/nxp/lpcxpresso_4.1.5_219/lpcxpresso/tools/bin/../lib/gcc/arm-none-eabi/4.5.1/../../../../arm-none-eabi/lib/thumb2\libcr_c.a(_fdopen.o)
 .comment       0x00000000       0x2b c:/nxp/lpcxpresso_4.1.5_219/lpcxpresso/tools/bin/../lib/gcc/arm-none-eabi/4.5.1/../../../../arm-none-eabi/lib/thumb2\libcr_c.a(_fflush.o)
 .comment       0x00000000       0x2b c:/nxp/lpcxpresso_4.1.5_219/lpcxpresso/tools/bin/../lib/gcc/arm-none-eabi/4.5.1/../../../../arm-none-eabi/lib/thumb2\libcr_c.a(_writebuf.o)
 .comment       0x00000000       0x2b c:/nxp/lpcxpresso_4.1.5_219/lpcxpresso/tools/bin/../lib/gcc/arm-none-eabi/4.5.1/../../../../arm-none-eabi/lib/thumb2\libcr_c.a(alloc.o)
 .comment       0x00000000       0x2b c:/nxp/lpcxpresso_4.1.5_219/lpcxpresso/tools/bin/../lib/gcc/arm-none-eabi/4.5.1/../../../../arm-none-eabi/lib/thumb2\libcr_c.a(fclose.o)
 .comment       0x00000000       0x2b c:/nxp/lpcxpresso_4.1.5_219/lpcxpresso/tools/bin/../lib/gcc/arm-none-eabi/4.5.1/../../../../arm-none-eabi/lib/thumb2\libcr_c.a(fflush.o)
 .comment       0x00000000       0x2b c:/nxp/lpcxpresso_4.1.5_219/lpcxpresso/tools/bin/../lib/gcc/arm-none-eabi/4.5.1/../../../../arm-none-eabi/lib/thumb2\libcr_c.a(fseek.o)
 .comment       0x00000000       0x2b c:/nxp/lpcxpresso_4.1.5_219/lpcxpresso/tools/bin/../lib/gcc/arm-none-eabi/4.5.1/../../../../arm-none-eabi/lib/thumb2\libcr_c.a(ftell.o)
 .comment       0x00000000       0x2b c:/nxp/lpcxpresso_4.1.5_219/lpcxpresso/tools/bin/../lib/gcc/arm-none-eabi/4.5.1/../../../../arm-none-eabi/lib/thumb2\libcr_c.a(remove.o)
 .comment       0x00000000       0x2b c:/nxp/lpcxpresso_4.1.5_219/lpcxpresso/tools/bin/../lib/gcc/arm-none-eabi/4.5.1/../../../../arm-none-eabi/lib/thumb2\libcr_c.a(strlen.o)
 .comment       0x00000000       0x2b c:/nxp/lpcxpresso_4.1.5_219/lpcxpresso/tools/bin/../lib/gcc/arm-none-eabi/4.5.1/../../../../arm-none-eabi/lib/thumb2\libcr_c.a(memcpy.o)
 .comment       0x00000000       0x2b c:/nxp/lpcxpresso_4.1.5_219/lpcxpresso/tools/bin/../lib/gcc/arm-none-eabi/4.5.1/../../../../arm-none-eabi/lib/thumb2\libcr_c.a(__init_alloc.o)
 .comment       0x00000000       0x2b c:/nxp/lpcxpresso_4.1.5_219/lpcxpresso/tools/bin/../lib/gcc/arm-none-eabi/4.5.1/../../../../arm-none-eabi/lib/thumb2\libcr_c.a(_do_fflush.o)
 .comment       0x00000000       0x2b c:/nxp/lpcxpresso_4.1.5_219/lpcxpresso/tools/bin/../lib/gcc/arm-none-eabi/4.5.1/../../../../arm-none-eabi/lib/thumb2\libcr_c.a(errno.o)
 .comment       0x00000000       0x2b c:/nxp/lpcxpresso_4.1.5_219/lpcxpresso/tools/bin/../lib/gcc/arm-none-eabi/4.5.1/thumb2\libcr_eabihelpers.a(double.o)
 .comment       0x00000000       0x2b c:/nxp/lpcxpresso_4.1.5_219/lpcxpresso/tools/bin/../lib/gcc/arm-none-eabi/4.5.1/thumb2\libcr_eabihelpers.a(float.o)

.ARM.attributes
                0x00000000       0x2f
 .ARM.attributes
                0x00000000       0x31 ./src/cr_startup_lpc176x.o
 .ARM.attributes
                0x00000031       0x31 ./src/main.o
 .ARM.attributes
                0x00000062       0x31 C:\Users\girraj\Documents\LPCXpresso_4.1.5_219\workspace\CMSISv2_LPC17xx\Debug\libCMSISv2_LPC17xx.a(system_LPC17xx.o)
 .ARM.attributes
                0x00000093       0x31 C:\Users\girraj\Documents\LPCXpresso_4.1.5_219\workspace\FB6Lib_v_01_00\Debug\libFB6Lib_v_01_00.a(adc.o)
 .ARM.attributes
                0x000000c4       0x31 C:\Users\girraj\Documents\LPCXpresso_4.1.5_219\workspace\FB6Lib_v_01_00\Debug\libFB6Lib_v_01_00.a(i2c.o)
 .ARM.attributes
                0x000000f5       0x31 C:\Users\girraj\Documents\LPCXpresso_4.1.5_219\workspace\FB6Lib_v_01_00\Debug\libFB6Lib_v_01_00.a(lcd.o)
 .ARM.attributes
                0x00000126       0x31 C:\Users\girraj\Documents\LPCXpresso_4.1.5_219\workspace\FB6Lib_v_01_00\Debug\libFB6Lib_v_01_00.a(motorcontroller.o)
 .ARM.attributes
                0x00000157       0x31 C:\Users\girraj\Documents\LPCXpresso_4.1.5_219\workspace\FB6Lib_v_01_00\Debug\libFB6Lib_v_01_00.a(sensorboard.o)
 .ARM.attributes
                0x00000188       0x31 C:\Users\girraj\Documents\LPCXpresso_4.1.5_219\workspace\FB6Lib_v_01_00\Debug\libFB6Lib_v_01_00.a(uart.o)
 .ARM.attributes
                0x000001b9       0x31 C:\Users\girraj\Documents\LPCXpresso_4.1.5_219\workspace\FB6Lib_v_01_00\Debug\libFB6Lib_v_01_00.a(Gps.o)
 .ARM.attributes
                0x000001ea       0x31 c:/nxp/lpcxpresso_4.1.5_219/lpcxpresso/tools/bin/../lib/gcc/arm-none-eabi/4.5.1/../../../../arm-none-eabi/lib/thumb2\libcr_c.a(__weak__main.o)
 .ARM.attributes
                0x0000021b       0x31 c:/nxp/lpcxpresso_4.1.5_219/lpcxpresso/tools/bin/../lib/gcc/arm-none-eabi/4.5.1/../../../../arm-none-eabi/lib/thumb2\libcr_c.a(stdlib.o)
 .ARM.attributes
                0x0000024c       0x31 c:/nxp/lpcxpresso_4.1.5_219/lpcxpresso/tools/bin/../lib/gcc/arm-none-eabi/4.5.1/../../../../arm-none-eabi/lib/thumb2\libcr_c.a(strcmp.o)
 .ARM.attributes
                0x0000027d       0x31 c:/nxp/lpcxpresso_4.1.5_219/lpcxpresso/tools/bin/../lib/gcc/arm-none-eabi/4.5.1/../../../../arm-none-eabi/lib/thumb2\libcr_c.a(strncpy.o)
 .ARM.attributes
                0x000002ae       0x31 c:/nxp/lpcxpresso_4.1.5_219/lpcxpresso/tools/bin/../lib/gcc/arm-none-eabi/4.5.1/../../../../arm-none-eabi/lib/thumb2\libcr_c.a(initio.o)
 .ARM.attributes
                0x000002df       0x31 c:/nxp/lpcxpresso_4.1.5_219/lpcxpresso/tools/bin/../lib/gcc/arm-none-eabi/4.5.1/../../../../arm-none-eabi/lib/thumb2\libcr_c.a(raise.o)
 .ARM.attributes
                0x00000310       0x31 c:/nxp/lpcxpresso_4.1.5_219/lpcxpresso/tools/bin/../lib/gcc/arm-none-eabi/4.5.1/../../../../arm-none-eabi/lib/thumb2\libcr_c.a(setvbuf.o)
 .ARM.attributes
                0x00000341       0x31 c:/nxp/lpcxpresso_4.1.5_219/lpcxpresso/tools/bin/../lib/gcc/arm-none-eabi/4.5.1/../../../../arm-none-eabi/lib/thumb2\libcr_c.a(stdio.o)
 .ARM.attributes
                0x00000372       0x31 c:/nxp/lpcxpresso_4.1.5_219/lpcxpresso/tools/bin/../lib/gcc/arm-none-eabi/4.5.1/../../../../arm-none-eabi/lib/thumb2\libcr_c.a(memset.o)
 .ARM.attributes
                0x000003a3       0x31 c:/nxp/lpcxpresso_4.1.5_219/lpcxpresso/tools/bin/../lib/gcc/arm-none-eabi/4.5.1/../../../../arm-none-eabi/lib/thumb2\libcr_c.a(__fillbuf.o)
 .ARM.attributes
                0x000003d4       0x31 c:/nxp/lpcxpresso_4.1.5_219/lpcxpresso/tools/bin/../lib/gcc/arm-none-eabi/4.5.1/../../../../arm-none-eabi/lib/thumb2\libcr_c.a(_deferredlazyseek.o)
 .ARM.attributes
                0x00000405       0x31 c:/nxp/lpcxpresso_4.1.5_219/lpcxpresso/tools/bin/../lib/gcc/arm-none-eabi/4.5.1/../../../../arm-none-eabi/lib/thumb2\libcr_c.a(_fdopen.o)
 .ARM.attributes
                0x00000436       0x31 c:/nxp/lpcxpresso_4.1.5_219/lpcxpresso/tools/bin/../lib/gcc/arm-none-eabi/4.5.1/../../../../arm-none-eabi/lib/thumb2\libcr_c.a(_fflush.o)
 .ARM.attributes
                0x00000467       0x31 c:/nxp/lpcxpresso_4.1.5_219/lpcxpresso/tools/bin/../lib/gcc/arm-none-eabi/4.5.1/../../../../arm-none-eabi/lib/thumb2\libcr_c.a(_writebuf.o)
 .ARM.attributes
                0x00000498       0x31 c:/nxp/lpcxpresso_4.1.5_219/lpcxpresso/tools/bin/../lib/gcc/arm-none-eabi/4.5.1/../../../../arm-none-eabi/lib/thumb2\libcr_c.a(alloc.o)
 .ARM.attributes
                0x000004c9       0x31 c:/nxp/lpcxpresso_4.1.5_219/lpcxpresso/tools/bin/../lib/gcc/arm-none-eabi/4.5.1/../../../../arm-none-eabi/lib/thumb2\libcr_c.a(fclose.o)
 .ARM.attributes
                0x000004fa       0x31 c:/nxp/lpcxpresso_4.1.5_219/lpcxpresso/tools/bin/../lib/gcc/arm-none-eabi/4.5.1/../../../../arm-none-eabi/lib/thumb2\libcr_c.a(fflush.o)
 .ARM.attributes
                0x0000052b       0x31 c:/nxp/lpcxpresso_4.1.5_219/lpcxpresso/tools/bin/../lib/gcc/arm-none-eabi/4.5.1/../../../../arm-none-eabi/lib/thumb2\libcr_c.a(fseek.o)
 .ARM.attributes
                0x0000055c       0x31 c:/nxp/lpcxpresso_4.1.5_219/lpcxpresso/tools/bin/../lib/gcc/arm-none-eabi/4.5.1/../../../../arm-none-eabi/lib/thumb2\libcr_c.a(ftell.o)
 .ARM.attributes
                0x0000058d       0x31 c:/nxp/lpcxpresso_4.1.5_219/lpcxpresso/tools/bin/../lib/gcc/arm-none-eabi/4.5.1/../../../../arm-none-eabi/lib/thumb2\libcr_c.a(remove.o)
 .ARM.attributes
                0x000005be       0x31 c:/nxp/lpcxpresso_4.1.5_219/lpcxpresso/tools/bin/../lib/gcc/arm-none-eabi/4.5.1/../../../../arm-none-eabi/lib/thumb2\libcr_c.a(strlen.o)
 .ARM.attributes
                0x000005ef       0x31 c:/nxp/lpcxpresso_4.1.5_219/lpcxpresso/tools/bin/../lib/gcc/arm-none-eabi/4.5.1/../../../../arm-none-eabi/lib/thumb2\libcr_c.a(memcpy.o)
 .ARM.attributes
                0x00000620       0x31 c:/nxp/lpcxpresso_4.1.5_219/lpcxpresso/tools/bin/../lib/gcc/arm-none-eabi/4.5.1/../../../../arm-none-eabi/lib/thumb2\libcr_c.a(__init_alloc.o)
 .ARM.attributes
                0x00000651       0x31 c:/nxp/lpcxpresso_4.1.5_219/lpcxpresso/tools/bin/../lib/gcc/arm-none-eabi/4.5.1/../../../../arm-none-eabi/lib/thumb2\libcr_c.a(_do_fflush.o)
 .ARM.attributes
                0x00000682       0x31 c:/nxp/lpcxpresso_4.1.5_219/lpcxpresso/tools/bin/../lib/gcc/arm-none-eabi/4.5.1/../../../../arm-none-eabi/lib/thumb2\libcr_c.a(errno.o)
 .ARM.attributes
                0x000006b3       0x31 c:/nxp/lpcxpresso_4.1.5_219/lpcxpresso/tools/bin/../lib/gcc/arm-none-eabi/4.5.1/thumb2\libcr_eabihelpers.a(double.o)
 .ARM.attributes
                0x000006e4       0x31 c:/nxp/lpcxpresso_4.1.5_219/lpcxpresso/tools/bin/../lib/gcc/arm-none-eabi/4.5.1/thumb2\libcr_eabihelpers.a(float.o)
 .ARM.attributes
                0x00000715       0x21 c:/nxp/lpcxpresso_4.1.5_219/lpcxpresso/tools/bin/../lib/gcc/arm-none-eabi/4.5.1/thumb2\libcr_eabihelpers.a(memcpy.o)

.debug_frame    0x00000000      0xc3c
 .debug_frame   0x00000000       0xf0 ./src/cr_startup_lpc176x.o
 .debug_frame   0x000000f0       0xc0 ./src/main.o
 .debug_frame   0x000001b0       0x44 C:\Users\girraj\Documents\LPCXpresso_4.1.5_219\workspace\CMSISv2_LPC17xx\Debug\libCMSISv2_LPC17xx.a(system_LPC17xx.o)
 .debug_frame   0x000001f4       0x60 C:\Users\girraj\Documents\LPCXpresso_4.1.5_219\workspace\FB6Lib_v_01_00\Debug\libFB6Lib_v_01_00.a(adc.o)
 .debug_frame   0x00000254      0x17c C:\Users\girraj\Documents\LPCXpresso_4.1.5_219\workspace\FB6Lib_v_01_00\Debug\libFB6Lib_v_01_00.a(i2c.o)
 .debug_frame   0x000003d0      0x128 C:\Users\girraj\Documents\LPCXpresso_4.1.5_219\workspace\FB6Lib_v_01_00\Debug\libFB6Lib_v_01_00.a(lcd.o)
 .debug_frame   0x000004f8      0x2fc C:\Users\girraj\Documents\LPCXpresso_4.1.5_219\workspace\FB6Lib_v_01_00\Debug\libFB6Lib_v_01_00.a(motorcontroller.o)
 .debug_frame   0x000007f4      0x1e4 C:\Users\girraj\Documents\LPCXpresso_4.1.5_219\workspace\FB6Lib_v_01_00\Debug\libFB6Lib_v_01_00.a(sensorboard.o)
 .debug_frame   0x000009d8      0x174 C:\Users\girraj\Documents\LPCXpresso_4.1.5_219\workspace\FB6Lib_v_01_00\Debug\libFB6Lib_v_01_00.a(uart.o)
 .debug_frame   0x00000b4c       0xf0 C:\Users\girraj\Documents\LPCXpresso_4.1.5_219\workspace\FB6Lib_v_01_00\Debug\libFB6Lib_v_01_00.a(Gps.o)
