<html>
<body>
<pre>
<h1>µVision Build Log</h1>
<h2>Project:</h2>
C:\Users\sanam\Downloads\FreeRTOSV8.0.0\FreeRTOS\Demo\test_freertos\test_freertos.uvproj
Project File Date:  03/11/2014

<h2>Output:</h2>
Build target 'Target 1'
compiling buzzer.c...
assembling portASM.s...
linking...
Program Size: Code=7452 RO-data=32 RW-data=84 ZI-data=15156  
FromELF: creating hex file...
".\test_freertos.axf" - 0 Error(s), 0 Warning(s).
</pre>
</body>
</html>
file...
".\test_freertos.axf" - 0 Error(s), 0 Warning(s).
cheduler (referred from buzzer.o).
.\test_freertos.axf: Error: L6218E: Undefined symbol xTaskGenericCreate (referred from buzzer.o).
Not enough information to list image symbols.
Finished: 1 information, 0 warning and 4 error messages.
".\test_freertos.axf" - 4 Error(s), 0 Warning(s).
Target not created
