<html>
<body>
<pre>
<h1>µVision Build Log</h1>
<h2>Project:</h2>
D:\erts_lab\TH-1_Proxymorons\FB5 ARM\TemperatureRegulation.uvproj
Project File Date:  03/13/2014

<h2>Output:</h2>
Clean started: Project: 'TemperatureRegulation'
   deleting intermediate output files for target 'Target 1'
Build target 'Target 1'
assembling Startup.s...
compiling TemperatureRegulation.c...
compiling Lcd.c...
linking...
Program Size: Code=6748 RO-data=32 RW-data=28 ZI-data=1292  
User command #1: fromelf --bin .\TemperatureRegulation.axf -o .\TemperatureRegulation.bin
"TemperatureRegulation.axf" - 0 Error(s), 0 Warning(s).
Clean started: Project: 'TemperatureRegulation'
   deleting intermediate output files for target 'Target 1'
